Archive member included to satisfy reference by file (symbol)

/usr/lib/gcc/arm-none-eabi/11.2.0/../../../../arm-none-eabi/lib/thumb/v7-m/nofp/libc_nano.a(lib_a-atexit.o)
                              /usr/lib/gcc/arm-none-eabi/11.2.0/../../../../arm-none-eabi/lib/thumb/v7-m/nofp/crt0.o (atexit)
/usr/lib/gcc/arm-none-eabi/11.2.0/../../../../arm-none-eabi/lib/thumb/v7-m/nofp/libc_nano.a(lib_a-errno.o)
                              ./Core/Src/syscalls.o (__errno)
/usr/lib/gcc/arm-none-eabi/11.2.0/../../../../arm-none-eabi/lib/thumb/v7-m/nofp/libc_nano.a(lib_a-exit.o)
                              /usr/lib/gcc/arm-none-eabi/11.2.0/../../../../arm-none-eabi/lib/thumb/v7-m/nofp/crt0.o (exit)
/usr/lib/gcc/arm-none-eabi/11.2.0/../../../../arm-none-eabi/lib/thumb/v7-m/nofp/libc_nano.a(lib_a-fini.o)
                              /usr/lib/gcc/arm-none-eabi/11.2.0/../../../../arm-none-eabi/lib/thumb/v7-m/nofp/crt0.o (__libc_fini_array)
/usr/lib/gcc/arm-none-eabi/11.2.0/../../../../arm-none-eabi/lib/thumb/v7-m/nofp/libc_nano.a(lib_a-impure.o)
                              /usr/lib/gcc/arm-none-eabi/11.2.0/../../../../arm-none-eabi/lib/thumb/v7-m/nofp/libc_nano.a(lib_a-exit.o) (_global_impure_ptr)
/usr/lib/gcc/arm-none-eabi/11.2.0/../../../../arm-none-eabi/lib/thumb/v7-m/nofp/libc_nano.a(lib_a-init.o)
                              /usr/lib/gcc/arm-none-eabi/11.2.0/../../../../arm-none-eabi/lib/thumb/v7-m/nofp/crt0.o (__libc_init_array)
/usr/lib/gcc/arm-none-eabi/11.2.0/../../../../arm-none-eabi/lib/thumb/v7-m/nofp/libc_nano.a(lib_a-memcmp.o)
                              ./Core/Src/PR_eeprom.o (memcmp)
/usr/lib/gcc/arm-none-eabi/11.2.0/../../../../arm-none-eabi/lib/thumb/v7-m/nofp/libc_nano.a(lib_a-memset.o)
                              /usr/lib/gcc/arm-none-eabi/11.2.0/../../../../arm-none-eabi/lib/thumb/v7-m/nofp/crt0.o (memset)
/usr/lib/gcc/arm-none-eabi/11.2.0/../../../../arm-none-eabi/lib/thumb/v7-m/nofp/libc_nano.a(lib_a-strlen.o)
                              ./Core/Src/PR_serial.o (strlen)
/usr/lib/gcc/arm-none-eabi/11.2.0/../../../../arm-none-eabi/lib/thumb/v7-m/nofp/libc_nano.a(lib_a-__atexit.o)
                              /usr/lib/gcc/arm-none-eabi/11.2.0/../../../../arm-none-eabi/lib/thumb/v7-m/nofp/libc_nano.a(lib_a-atexit.o) (__register_exitproc)
/usr/lib/gcc/arm-none-eabi/11.2.0/../../../../arm-none-eabi/lib/thumb/v7-m/nofp/libc_nano.a(lib_a-__call_atexit.o)
                              /usr/lib/gcc/arm-none-eabi/11.2.0/../../../../arm-none-eabi/lib/thumb/v7-m/nofp/libc_nano.a(lib_a-__atexit.o) (__call_exitprocs)
/usr/lib/gcc/arm-none-eabi/11.2.0/../../../../arm-none-eabi/lib/thumb/v7-m/nofp/libc_nano.a(lib_a-lock.o)
                              /usr/lib/gcc/arm-none-eabi/11.2.0/../../../../arm-none-eabi/lib/thumb/v7-m/nofp/libc_nano.a(lib_a-__atexit.o) (__retarget_lock_acquire_recursive)

Discarded input sections

 .text          0x0000000000000000        0x0 /usr/lib/gcc/arm-none-eabi/11.2.0/thumb/v7-m/nofp/crti.o
 .data          0x0000000000000000        0x0 /usr/lib/gcc/arm-none-eabi/11.2.0/thumb/v7-m/nofp/crti.o
 .bss           0x0000000000000000        0x0 /usr/lib/gcc/arm-none-eabi/11.2.0/thumb/v7-m/nofp/crti.o
 .text          0x0000000000000000        0x0 /usr/lib/gcc/arm-none-eabi/11.2.0/thumb/v7-m/nofp/crtbegin.o
 .data          0x0000000000000000        0x0 /usr/lib/gcc/arm-none-eabi/11.2.0/thumb/v7-m/nofp/crtbegin.o
 .bss           0x0000000000000000        0x0 /usr/lib/gcc/arm-none-eabi/11.2.0/thumb/v7-m/nofp/crtbegin.o
 .rodata.all_implied_fbits
                0x0000000000000000       0x24 /usr/lib/gcc/arm-none-eabi/11.2.0/thumb/v7-m/nofp/crtbegin.o
 .data.__dso_handle
                0x0000000000000000        0x4 /usr/lib/gcc/arm-none-eabi/11.2.0/thumb/v7-m/nofp/crtbegin.o
 .text          0x0000000000000000       0x70 /usr/lib/gcc/arm-none-eabi/11.2.0/../../../../arm-none-eabi/lib/thumb/v7-m/nofp/crt0.o
 .data          0x0000000000000000        0x0 /usr/lib/gcc/arm-none-eabi/11.2.0/../../../../arm-none-eabi/lib/thumb/v7-m/nofp/crt0.o
 .bss           0x0000000000000000        0x0 /usr/lib/gcc/arm-none-eabi/11.2.0/../../../../arm-none-eabi/lib/thumb/v7-m/nofp/crt0.o
 .ARM.extab     0x0000000000000000        0x0 /usr/lib/gcc/arm-none-eabi/11.2.0/../../../../arm-none-eabi/lib/thumb/v7-m/nofp/crt0.o
 .ARM.exidx     0x0000000000000000       0x10 /usr/lib/gcc/arm-none-eabi/11.2.0/../../../../arm-none-eabi/lib/thumb/v7-m/nofp/crt0.o
 .ARM.attributes
                0x0000000000000000       0x1b /usr/lib/gcc/arm-none-eabi/11.2.0/../../../../arm-none-eabi/lib/thumb/v7-m/nofp/crt0.o
 .text          0x0000000000000000        0x0 ./Core/Src/AP_application.o
 .data          0x0000000000000000        0x0 ./Core/Src/AP_application.o
 .bss           0x0000000000000000        0x0 ./Core/Src/AP_application.o
 .text.sendCommandWithData
                0x0000000000000000       0x16 ./Core/Src/AP_application.o
 .text.sendOK   0x0000000000000000        0x6 ./Core/Src/AP_application.o
[...]
Memory Configuration

Name             Origin             Length             Attributes
RAM              0x0000000020000000 0x0000000000005000 xrw
FLASH            0x0000000008000000 0x0000000000010000 xr
*default*        0x0000000000000000 0xffffffffffffffff

Linker script and memory map

LOAD /usr/lib/gcc/arm-none-eabi/11.2.0/thumb/v7-m/nofp/crti.o
LOAD /usr/lib/gcc/arm-none-eabi/11.2.0/thumb/v7-m/nofp/crtbegin.o
LOAD /usr/lib/gcc/arm-none-eabi/11.2.0/../../../../arm-none-eabi/lib/thumb/v7-m/nofp/crt0.o
LOAD ./Core/Src/AP_application.o
LOAD ./Core/Src/DR_eeprom.o
LOAD ./Core/Src/PR_eeprom.o
LOAD ./Core/Src/PR_serial.o
LOAD ./Core/Src/main.o
LOAD ./Core/Src/stm32f1xx_hal_msp.o
LOAD ./Core/Src/stm32f1xx_it.o
LOAD ./Core/Src/syscalls.o
LOAD ./Core/Src/sysmem.o
LOAD ./Core/Src/system_stm32f1xx.o
LOAD ./Core/Startup/startup_stm32f103c8tx.o
LOAD ./Drivers/STM32F1xx_HAL_Driver/Src/stm32f1xx_hal.o
LOAD ./Drivers/STM32F1xx_HAL_Driver/Src/stm32f1xx_hal_cortex.o
LOAD ./Drivers/STM32F1xx_HAL_Driver/Src/stm32f1xx_hal_dma.o
LOAD ./Drivers/STM32F1xx_HAL_Driver/Src/stm32f1xx_hal_exti.o
LOAD ./Drivers/STM32F1xx_HAL_Driver/Src/stm32f1xx_hal_flash.o
LOAD ./Drivers/STM32F1xx_HAL_Driver/Src/stm32f1xx_hal_flash_ex.o
LOAD ./Drivers/STM32F1xx_HAL_Driver/Src/stm32f1xx_hal_gpio.o
LOAD ./Drivers/STM32F1xx_HAL_Driver/Src/stm32f1xx_hal_gpio_ex.o
LOAD ./Drivers/STM32F1xx_HAL_Driver/Src/stm32f1xx_hal_i2c.o
LOAD ./Drivers/STM32F1xx_HAL_Driver/Src/stm32f1xx_hal_pcd.o
LOAD ./Drivers/STM32F1xx_HAL_Driver/Src/stm32f1xx_hal_pcd_ex.o
LOAD ./Drivers/STM32F1xx_HAL_Driver/Src/stm32f1xx_hal_pwr.o
LOAD ./Drivers/STM32F1xx_HAL_Driver/Src/stm32f1xx_hal_rcc.o
LOAD ./Drivers/STM32F1xx_HAL_Driver/Src/stm32f1xx_hal_rcc_ex.o
LOAD ./Drivers/STM32F1xx_HAL_Driver/Src/stm32f1xx_hal_tim.o
LOAD ./Drivers/STM32F1xx_HAL_Driver/Src/stm32f1xx_hal_tim_ex.o
LOAD ./Drivers/STM32F1xx_HAL_Driver/Src/stm32f1xx_ll_usb.o
LOAD ./Middlewares/ST/STM32_USB_Device_Library/Class/CDC/Src/usbd_cdc.o
LOAD ./Middlewares/ST/STM32_USB_Device_Library/Core/Src/usbd_core.o
LOAD ./Middlewares/ST/STM32_USB_Device_Library/Core/Src/usbd_ctlreq.o
LOAD ./Middlewares/ST/STM32_USB_Device_Library/Core/Src/usbd_ioreq.o
LOAD ./USB_DEVICE/App/usb_device.o
LOAD ./USB_DEVICE/App/usbd_cdc_if.o
LOAD ./USB_DEVICE/App/usbd_desc.o
LOAD ./USB_DEVICE/Target/usbd_conf.o
START GROUP
LOAD /usr/lib/gcc/arm-none-eabi/11.2.0/../../../../arm-none-eabi/lib/thumb/v7-m/nofp/libc_nano.a
LOAD /usr/lib/gcc/arm-none-eabi/11.2.0/../../../../arm-none-eabi/lib/thumb/v7-m/nofp/libm.a
END GROUP
START GROUP
LOAD /usr/lib/gcc/arm-none-eabi/11.2.0/thumb/v7-m/nofp/libgcc.a
LOAD /usr/lib/gcc/arm-none-eabi/11.2.0/../../../../arm-none-eabi/lib/thumb/v7-m/nofp/libc_nano.a
END GROUP
START GROUP
LOAD /usr/lib/gcc/arm-none-eabi/11.2.0/thumb/v7-m/nofp/libgcc.a
LOAD /usr/lib/gcc/arm-none-eabi/11.2.0/../../../../arm-none-eabi/lib/thumb/v7-m/nofp/libc_nano.a
END GROUP
LOAD /usr/lib/gcc/arm-none-eabi/11.2.0/thumb/v7-m/nofp/crtend.o
LOAD /usr/lib/gcc/arm-none-eabi/11.2.0/thumb/v7-m/nofp/crtn.o
                0x0000000020005000                _estack = (ORIGIN (RAM) + LENGTH (RAM))
                0x0000000000000200                _Min_Heap_Size = 0x200
                0x0000000000000400                _Min_Stack_Size = 0x400

.isr_vector     0x0000000008000000      0x10c
                0x0000000008000000                . = ALIGN (0x4)
 *(.isr_vector)
 .isr_vector    0x0000000008000000      0x10c ./Core/Startup/startup_stm32f103c8tx.o
                0x0000000008000000                g_pfnVectors
                0x000000000800010c                . = ALIGN (0x4)

.text           0x000000000800010c     0x447c
                0x000000000800010c                . = ALIGN (0x4)
 *(.text)
 *(.text*)
 .text.__do_global_dtors_aux
                0x000000000800010c       0x24 /usr/lib/gcc/arm-none-eabi/11.2.0/thumb/v7-m/nofp/crtbegin.o
 .text.frame_dummy
                0x0000000008000130       0x1c /usr/lib/gcc/arm-none-eabi/11.2.0/thumb/v7-m/nofp/crtbegin.o
 .text.sendPackage
                0x000000000800014c       0x54 ./Core/Src/AP_application.o
                0x000000000800014c                sendPackage
 .text.sendCommand
                0x00000000080001a0        0x8 ./Core/Src/AP_application.o
                0x00000000080001a0                sendCommand
 .text.sendErr  0x00000000080001a8       0x18 ./Core/Src/AP_application.o
                0x00000000080001a8                sendErr
 .text.sendNext.constprop.0.isra.0
                0x00000000080001c0       0x40 ./Core/Src/AP_application.o
 .text.receivePackage
                0x0000000008000200       0x8c ./Core/Src/AP_application.o
                0x0000000008000200                receivePackage
 .text.uart_fsm
                0x000000000800028c      0x2bc ./Core/Src/AP_application.o
                0x000000000800028c                uart_fsm
 .text.getDevAddress
                0x0000000008000548       0x28 ./Core/Src/DR_eeprom.o
 .text.write_aux
                0x0000000008000570       0x70 ./Core/Src/DR_eeprom.o
 .text.read_aux
                0x00000000080005e0       0x60 ./Core/Src/DR_eeprom.o
 .text.EEPROM_writeReg
                0x0000000008000640       0x16 ./Core/Src/DR_eeprom.o
                0x0000000008000640                EEPROM_writeReg
 *fill*         0x0000000008000656        0x2 
 .text.EEPROM_writePage
                0x0000000008000658       0x10 ./Core/Src/DR_eeprom.o
                0x0000000008000658                EEPROM_writePage
 .text.EEPROM_write
                0x0000000008000668       0x3c ./Core/Src/DR_eeprom.o
                0x0000000008000668                EEPROM_write
 .text.EEPROM_read
                0x00000000080006a4       0x38 ./Core/Src/DR_eeprom.o
                0x00000000080006a4                EEPROM_read
 .text.EEPROM_InitMemory
                0x00000000080006dc       0x5c ./Core/Src/DR_eeprom.o
                0x00000000080006dc                EEPROM_InitMemory
 .text.readMemoryBlock
                0x0000000008000738       0x14 ./Core/Src/PR_eeprom.o
                0x0000000008000738                readMemoryBlock
 .text.saveMemoryBlock
                0x000000000800074c       0x4c ./Core/Src/PR_eeprom.o
                0x000000000800074c                saveMemoryBlock
 .text.serial_write
                0x0000000008000798       0x2a ./Core/Src/PR_serial.o
                0x0000000008000798                serial_write
 .text.serial_writebyte
                0x00000000080007c2       0x16 ./Core/Src/PR_serial.o
                0x00000000080007c2                serial_writebyte
 .text.serial_available
                0x00000000080007d8        0xe ./Core/Src/PR_serial.o
                0x00000000080007d8                serial_available
 .text.serial_read
                0x00000000080007e6       0x52 ./Core/Src/PR_serial.o
                0x00000000080007e6                serial_read
 .text.SystemClock_Config
                0x0000000008000838       0x7c ./Core/Src/main.o
                0x0000000008000838                SystemClock_Config
 .text.startup.main
                0x00000000080008b4       0xc4 ./Core/Src/main.o
                0x00000000080008b4                main
 .text.Error_Handler
                0x0000000008000978        0x4 ./Core/Src/main.o
                0x0000000008000978                Error_Handler
 .text.HAL_MspInit
                0x000000000800097c       0x44 ./Core/Src/stm32f1xx_hal_msp.o
                0x000000000800097c                HAL_MspInit
 .text.HAL_I2C_MspInit
                0x00000000080009c0       0x64 ./Core/Src/stm32f1xx_hal_msp.o
                0x00000000080009c0                HAL_I2C_MspInit
 .text.NMI_Handler
                0x0000000008000a24        0x2 ./Core/Src/stm32f1xx_it.o
                0x0000000008000a24                NMI_Handler
 .text.HardFault_Handler
                0x0000000008000a26        0x2 ./Core/Src/stm32f1xx_it.o
                0x0000000008000a26                HardFault_Handler
 .text.MemManage_Handler
                0x0000000008000a28        0x2 ./Core/Src/stm32f1xx_it.o
                0x0000000008000a28                MemManage_Handler
 .text.BusFault_Handler
                0x0000000008000a2a        0x2 ./Core/Src/stm32f1xx_it.o
                0x0000000008000a2a                BusFault_Handler
 .text.UsageFault_Handler
                0x0000000008000a2c        0x2 ./Core/Src/stm32f1xx_it.o
                0x0000000008000a2c                UsageFault_Handler
 .text.SVC_Handler
                0x0000000008000a2e        0x2 ./Core/Src/stm32f1xx_it.o
                0x0000000008000a2e                SVC_Handler
 .text.DebugMon_Handler
                0x0000000008000a30        0x2 ./Core/Src/stm32f1xx_it.o
                0x0000000008000a30                DebugMon_Handler
 .text.PendSV_Handler
                0x0000000008000a32        0x2 ./Core/Src/stm32f1xx_it.o
                0x0000000008000a32                PendSV_Handler
 .text.SysTick_Handler
                0x0000000008000a34        0x4 ./Core/Src/stm32f1xx_it.o
                0x0000000008000a34                SysTick_Handler
 .text.USB_HP_CAN1_TX_IRQHandler
                0x0000000008000a38        0xc ./Core/Src/stm32f1xx_it.o
                0x0000000008000a38                USB_HP_CAN1_TX_IRQHandler
 .text.USB_LP_CAN1_RX0_IRQHandler
                0x0000000008000a44        0x4 ./Core/Src/stm32f1xx_it.o
                0x0000000008000a44                USB_LP_CAN1_RX0_IRQHandler
 .text.SystemInit
                0x0000000008000a48        0x2 ./Core/Src/system_stm32f1xx.o
                0x0000000008000a48                SystemInit
 *fill*         0x0000000008000a4a        0x2 
 .text.Reset_Handler
                0x0000000008000a4c       0x48 ./Core/Startup/startup_stm32f103c8tx.o
                0x0000000008000a4c                Reset_Handler
 .text.Default_Handler
                0x0000000008000a94        0x2 ./Core/Startup/startup_stm32f103c8tx.o
                0x0000000008000a94                RTC_Alarm_IRQHandler
                0x0000000008000a94                EXTI2_IRQHandler
                0x0000000008000a94                TIM1_CC_IRQHandler
                0x0000000008000a94                PVD_IRQHandler
                0x0000000008000a94                EXTI3_IRQHandler
                0x0000000008000a94                EXTI0_IRQHandler
                0x0000000008000a94                I2C2_EV_IRQHandler
                0x0000000008000a94                ADC1_2_IRQHandler
                0x0000000008000a94                SPI1_IRQHandler
                0x0000000008000a94                TAMPER_IRQHandler
                0x0000000008000a94                DMA1_Channel4_IRQHandler
                0x0000000008000a94                USART3_IRQHandler
                0x0000000008000a94                RTC_IRQHandler
                0x0000000008000a94                DMA1_Channel7_IRQHandler
                0x0000000008000a94                CAN1_RX1_IRQHandler
                0x0000000008000a94                TIM4_IRQHandler
                0x0000000008000a94                I2C1_EV_IRQHandler
                0x0000000008000a94                DMA1_Channel6_IRQHandler
                0x0000000008000a94                TIM3_IRQHandler
                0x0000000008000a94                RCC_IRQHandler
                0x0000000008000a94                TIM1_TRG_COM_IRQHandler
                0x0000000008000a94                DMA1_Channel1_IRQHandler
                0x0000000008000a94                Default_Handler
                0x0000000008000a94                EXTI15_10_IRQHandler
                0x0000000008000a94                EXTI9_5_IRQHandler
                0x0000000008000a94                SPI2_IRQHandler
                0x0000000008000a94                DMA1_Channel5_IRQHandler
                0x0000000008000a94                EXTI4_IRQHandler
                0x0000000008000a94                DMA1_Channel3_IRQHandler
                0x0000000008000a94                TIM1_UP_IRQHandler
                0x0000000008000a94                WWDG_IRQHandler
                0x0000000008000a94                TIM2_IRQHandler
                0x0000000008000a94                TIM1_BRK_IRQHandler
                0x0000000008000a94                EXTI1_IRQHandler
                0x0000000008000a94                USART2_IRQHandler
                0x0000000008000a94                I2C2_ER_IRQHandler
                0x0000000008000a94                DMA1_Channel2_IRQHandler
                0x0000000008000a94                CAN1_SCE_IRQHandler
                0x0000000008000a94                FLASH_IRQHandler
                0x0000000008000a94                USART1_IRQHandler
                0x0000000008000a94                I2C1_ER_IRQHandler
                0x0000000008000a94                USBWakeUp_IRQHandler
 *fill*         0x0000000008000a96        0x2 
 .text.HAL_InitTick
                0x0000000008000a98       0x48 ./Drivers/STM32F1xx_HAL_Driver/Src/stm32f1xx_hal.o
                0x0000000008000a98                HAL_InitTick
 .text.HAL_Init
                0x0000000008000ae0       0x24 ./Drivers/STM32F1xx_HAL_Driver/Src/stm32f1xx_hal.o
                0x0000000008000ae0                HAL_Init
 .text.HAL_IncTick
                0x0000000008000b04       0x18 ./Drivers/STM32F1xx_HAL_Driver/Src/stm32f1xx_hal.o
                0x0000000008000b04                HAL_IncTick
 .text.HAL_GetTick
                0x0000000008000b1c        0xc ./Drivers/STM32F1xx_HAL_Driver/Src/stm32f1xx_hal.o
                0x0000000008000b1c                HAL_GetTick
 .text.HAL_Delay
                0x0000000008000b28       0x24 ./Drivers/STM32F1xx_HAL_Driver/Src/stm32f1xx_hal.o
                0x0000000008000b28                HAL_Delay
 .text.HAL_NVIC_SetPriorityGrouping
                0x0000000008000b4c       0x24 ./Drivers/STM32F1xx_HAL_Driver/Src/stm32f1xx_hal_cortex.o
                0x0000000008000b4c                HAL_NVIC_SetPriorityGrouping
 .text.HAL_NVIC_SetPriority
                0x0000000008000b70       0x60 ./Drivers/STM32F1xx_HAL_Driver/Src/stm32f1xx_hal_cortex.o
                0x0000000008000b70                HAL_NVIC_SetPriority
 .text.HAL_NVIC_EnableIRQ
                0x0000000008000bd0       0x1c ./Drivers/STM32F1xx_HAL_Driver/Src/stm32f1xx_hal_cortex.o
                0x0000000008000bd0                HAL_NVIC_EnableIRQ
 .text.HAL_SYSTICK_Config
                0x0000000008000bec       0x28 ./Drivers/STM32F1xx_HAL_Driver/Src/stm32f1xx_hal_cortex.o
                0x0000000008000bec                HAL_SYSTICK_Config
 .text.HAL_GPIO_Init
                0x0000000008000c14      0x1b4 ./Drivers/STM32F1xx_HAL_Driver/Src/stm32f1xx_hal_gpio.o
                0x0000000008000c14                HAL_GPIO_Init
 .text.HAL_GPIO_WritePin
                0x0000000008000dc8        0xa ./Drivers/STM32F1xx_HAL_Driver/Src/stm32f1xx_hal_gpio.o
                0x0000000008000dc8                HAL_GPIO_WritePin
 .text.I2C_IsAcknowledgeFailed
                0x0000000008000dd2       0x32 ./Drivers/STM32F1xx_HAL_Driver/Src/stm32f1xx_hal_i2c.o
 .text.I2C_WaitOnFlagUntilTimeout
                0x0000000008000e04       0x64 ./Drivers/STM32F1xx_HAL_Driver/Src/stm32f1xx_hal_i2c.o
 .text.I2C_WaitOnMasterAddressFlagUntilTimeout
                0x0000000008000e68       0x76 ./Drivers/STM32F1xx_HAL_Driver/Src/stm32f1xx_hal_i2c.o
 .text.I2C_WaitOnRXNEFlagUntilTimeout
                0x0000000008000ede       0x5e ./Drivers/STM32F1xx_HAL_Driver/Src/stm32f1xx_hal_i2c.o
 .text.I2C_WaitOnTXEFlagUntilTimeout
                0x0000000008000f3c       0x4c ./Drivers/STM32F1xx_HAL_Driver/Src/stm32f1xx_hal_i2c.o
 .text.I2C_RequestMemoryWrite
                0x0000000008000f88       0xb0 ./Drivers/STM32F1xx_HAL_Driver/Src/stm32f1xx_hal_i2c.o
 .text.I2C_RequestMemoryRead
                0x0000000008001038      0x104 ./Drivers/STM32F1xx_HAL_Driver/Src/stm32f1xx_hal_i2c.o
 .text.I2C_WaitOnBTFFlagUntilTimeout
                0x000000000800113c       0x4c ./Drivers/STM32F1xx_HAL_Driver/Src/stm32f1xx_hal_i2c.o
 .text.HAL_I2C_Init
                0x0000000008001188      0x150 ./Drivers/STM32F1xx_HAL_Driver/Src/stm32f1xx_hal_i2c.o
                0x0000000008001188                HAL_I2C_Init
 .text.HAL_I2C_Mem_Write
                0x00000000080012d8      0x120 ./Drivers/STM32F1xx_HAL_Driver/Src/stm32f1xx_hal_i2c.o
                0x00000000080012d8                HAL_I2C_Mem_Write
 .text.HAL_I2C_Mem_Read
                0x00000000080013f8      0x27c ./Drivers/STM32F1xx_HAL_Driver/Src/stm32f1xx_hal_i2c.o
                0x00000000080013f8                HAL_I2C_Mem_Read
 .text.HAL_I2C_IsDeviceReady
                0x0000000008001674      0x164 ./Drivers/STM32F1xx_HAL_Driver/Src/stm32f1xx_hal_i2c.o
                0x0000000008001674                HAL_I2C_IsDeviceReady
 .text.HAL_PCD_Init
                0x00000000080017d8       0xf2 ./Drivers/STM32F1xx_HAL_Driver/Src/stm32f1xx_hal_pcd.o
                0x00000000080017d8                HAL_PCD_Init
 .text.HAL_PCD_Start
                0x00000000080018ca       0x32 ./Drivers/STM32F1xx_HAL_Driver/Src/stm32f1xx_hal_pcd.o
                0x00000000080018ca                HAL_PCD_Start
 .text.HAL_PCD_SetAddress
                0x00000000080018fc       0x28 ./Drivers/STM32F1xx_HAL_Driver/Src/stm32f1xx_hal_pcd.o
                0x00000000080018fc                HAL_PCD_SetAddress
 .text.HAL_PCD_IRQHandler
                0x0000000008001924      0x96c ./Drivers/STM32F1xx_HAL_Driver/Src/stm32f1xx_hal_pcd.o
                0x0000000008001924                HAL_PCD_IRQHandler
 .text.HAL_PCD_EP_Open
                0x0000000008002290       0x64 ./Drivers/STM32F1xx_HAL_Driver/Src/stm32f1xx_hal_pcd.o
                0x0000000008002290                HAL_PCD_EP_Open
 .text.HAL_PCD_EP_Close
                0x00000000080022f4       0x52 ./Drivers/STM32F1xx_HAL_Driver/Src/stm32f1xx_hal_pcd.o
                0x00000000080022f4                HAL_PCD_EP_Close
 .text.HAL_PCD_EP_Receive
                0x0000000008002346       0x2e ./Drivers/STM32F1xx_HAL_Driver/Src/stm32f1xx_hal_pcd.o
                0x0000000008002346                HAL_PCD_EP_Receive
 .text.HAL_PCD_EP_GetRxCount
                0x0000000008002374       0x10 ./Drivers/STM32F1xx_HAL_Driver/Src/stm32f1xx_hal_pcd.o
                0x0000000008002374                HAL_PCD_EP_GetRxCount
 .text.HAL_PCD_EP_Transmit
                0x0000000008002384       0x34 ./Drivers/STM32F1xx_HAL_Driver/Src/stm32f1xx_hal_pcd.o
                0x0000000008002384                HAL_PCD_EP_Transmit
 .text.HAL_PCD_EP_SetStall
                0x00000000080023b8       0x68 ./Drivers/STM32F1xx_HAL_Driver/Src/stm32f1xx_hal_pcd.o
                0x00000000080023b8                HAL_PCD_EP_SetStall
 .text.HAL_PCD_EP_ClrStall
                0x0000000008002420       0x64 ./Drivers/STM32F1xx_HAL_Driver/Src/stm32f1xx_hal_pcd.o
                0x0000000008002420                HAL_PCD_EP_ClrStall
 .text.HAL_PCDEx_PMAConfig
                0x0000000008002484       0x32 ./Drivers/STM32F1xx_HAL_Driver/Src/stm32f1xx_hal_pcd_ex.o
                0x0000000008002484                HAL_PCDEx_PMAConfig
 *fill*         0x00000000080024b6        0x2 
 .text.HAL_RCC_OscConfig
                0x00000000080024b8      0x338 ./Drivers/STM32F1xx_HAL_Driver/Src/stm32f1xx_hal_rcc.o
                0x00000000080024b8                HAL_RCC_OscConfig
 .text.HAL_RCC_GetSysClockFreq
                0x00000000080027f0       0x74 ./Drivers/STM32F1xx_HAL_Driver/Src/stm32f1xx_hal_rcc.o
                0x00000000080027f0                HAL_RCC_GetSysClockFreq
 .text.HAL_RCC_ClockConfig
                0x0000000008002864      0x138 ./Drivers/STM32F1xx_HAL_Driver/Src/stm32f1xx_hal_rcc.o
                0x0000000008002864                HAL_RCC_ClockConfig
 .text.HAL_RCC_GetPCLK1Freq
                0x000000000800299c       0x20 ./Drivers/STM32F1xx_HAL_Driver/Src/stm32f1xx_hal_rcc.o
                0x000000000800299c                HAL_RCC_GetPCLK1Freq
 .text.HAL_RCCEx_PeriphCLKConfig
                0x00000000080029bc       0xf4 ./Drivers/STM32F1xx_HAL_Driver/Src/stm32f1xx_hal_rcc_ex.o
                0x00000000080029bc                HAL_RCCEx_PeriphCLKConfig
 .text.USB_CoreInit
                0x0000000008002ab0        0xe ./Drivers/STM32F1xx_HAL_Driver/Src/stm32f1xx_ll_usb.o
                0x0000000008002ab0                USB_CoreInit
 .text.USB_EnableGlobalInt
                0x0000000008002abe       0x12 ./Drivers/STM32F1xx_HAL_Driver/Src/stm32f1xx_ll_usb.o
                0x0000000008002abe                USB_EnableGlobalInt
 .text.USB_DisableGlobalInt
                0x0000000008002ad0       0x14 ./Drivers/STM32F1xx_HAL_Driver/Src/stm32f1xx_ll_usb.o
                0x0000000008002ad0                USB_DisableGlobalInt
 .text.USB_SetCurrentMode
                0x0000000008002ae4        0x4 ./Drivers/STM32F1xx_HAL_Driver/Src/stm32f1xx_ll_usb.o
                0x0000000008002ae4                USB_SetCurrentMode
 .text.USB_DevInit
                0x0000000008002ae8       0x28 ./Drivers/STM32F1xx_HAL_Driver/Src/stm32f1xx_ll_usb.o
                0x0000000008002ae8                USB_DevInit
 .text.USB_ActivateEndpoint
                0x0000000008002b10      0x288 ./Drivers/STM32F1xx_HAL_Driver/Src/stm32f1xx_ll_usb.o
                0x0000000008002b10                USB_ActivateEndpoint
 .text.USB_DeactivateEndpoint
                0x0000000008002d98      0x1a6 ./Drivers/STM32F1xx_HAL_Driver/Src/stm32f1xx_ll_usb.o
                0x0000000008002d98                USB_DeactivateEndpoint
 .text.USB_EPSetStall
                0x0000000008002f3e       0x40 ./Drivers/STM32F1xx_HAL_Driver/Src/stm32f1xx_ll_usb.o
                0x0000000008002f3e                USB_EPSetStall
 .text.USB_EPClearStall
                0x0000000008002f7e       0x92 ./Drivers/STM32F1xx_HAL_Driver/Src/stm32f1xx_ll_usb.o
                0x0000000008002f7e                USB_EPClearStall
 .text.USB_SetDevAddress
                0x0000000008003010        0xc ./Drivers/STM32F1xx_HAL_Driver/Src/stm32f1xx_ll_usb.o
                0x0000000008003010                USB_SetDevAddress
 .text.USB_DevConnect
                0x000000000800301c        0x4 ./Drivers/STM32F1xx_HAL_Driver/Src/stm32f1xx_ll_usb.o
                0x000000000800301c                USB_DevConnect
 .text.USB_DevDisconnect
                0x0000000008003020        0x4 ./Drivers/STM32F1xx_HAL_Driver/Src/stm32f1xx_ll_usb.o
                0x0000000008003020                USB_DevDisconnect
 .text.USB_ReadInterrupts
                0x0000000008003024        0x8 ./Drivers/STM32F1xx_HAL_Driver/Src/stm32f1xx_ll_usb.o
                0x0000000008003024                USB_ReadInterrupts
 .text.USB_EP0_OutStart
                0x000000000800302c        0x4 ./Drivers/STM32F1xx_HAL_Driver/Src/stm32f1xx_ll_usb.o
                0x000000000800302c                USB_EP0_OutStart
 .text.USB_WritePMA
                0x0000000008003030       0x20 ./Drivers/STM32F1xx_HAL_Driver/Src/stm32f1xx_ll_usb.o
                0x0000000008003030                USB_WritePMA
 .text.USB_EPStartXfer
                0x0000000008003050      0x508 ./Drivers/STM32F1xx_HAL_Driver/Src/stm32f1xx_ll_usb.o
                0x0000000008003050                USB_EPStartXfer
 .text.USB_ReadPMA
                0x0000000008003558       0x38 ./Drivers/STM32F1xx_HAL_Driver/Src/stm32f1xx_ll_usb.o
                0x0000000008003558                USB_ReadPMA
 .text.USBD_CDC_EP0_RxReady
                0x0000000008003590       0x28 ./Middlewares/ST/STM32_USB_Device_Library/Class/CDC/Src/usbd_cdc.o
 .text.USBD_CDC_GetFSCfgDesc
                0x00000000080035b8        0xc ./Middlewares/ST/STM32_USB_Device_Library/Class/CDC/Src/usbd_cdc.o
 .text.USBD_CDC_GetHSCfgDesc
                0x00000000080035c4        0xc ./Middlewares/ST/STM32_USB_Device_Library/Class/CDC/Src/usbd_cdc.o
 .text.USBD_CDC_GetOtherSpeedCfgDesc
                0x00000000080035d0        0xc ./Middlewares/ST/STM32_USB_Device_Library/Class/CDC/Src/usbd_cdc.o
 .text.USBD_CDC_GetDeviceQualifierDescriptor
                0x00000000080035dc        0xc ./Middlewares/ST/STM32_USB_Device_Library/Class/CDC/Src/usbd_cdc.o
                0x00000000080035dc                USBD_CDC_GetDeviceQualifierDescriptor
 .text.USBD_CDC_DataOut
                0x00000000080035e8       0x2e ./Middlewares/ST/STM32_USB_Device_Library/Class/CDC/Src/usbd_cdc.o
 .text.USBD_CDC_DataIn
                0x0000000008003616       0x42 ./Middlewares/ST/STM32_USB_Device_Library/Class/CDC/Src/usbd_cdc.o
 .text.USBD_CDC_Setup
                0x0000000008003658       0xb6 ./Middlewares/ST/STM32_USB_Device_Library/Class/CDC/Src/usbd_cdc.o
 .text.USBD_CDC_DeInit
                0x000000000800370e       0x42 ./Middlewares/ST/STM32_USB_Device_Library/Class/CDC/Src/usbd_cdc.o
 .text.USBD_CDC_Init
                0x0000000008003750       0xa0 ./Middlewares/ST/STM32_USB_Device_Library/Class/CDC/Src/usbd_cdc.o
 .text.USBD_CDC_RegisterInterface
                0x00000000080037f0        0xe ./Middlewares/ST/STM32_USB_Device_Library/Class/CDC/Src/usbd_cdc.o
                0x00000000080037f0                USBD_CDC_RegisterInterface
 .text.USBD_CDC_SetTxBuffer
                0x00000000080037fe       0x10 ./Middlewares/ST/STM32_USB_Device_Library/Class/CDC/Src/usbd_cdc.o
                0x00000000080037fe                USBD_CDC_SetTxBuffer
 .text.USBD_CDC_SetRxBuffer
                0x000000000800380e        0xc ./Middlewares/ST/STM32_USB_Device_Library/Class/CDC/Src/usbd_cdc.o
                0x000000000800380e                USBD_CDC_SetRxBuffer
 .text.USBD_CDC_TransmitPacket
                0x000000000800381a       0x32 ./Middlewares/ST/STM32_USB_Device_Library/Class/CDC/Src/usbd_cdc.o
                0x000000000800381a                USBD_CDC_TransmitPacket
 .text.USBD_CDC_ReceivePacket
                0x000000000800384c       0x2e ./Middlewares/ST/STM32_USB_Device_Library/Class/CDC/Src/usbd_cdc.o
                0x000000000800384c                USBD_CDC_ReceivePacket
 .text.USBD_Init
                0x000000000800387a       0x2a ./Middlewares/ST/STM32_USB_Device_Library/Core/Src/usbd_core.o
                0x000000000800387a                USBD_Init
 .text.USBD_RegisterClass
                0x00000000080038a4        0xe ./Middlewares/ST/STM32_USB_Device_Library/Core/Src/usbd_core.o
                0x00000000080038a4                USBD_RegisterClass
 .text.USBD_Start
                0x00000000080038b2        0xa ./Middlewares/ST/STM32_USB_Device_Library/Core/Src/usbd_core.o
                0x00000000080038b2                USBD_Start
 .text.USBD_SetClassConfig
                0x00000000080038bc       0x1a ./Middlewares/ST/STM32_USB_Device_Library/Core/Src/usbd_core.o
                0x00000000080038bc                USBD_SetClassConfig
 .text.USBD_ClrClassConfig
                0x00000000080038d6        0xe ./Middlewares/ST/STM32_USB_Device_Library/Core/Src/usbd_core.o
                0x00000000080038d6                USBD_ClrClassConfig
 .text.USBD_LL_SetupStage
                0x00000000080038e4       0x5a ./Middlewares/ST/STM32_USB_Device_Library/Core/Src/usbd_core.o
                0x00000000080038e4                USBD_LL_SetupStage
 .text.USBD_LL_DataOutStage
                0x000000000800393e       0x74 ./Middlewares/ST/STM32_USB_Device_Library/Core/Src/usbd_core.o
                0x000000000800393e                USBD_LL_DataOutStage
 .text.USBD_LL_DataInStage
                0x00000000080039b2       0xb6 ./Middlewares/ST/STM32_USB_Device_Library/Core/Src/usbd_core.o
                0x00000000080039b2                USBD_LL_DataInStage
 .text.USBD_LL_Reset
                0x0000000008003a68       0x4e ./Middlewares/ST/STM32_USB_Device_Library/Core/Src/usbd_core.o
                0x0000000008003a68                USBD_LL_Reset
 .text.USBD_LL_SetSpeed
                0x0000000008003ab6        0x6 ./Middlewares/ST/STM32_USB_Device_Library/Core/Src/usbd_core.o
                0x0000000008003ab6                USBD_LL_SetSpeed
 .text.USBD_LL_Suspend
                0x0000000008003abc       0x12 ./Middlewares/ST/STM32_USB_Device_Library/Core/Src/usbd_core.o
                0x0000000008003abc                USBD_LL_Suspend
 .text.USBD_LL_Resume
                0x0000000008003ace       0x14 ./Middlewares/ST/STM32_USB_Device_Library/Core/Src/usbd_core.o
                0x0000000008003ace                USBD_LL_Resume
 .text.USBD_LL_SOF
                0x0000000008003ae2       0x18 ./Middlewares/ST/STM32_USB_Device_Library/Core/Src/usbd_core.o
                0x0000000008003ae2                USBD_LL_SOF
 .text.USBD_CtlError.constprop.0
                0x0000000008003afa       0x16 ./Middlewares/ST/STM32_USB_Device_Library/Core/Src/usbd_ctlreq.o
 .text.USBD_StdDevReq
                0x0000000008003b10      0x250 ./Middlewares/ST/STM32_USB_Device_Library/Core/Src/usbd_ctlreq.o
                0x0000000008003b10                USBD_StdDevReq
 .text.USBD_StdItfReq
                0x0000000008003d60       0x48 ./Middlewares/ST/STM32_USB_Device_Library/Core/Src/usbd_ctlreq.o
                0x0000000008003d60                USBD_StdItfReq
 .text.USBD_StdEPReq
                0x0000000008003da8      0x110 ./Middlewares/ST/STM32_USB_Device_Library/Core/Src/usbd_ctlreq.o
                0x0000000008003da8                USBD_StdEPReq
 .text.USBD_ParseSetupRequest
                0x0000000008003eb8       0x28 ./Middlewares/ST/STM32_USB_Device_Library/Core/Src/usbd_ctlreq.o
                0x0000000008003eb8                USBD_ParseSetupRequest
 .text.USBD_CtlError
                0x0000000008003ee0       0x16 ./Middlewares/ST/STM32_USB_Device_Library/Core/Src/usbd_ctlreq.o
                0x0000000008003ee0                USBD_CtlError
 .text.USBD_GetString
                0x0000000008003ef6       0x38 ./Middlewares/ST/STM32_USB_Device_Library/Core/Src/usbd_ctlreq.o
                0x0000000008003ef6                USBD_GetString
 .text.USBD_CtlSendData
                0x0000000008003f2e       0x1a ./Middlewares/ST/STM32_USB_Device_Library/Core/Src/usbd_ioreq.o
                0x0000000008003f2e                USBD_CtlSendData
 .text.USBD_CtlContinueSendData
                0x0000000008003f48       0x10 ./Middlewares/ST/STM32_USB_Device_Library/Core/Src/usbd_ioreq.o
                0x0000000008003f48                USBD_CtlContinueSendData
 .text.USBD_CtlPrepareRx
                0x0000000008003f58       0x1a ./Middlewares/ST/STM32_USB_Device_Library/Core/Src/usbd_ioreq.o
                0x0000000008003f58                USBD_CtlPrepareRx
 .text.USBD_CtlContinueRx
                0x0000000008003f72       0x10 ./Middlewares/ST/STM32_USB_Device_Library/Core/Src/usbd_ioreq.o
                0x0000000008003f72                USBD_CtlContinueRx
 .text.USBD_CtlSendStatus
                0x0000000008003f82       0x16 ./Middlewares/ST/STM32_USB_Device_Library/Core/Src/usbd_ioreq.o
                0x0000000008003f82                USBD_CtlSendStatus
 .text.USBD_CtlReceiveStatus
                0x0000000008003f98       0x16 ./Middlewares/ST/STM32_USB_Device_Library/Core/Src/usbd_ioreq.o
                0x0000000008003f98                USBD_CtlReceiveStatus
 *fill*         0x0000000008003fae        0x2 
 .text.MX_USB_DEVICE_Init
                0x0000000008003fb0       0x7c ./USB_DEVICE/App/usb_device.o
                0x0000000008003fb0                MX_USB_DEVICE_Init
 .text.CDC_DeInit_FS
                0x000000000800402c        0x4 ./USB_DEVICE/App/usbd_cdc_if.o
 .text.CDC_Receive_FS
                0x0000000008004030       0x58 ./USB_DEVICE/App/usbd_cdc_if.o
 .text.CDC_Init_FS
                0x0000000008004088       0x40 ./USB_DEVICE/App/usbd_cdc_if.o
 .text.CDC_Transmit_FS
                0x00000000080040c8       0x2c ./USB_DEVICE/App/usbd_cdc_if.o
                0x00000000080040c8                CDC_Transmit_FS
 .text.CDC_GetRxBufferBytesAvailable_FS
                0x00000000080040f4       0x18 ./USB_DEVICE/App/usbd_cdc_if.o
                0x00000000080040f4                CDC_GetRxBufferBytesAvailable_FS
 .text.CDC_ReadRxBuffer_FS
                0x000000000800410c       0x44 ./USB_DEVICE/App/usbd_cdc_if.o
                0x000000000800410c                CDC_ReadRxBuffer_FS
 .text.CDC_FlushRxBuffer_FS
                0x0000000008004150       0x28 ./USB_DEVICE/App/usbd_cdc_if.o
                0x0000000008004150                CDC_FlushRxBuffer_FS
 .text.CDC_Control_FS
                0x0000000008004178       0x58 ./USB_DEVICE/App/usbd_cdc_if.o
 .text.USBD_FS_DeviceDescriptor
                0x00000000080041d0        0xc ./USB_DEVICE/App/usbd_desc.o
                0x00000000080041d0                USBD_FS_DeviceDescriptor
 .text.USBD_FS_LangIDStrDescriptor
                0x00000000080041dc        0xc ./USB_DEVICE/App/usbd_desc.o
                0x00000000080041dc                USBD_FS_LangIDStrDescriptor
 .text.IntToUnicode
                0x00000000080041e8       0x2a ./USB_DEVICE/App/usbd_desc.o
 *fill*         0x0000000008004212        0x2 
 .text.USBD_FS_SerialStrDescriptor
                0x0000000008004214       0x3c ./USB_DEVICE/App/usbd_desc.o
                0x0000000008004214                USBD_FS_SerialStrDescriptor
 .text.USBD_FS_ManufacturerStrDescriptor
                0x0000000008004250       0x1c ./USB_DEVICE/App/usbd_desc.o
                0x0000000008004250                USBD_FS_ManufacturerStrDescriptor
 .text.USBD_FS_ProductStrDescriptor
                0x000000000800426c       0x1c ./USB_DEVICE/App/usbd_desc.o
                0x000000000800426c                USBD_FS_ProductStrDescriptor
 .text.USBD_FS_ConfigStrDescriptor
                0x0000000008004288       0x1c ./USB_DEVICE/App/usbd_desc.o
                0x0000000008004288                USBD_FS_ConfigStrDescriptor
 .text.USBD_FS_InterfaceStrDescriptor
                0x00000000080042a4       0x1c ./USB_DEVICE/App/usbd_desc.o
                0x00000000080042a4                USBD_FS_InterfaceStrDescriptor
 .text.USBD_Get_USB_Status
                0x00000000080042c0       0x10 ./USB_DEVICE/Target/usbd_conf.o
 .text.HAL_PCD_MspInit
                0x00000000080042d0       0x50 ./USB_DEVICE/Target/usbd_conf.o
                0x00000000080042d0                HAL_PCD_MspInit
 .text.HAL_PCD_SetupStageCallback
                0x0000000008004320        0xc ./USB_DEVICE/Target/usbd_conf.o
                0x0000000008004320                HAL_PCD_SetupStageCallback
 .text.HAL_PCD_DataOutStageCallback
                0x000000000800432c       0x12 ./USB_DEVICE/Target/usbd_conf.o
                0x000000000800432c                HAL_PCD_DataOutStageCallback
 .text.HAL_PCD_DataInStageCallback
                0x000000000800433e       0x10 ./USB_DEVICE/Target/usbd_conf.o
                0x000000000800433e                HAL_PCD_DataInStageCallback
 .text.HAL_PCD_SOFCallback
                0x000000000800434e        0x8 ./USB_DEVICE/Target/usbd_conf.o
                0x000000000800434e                HAL_PCD_SOFCallback
 .text.HAL_PCD_ResetCallback
                0x0000000008004356       0x24 ./USB_DEVICE/Target/usbd_conf.o
                0x0000000008004356                HAL_PCD_ResetCallback
 *fill*         0x000000000800437a        0x2 
 .text.HAL_PCD_SuspendCallback
                0x000000000800437c       0x20 ./USB_DEVICE/Target/usbd_conf.o
                0x000000000800437c                HAL_PCD_SuspendCallback
 .text.HAL_PCD_ResumeCallback
                0x000000000800439c        0x8 ./USB_DEVICE/Target/usbd_conf.o
                0x000000000800439c                HAL_PCD_ResumeCallback
 .text.USBD_LL_Init
                0x00000000080043a4       0x84 ./USB_DEVICE/Target/usbd_conf.o
                0x00000000080043a4                USBD_LL_Init
 .text.USBD_LL_Start
                0x0000000008004428       0x12 ./USB_DEVICE/Target/usbd_conf.o
                0x0000000008004428                USBD_LL_Start
 .text.USBD_LL_OpenEP
                0x000000000800443a       0x18 ./USB_DEVICE/Target/usbd_conf.o
                0x000000000800443a                USBD_LL_OpenEP
 .text.USBD_LL_CloseEP
                0x0000000008004452       0x12 ./USB_DEVICE/Target/usbd_conf.o
                0x0000000008004452                USBD_LL_CloseEP
 .text.USBD_LL_StallEP
                0x0000000008004464       0x12 ./USB_DEVICE/Target/usbd_conf.o
                0x0000000008004464                USBD_LL_StallEP
 .text.USBD_LL_ClearStallEP
                0x0000000008004476       0x12 ./USB_DEVICE/Target/usbd_conf.o
                0x0000000008004476                USBD_LL_ClearStallEP
 .text.USBD_LL_IsStallEP
                0x0000000008004488       0x24 ./USB_DEVICE/Target/usbd_conf.o
                0x0000000008004488                USBD_LL_IsStallEP
 .text.USBD_LL_SetUSBAddress
                0x00000000080044ac       0x12 ./USB_DEVICE/Target/usbd_conf.o
                0x00000000080044ac                USBD_LL_SetUSBAddress
 .text.USBD_LL_Transmit
                0x00000000080044be       0x12 ./USB_DEVICE/Target/usbd_conf.o
                0x00000000080044be                USBD_LL_Transmit
 .text.USBD_LL_PrepareReceive
                0x00000000080044d0       0x12 ./USB_DEVICE/Target/usbd_conf.o
                0x00000000080044d0                USBD_LL_PrepareReceive
 .text.USBD_LL_GetRxDataSize
                0x00000000080044e2        0x8 ./USB_DEVICE/Target/usbd_conf.o
                0x00000000080044e2                USBD_LL_GetRxDataSize
 *fill*         0x00000000080044ea        0x2 
 .text.USBD_static_malloc
                0x00000000080044ec        0x8 ./USB_DEVICE/Target/usbd_conf.o
                0x00000000080044ec                USBD_static_malloc
 .text.USBD_static_free
                0x00000000080044f4        0x2 ./USB_DEVICE/Target/usbd_conf.o
                0x00000000080044f4                USBD_static_free
 .text.HAL_PCDEx_SetConnectionState
                0x00000000080044f6        0x2 ./USB_DEVICE/Target/usbd_conf.o
                0x00000000080044f6                HAL_PCDEx_SetConnectionState
 .text.__libc_init_array
                0x00000000080044f8       0x48 /usr/lib/gcc/arm-none-eabi/11.2.0/../../../../arm-none-eabi/lib/thumb/v7-m/nofp/libc_nano.a(lib_a-init.o)
                0x00000000080044f8                __libc_init_array
 .text.memcmp   0x0000000008004540       0x20 /usr/lib/gcc/arm-none-eabi/11.2.0/../../../../arm-none-eabi/lib/thumb/v7-m/nofp/libc_nano.a(lib_a-memcmp.o)
                0x0000000008004540                memcmp
 .text.memset   0x0000000008004560       0x10 /usr/lib/gcc/arm-none-eabi/11.2.0/../../../../arm-none-eabi/lib/thumb/v7-m/nofp/libc_nano.a(lib_a-memset.o)
                0x0000000008004560                memset
 *(.glue_7)
 .glue_7        0x0000000008004570        0x0 linker stubs
 *(.glue_7t)
 .glue_7t       0x0000000008004570        0x0 linker stubs
 *(.eh_frame)
 .eh_frame      0x0000000008004570        0x0 /usr/lib/gcc/arm-none-eabi/11.2.0/thumb/v7-m/nofp/crtbegin.o
 *(.init)
 .init          0x0000000008004570        0x4 /usr/lib/gcc/arm-none-eabi/11.2.0/thumb/v7-m/nofp/crti.o
                0x0000000008004570                _init
 .init          0x0000000008004574        0x8 /usr/lib/gcc/arm-none-eabi/11.2.0/thumb/v7-m/nofp/crtn.o
 *(.fini)
 .fini          0x000000000800457c        0x4 /usr/lib/gcc/arm-none-eabi/11.2.0/thumb/v7-m/nofp/crti.o
                0x000000000800457c                _fini
 .fini          0x0000000008004580        0x8 /usr/lib/gcc/arm-none-eabi/11.2.0/thumb/v7-m/nofp/crtn.o
                0x0000000008004588                . = ALIGN (0x4)
                0x0000000008004588                _etext = .

.vfp11_veneer   0x0000000008004588        0x0
 .vfp11_veneer  0x0000000008004588        0x0 linker stubs

.v4_bx          0x0000000008004588        0x0
 .v4_bx         0x0000000008004588        0x0 linker stubs

.iplt           0x0000000008004588        0x0
 .iplt          0x0000000008004588        0x0 /usr/lib/gcc/arm-none-eabi/11.2.0/thumb/v7-m/nofp/crtbegin.o

.rodata         0x0000000008004588       0x70
                0x0000000008004588                . = ALIGN (0x4)
 *(.rodata)
 *(.rodata*)
 .rodata.AHBPrescTable
                0x0000000008004588       0x10 ./Core/Src/system_stm32f1xx.o
                0x0000000008004588                AHBPrescTable
 .rodata.APBPrescTable
                0x0000000008004598        0x8 ./Core/Src/system_stm32f1xx.o
                0x0000000008004598                APBPrescTable
 .rodata.HAL_RCC_GetSysClockFreq.str1.1
                0x00000000080045a0       0x11 ./Drivers/STM32F1xx_HAL_Driver/Src/stm32f1xx_hal_rcc.o
 .rodata.USBD_FS_ManufacturerStrDescriptor.str1.1
                0x00000000080045b1       0x13 ./USB_DEVICE/App/usbd_desc.o
 .rodata.USBD_FS_ProductStrDescriptor.str1.1
                0x00000000080045c4       0x16 ./USB_DEVICE/App/usbd_desc.o
 .rodata.USBD_FS_ConfigStrDescriptor.str1.1
                0x00000000080045da        0xb ./USB_DEVICE/App/usbd_desc.o
 .rodata.USBD_FS_InterfaceStrDescriptor.str1.1
                0x00000000080045e5        0xe ./USB_DEVICE/App/usbd_desc.o
 .rodata.CSWTCH.3
                0x00000000080045f3        0x4 ./USB_DEVICE/Target/usbd_conf.o
                0x00000000080045f8                . = ALIGN (0x4)
 *fill*         0x00000000080045f7        0x1 

.rel.dyn        0x00000000080045f8        0x0
 .rel.iplt      0x00000000080045f8        0x0 /usr/lib/gcc/arm-none-eabi/11.2.0/thumb/v7-m/nofp/crtbegin.o

.ARM.extab      0x00000000080045f8        0x0
                0x00000000080045f8                . = ALIGN (0x4)
 *(.ARM.extab* .gnu.linkonce.armextab.*)
                0x00000000080045f8                . = ALIGN (0x4)

.ARM            0x00000000080045f8        0x0
                0x00000000080045f8                . = ALIGN (0x4)
                0x00000000080045f8                __exidx_start = .
 *(.ARM.exidx*)
                0x00000000080045f8                __exidx_end = .
                0x00000000080045f8                . = ALIGN (0x4)

.preinit_array  0x00000000080045f8        0x0
                0x00000000080045f8                . = ALIGN (0x4)
                0x00000000080045f8                PROVIDE (__preinit_array_start = .)
 *(.preinit_array*)
                0x00000000080045f8                PROVIDE (__preinit_array_end = .)
                0x00000000080045f8                . = ALIGN (0x4)

.init_array     0x00000000080045f8        0x4
                0x00000000080045f8                . = ALIGN (0x4)
                0x00000000080045f8                PROVIDE (__init_array_start = .)
 *(SORT_BY_NAME(.init_array.*))
 *(.init_array*)
 .init_array    0x00000000080045f8        0x4 /usr/lib/gcc/arm-none-eabi/11.2.0/thumb/v7-m/nofp/crtbegin.o
                0x00000000080045fc                PROVIDE (__init_array_end = .)
                0x00000000080045fc                . = ALIGN (0x4)

.fini_array     0x00000000080045fc        0x4
                0x00000000080045fc                . = ALIGN (0x4)
                0x00000000080045fc                PROVIDE (__fini_array_start = .)
 *(SORT_BY_NAME(.fini_array.*))
 *(.fini_array*)
 .fini_array    0x00000000080045fc        0x4 /usr/lib/gcc/arm-none-eabi/11.2.0/thumb/v7-m/nofp/crtbegin.o
                0x0000000008004600                PROVIDE (__fini_array_end = .)
                0x0000000008004600                . = ALIGN (0x4)
                0x0000000008004600                _sidata = LOADADDR (.data)

.data           0x0000000020000000      0x1a8 load address 0x0000000008004600
                0x0000000020000000                . = ALIGN (0x4)
                0x0000000020000000                _sdata = .
 *(.data)
 *(.data*)
 .data.timeout.3
                0x0000000020000000        0x4 ./Core/Src/AP_application.o
 .data.memory   0x0000000020000004       0x28 ./Core/Src/DR_eeprom.o
                0x0000000020000004                memory
 .data.SystemCoreClock
                0x000000002000002c        0x4 ./Core/Src/system_stm32f1xx.o
                0x000000002000002c                SystemCoreClock
 .data.uwTickFreq
                0x0000000020000030        0x1 ./Drivers/STM32F1xx_HAL_Driver/Src/stm32f1xx_hal.o
                0x0000000020000030                uwTickFreq
 *fill*         0x0000000020000031        0x3 
 .data.uwTickPrio
                0x0000000020000034        0x4 ./Drivers/STM32F1xx_HAL_Driver/Src/stm32f1xx_hal.o
                0x0000000020000034                uwTickPrio
 .data.USBD_CDC
                0x0000000020000038       0x38 ./Middlewares/ST/STM32_USB_Device_Library/Class/CDC/Src/usbd_cdc.o
                0x0000000020000038                USBD_CDC
 .data.USBD_CDC_CfgFSDesc
                0x0000000020000070       0x43 ./Middlewares/ST/STM32_USB_Device_Library/Class/CDC/Src/usbd_cdc.o
                0x0000000020000070                USBD_CDC_CfgFSDesc
 *fill*         0x00000000200000b3        0x1 
 .data.USBD_CDC_CfgHSDesc
                0x00000000200000b4       0x43 ./Middlewares/ST/STM32_USB_Device_Library/Class/CDC/Src/usbd_cdc.o
                0x00000000200000b4                USBD_CDC_CfgHSDesc
 *fill*         0x00000000200000f7        0x1 
 .data.USBD_CDC_DeviceQualifierDesc
                0x00000000200000f8        0xa ./Middlewares/ST/STM32_USB_Device_Library/Class/CDC/Src/usbd_cdc.o
 *fill*         0x0000000020000102        0x2 
 .data.USBD_CDC_OtherSpeedCfgDesc
                0x0000000020000104       0x43 ./Middlewares/ST/STM32_USB_Device_Library/Class/CDC/Src/usbd_cdc.o
                0x0000000020000104                USBD_CDC_OtherSpeedCfgDesc
 *fill*         0x0000000020000147        0x1 
 .data.USBD_Interface_fops_FS
                0x0000000020000148       0x10 ./USB_DEVICE/App/usbd_cdc_if.o
                0x0000000020000148                USBD_Interface_fops_FS
 .data.FS_Desc  0x0000000020000158       0x1c ./USB_DEVICE/App/usbd_desc.o
                0x0000000020000158                FS_Desc
 .data.USBD_FS_DeviceDesc
                0x0000000020000174       0x12 ./USB_DEVICE/App/usbd_desc.o
                0x0000000020000174                USBD_FS_DeviceDesc
 *fill*         0x0000000020000186        0x2 
 .data.USBD_LangIDDesc
                0x0000000020000188        0x4 ./USB_DEVICE/App/usbd_desc.o
                0x0000000020000188                USBD_LangIDDesc
 .data.USBD_StringSerial
                0x000000002000018c       0x1a ./USB_DEVICE/App/usbd_desc.o
                0x000000002000018c                USBD_StringSerial
 *(.RamFunc)
 *(.RamFunc*)
                0x00000000200001a8                . = ALIGN (0x4)
 *fill*         0x00000000200001a6        0x2 
                0x00000000200001a8                _edata = .

.igot.plt       0x00000000200001a8        0x0 load address 0x00000000080047a8
 .igot.plt      0x00000000200001a8        0x0 /usr/lib/gcc/arm-none-eabi/11.2.0/thumb/v7-m/nofp/crtbegin.o
                0x00000000200001a8                . = ALIGN (0x4)

.bss            0x00000000200001a8     0x1170 load address 0x00000000080047a8
                0x00000000200001a8                _sbss = .
                0x00000000200001a8                __bss_start__ = _sbss
 *(.bss)
 *(.bss*)
 .bss.completed.1
                0x00000000200001a8        0x1 /usr/lib/gcc/arm-none-eabi/11.2.0/thumb/v7-m/nofp/crtbegin.o
 *fill*         0x00000000200001a9        0x3 
 .bss.object.0  0x00000000200001ac       0x18 /usr/lib/gcc/arm-none-eabi/11.2.0/thumb/v7-m/nofp/crtbegin.o
 .bss.g_buffer  0x00000000200001c4      0x100 ./Core/Src/AP_application.o
                0x00000000200001c4                g_buffer
 .bss.mem_idx.1
                0x00000000200002c4        0x2 ./Core/Src/AP_application.o
 *fill*         0x00000000200002c6        0x2 
 .bss.package.2
                0x00000000200002c8        0xc ./Core/Src/AP_application.o
 .bss.retries.0
                0x00000000200002d4        0x2 ./Core/Src/AP_application.o
 *fill*         0x00000000200002d6        0x2 
 .bss.st.4      0x00000000200002d8        0x4 ./Core/Src/AP_application.o
 .bss.g_memsize
                0x00000000200002dc        0x2 ./Core/Src/DR_eeprom.o
                0x00000000200002dc                g_memsize
 .bss.g_memtype
                0x00000000200002de        0x1 ./Core/Src/DR_eeprom.o
                0x00000000200002de                g_memtype
 *fill*         0x00000000200002df        0x1 
 .bss.hi2c2     0x00000000200002e0       0x54 ./Core/Src/main.o
                0x00000000200002e0                hi2c2
 .bss.uwTick    0x0000000020000334        0x4 ./Drivers/STM32F1xx_HAL_Driver/Src/stm32f1xx_hal.o
                0x0000000020000334                uwTick
 .bss.cfgidx.0  0x0000000020000338        0x1 ./Middlewares/ST/STM32_USB_Device_Library/Core/Src/usbd_ctlreq.o
 *fill*         0x0000000020000339        0x3 
 .bss.hUsbDeviceFS
                0x000000002000033c      0x2c4 ./USB_DEVICE/App/usb_device.o
                0x000000002000033c                hUsbDeviceFS
 .bss.UserRxBufferFS
                0x0000000020000600      0x200 ./USB_DEVICE/App/usbd_cdc_if.o
                0x0000000020000600                UserRxBufferFS
 .bss.UserTxBufferFS
                0x0000000020000800      0x200 ./USB_DEVICE/App/usbd_cdc_if.o
                0x0000000020000800                UserTxBufferFS
 .bss.lcBuffer  0x0000000020000a00        0x7 ./USB_DEVICE/App/usbd_cdc_if.o
                0x0000000020000a00                lcBuffer
 .bss.rxBuffer  0x0000000020000a07      0x200 ./USB_DEVICE/App/usbd_cdc_if.o
                0x0000000020000a07                rxBuffer
 *fill*         0x0000000020000c07        0x1 
 .bss.rxBufferHeadPos
                0x0000000020000c08        0x2 ./USB_DEVICE/App/usbd_cdc_if.o
                0x0000000020000c08                rxBufferHeadPos
 .bss.rxBufferTailPos
                0x0000000020000c0a        0x2 ./USB_DEVICE/App/usbd_cdc_if.o
                0x0000000020000c0a                rxBufferTailPos
 .bss.USBD_StrDesc
                0x0000000020000c0c      0x200 ./USB_DEVICE/App/usbd_desc.o
                0x0000000020000c0c                USBD_StrDesc
 .bss.hpcd_USB_FS
                0x0000000020000e0c      0x2ec ./USB_DEVICE/Target/usbd_conf.o
                0x0000000020000e0c                hpcd_USB_FS
 .bss.mem.0     0x00000000200010f8      0x220 ./USB_DEVICE/Target/usbd_conf.o
 *(COMMON)
                0x0000000020001318                . = ALIGN (0x4)
                0x0000000020001318                _ebss = .
                0x0000000020001318                __bss_end__ = _ebss

._user_heap_stack
                0x0000000020001318      0x600 load address 0x00000000080047a8
                0x0000000020001318                . = ALIGN (0x8)
                [!provide]                        PROVIDE (end = .)
                0x0000000020001318                PROVIDE (_end = .)
                0x0000000020001518                . = (. + _Min_Heap_Size)
 *fill*         0x0000000020001318      0x200 
                0x0000000020001918                . = (. + _Min_Stack_Size)
 *fill*         0x0000000020001518      0x400 
                0x0000000020001918                . = ALIGN (0x8)

/DISCARD/
 libc.a(*)
 libm.a(*)
 libgcc.a(*)

.ARM.attributes
                0x0000000000000000       0x29
 *(.ARM.attributes)
 .ARM.attributes
                0x0000000000000000       0x1d /usr/lib/gcc/arm-none-eabi/11.2.0/thumb/v7-m/nofp/crti.o
 .ARM.attributes
                0x000000000000001d       0x2d /usr/lib/gcc/arm-none-eabi/11.2.0/thumb/v7-m/nofp/crtbegin.o
 .ARM.attributes
                0x000000000000004a       0x2d ./Core/Src/AP_application.o
 .ARM.attributes
                0x0000000000000077       0x2d ./Core/Src/DR_eeprom.o
 .ARM.attributes
                0x00000000000000a4       0x2d ./Core/Src/PR_eeprom.o
 .ARM.attributes
                0x00000000000000d1       0x2d ./Core/Src/PR_serial.o
 .ARM.attributes
                0x00000000000000fe       0x2d ./Core/Src/main.o
 .ARM.attributes
                0x000000000000012b       0x2d ./Core/Src/stm32f1xx_hal_msp.o
 .ARM.attributes
                0x0000000000000158       0x2d ./Core/Src/stm32f1xx_it.o
 .ARM.attributes
                0x0000000000000185       0x2d ./Core/Src/system_stm32f1xx.o
 .ARM.attributes
                0x00000000000001b2       0x21 ./Core/Startup/startup_stm32f103c8tx.o
 .ARM.attributes
                0x00000000000001d3       0x2d ./Drivers/STM32F1xx_HAL_Driver/Src/stm32f1xx_hal.o
 .ARM.attributes
                0x0000000000000200       0x2d ./Drivers/STM32F1xx_HAL_Driver/Src/stm32f1xx_hal_cortex.o
 .ARM.attributes
                0x000000000000022d       0x2d ./Drivers/STM32F1xx_HAL_Driver/Src/stm32f1xx_hal_gpio.o
 .ARM.attributes
                0x000000000000025a       0x2d ./Drivers/STM32F1xx_HAL_Driver/Src/stm32f1xx_hal_i2c.o
 .ARM.attributes
                0x0000000000000287       0x2d ./Drivers/STM32F1xx_HAL_Driver/Src/stm32f1xx_hal_pcd.o
 .ARM.attributes
                0x00000000000002b4       0x2d ./Drivers/STM32F1xx_HAL_Driver/Src/stm32f1xx_hal_pcd_ex.o
 .ARM.attributes
                0x00000000000002e1       0x2d ./Drivers/STM32F1xx_HAL_Driver/Src/stm32f1xx_hal_rcc.o
 .ARM.attributes
                0x000000000000030e       0x2d ./Drivers/STM32F1xx_HAL_Driver/Src/stm32f1xx_hal_rcc_ex.o
 .ARM.attributes
                0x000000000000033b       0x2d ./Drivers/STM32F1xx_HAL_Driver/Src/stm32f1xx_ll_usb.o
 .ARM.attributes
                0x0000000000000368       0x2d ./Middlewares/ST/STM32_USB_Device_Library/Class/CDC/Src/usbd_cdc.o
 .ARM.attributes
                0x0000000000000395       0x2d ./Middlewares/ST/STM32_USB_Device_Library/Core/Src/usbd_core.o
 .ARM.attributes
                0x00000000000003c2       0x2d ./Middlewares/ST/STM32_USB_Device_Library/Core/Src/usbd_ctlreq.o
 .ARM.attributes
                0x00000000000003ef       0x2d ./Middlewares/ST/STM32_USB_Device_Library/Core/Src/usbd_ioreq.o
 .ARM.attributes
                0x000000000000041c       0x2d ./USB_DEVICE/App/usb_device.o
 .ARM.attributes
                0x0000000000000449       0x2d ./USB_DEVICE/App/usbd_cdc_if.o
 .ARM.attributes
                0x0000000000000476       0x2d ./USB_DEVICE/App/usbd_desc.o
 .ARM.attributes
                0x00000000000004a3       0x2d ./USB_DEVICE/Target/usbd_conf.o
 .ARM.attributes
                0x00000000000004d0       0x2d /usr/lib/gcc/arm-none-eabi/11.2.0/../../../../arm-none-eabi/lib/thumb/v7-m/nofp/libc_nano.a(lib_a-init.o)
 .ARM.attributes
                0x00000000000004fd       0x2d /usr/lib/gcc/arm-none-eabi/11.2.0/../../../../arm-none-eabi/lib/thumb/v7-m/nofp/libc_nano.a(lib_a-memcmp.o)
 .ARM.attributes
                0x000000000000052a       0x2d /usr/lib/gcc/arm-none-eabi/11.2.0/../../../../arm-none-eabi/lib/thumb/v7-m/nofp/libc_nano.a(lib_a-memset.o)
 .ARM.attributes
                0x0000000000000557       0x1d /usr/lib/gcc/arm-none-eabi/11.2.0/thumb/v7-m/nofp/crtn.o
OUTPUT(eeprom_programmer_STM32.elf elf32-littlearm)
LOAD linker stubs
LOAD /usr/lib/gcc/arm-none-eabi/11.2.0/../../../../arm-none-eabi/lib/thumb/v7-m/nofp/libc.a
LOAD /usr/lib/gcc/arm-none-eabi/11.2.0/../../../../arm-none-eabi/lib/thumb/v7-m/nofp/libm.a
LOAD /usr/lib/gcc/arm-none-eabi/11.2.0/thumb/v7-m/nofp/libgcc.a

.comment        0x0000000000000000       0x1e
 .comment       0x0000000000000000       0x1e ./Core/Src/AP_application.o
                                         0x1f (size before relaxing)
 .comment       0x000000000000001e       0x1f ./Core/Src/DR_eeprom.o
 .comment       0x000000000000001e       0x1f ./Core/Src/PR_eeprom.o
 .comment       0x000000000000001e       0x1f ./Core/Src/PR_serial.o
 .comment       0x000000000000001e       0x1f ./Core/Src/main.o
 .comment       0x000000000000001e       0x1f ./Core/Src/stm32f1xx_hal_msp.o
 .comment       0x000000000000001e       0x1f ./Core/Src/stm32f1xx_it.o
 .comment       0x000000000000001e       0x1f ./Core/Src/system_stm32f1xx.o
 .comment       0x000000000000001e       0x1f ./Drivers/STM32F1xx_HAL_Driver/Src/stm32f1xx_hal.o
 .comment       0x000000000000001e       0x1f ./Drivers/STM32F1xx_HAL_Driver/Src/stm32f1xx_hal_cortex.o
 .comment       0x000000000000001e       0x1f ./Drivers/STM32F1xx_HAL_Driver/Src/stm32f1xx_hal_gpio.o
 .comment       0x000000000000001e       0x1f ./Drivers/STM32F1xx_HAL_Driver/Src/stm32f1xx_hal_i2c.o
 .comment       0x000000000000001e       0x1f ./Drivers/STM32F1xx_HAL_Driver/Src/stm32f1xx_hal_pcd.o
 .comment       0x000000000000001e       0x1f ./Drivers/STM32F1xx_HAL_Driver/Src/stm32f1xx_hal_pcd_ex.o
 .comment       0x000000000000001e       0x1f ./Drivers/STM32F1xx_HAL_Driver/Src/stm32f1xx_hal_rcc.o
 .comment       0x000000000000001e       0x1f ./Drivers/STM32F1xx_HAL_Driver/Src/stm32f1xx_hal_rcc_ex.o
 .comment       0x000000000000001e       0x1f ./Drivers/STM32F1xx_HAL_Driver/Src/stm32f1xx_ll_usb.o
 .comment       0x000000000000001e       0x1f ./Middlewares/ST/STM32_USB_Device_Library/Class/CDC/Src/usbd_cdc.o
 .comment       0x000000000000001e       0x1f ./Middlewares/ST/STM32_USB_Device_Library/Core/Src/usbd_core.o
 .comment       0x000000000000001e       0x1f ./Middlewares/ST/STM32_USB_Device_Library/Core/Src/usbd_ctlreq.o
 .comment       0x000000000000001e       0x1f ./Middlewares/ST/STM32_USB_Device_Library/Core/Src/usbd_ioreq.o
 .comment       0x000000000000001e       0x1f ./USB_DEVICE/App/usb_device.o
 .comment       0x000000000000001e       0x1f ./USB_DEVICE/App/usbd_cdc_if.o
 .comment       0x000000000000001e       0x1f ./USB_DEVICE/App/usbd_desc.o
 .comment       0x000000000000001e       0x1f ./USB_DEVICE/Target/usbd_conf.o

.debug_frame    0x0000000000000000       0x74
 .debug_frame   0x0000000000000000       0x2c /usr/lib/gcc/arm-none-eabi/11.2.0/../../../../arm-none-eabi/lib/thumb/v7-m/nofp/libc_nano.a(lib_a-init.o)
 .debug_frame   0x000000000000002c       0x28 /usr/lib/gcc/arm-none-eabi/11.2.0/../../../../arm-none-eabi/lib/thumb/v7-m/nofp/libc_nano.a(lib_a-memcmp.o)
 .debug_frame   0x0000000000000054       0x20 /usr/lib/gcc/arm-none-eabi/11.2.0/../../../../arm-none-eabi/lib/thumb/v7-m/nofp/libc_nano.a(lib_a-memset.o)
