Archive member included to satisfy reference by file (symbol)

/opt/st/stm32cubeide_1.9.0/plugins/com.st.stm32cube.ide.mcu.externaltools.gnu-tools-for-stm32.10.3-2021.10.linux64_1.0.0.202111181127/tools/bin/../lib/gcc/arm-none-eabi/10.3.1/../../../../arm-none-eabi/lib/thumb/v7-m/nofp/libc_nano.a(lib_a-errno.o)
                              ./Core/Src/syscalls.o (__errno)
/opt/st/stm32cubeide_1.9.0/plugins/com.st.stm32cube.ide.mcu.externaltools.gnu-tools-for-stm32.10.3-2021.10.linux64_1.0.0.202111181127/tools/bin/../lib/gcc/arm-none-eabi/10.3.1/../../../../arm-none-eabi/lib/thumb/v7-m/nofp/libc_nano.a(lib_a-exit.o)
                              /opt/st/stm32cubeide_1.9.0/plugins/com.st.stm32cube.ide.mcu.externaltools.gnu-tools-for-stm32.10.3-2021.10.linux64_1.0.0.202111181127/tools/bin/../lib/gcc/arm-none-eabi/10.3.1/../../../../arm-none-eabi/lib/thumb/v7-m/nofp/crt0.o (exit)
/opt/st/stm32cubeide_1.9.0/plugins/com.st.stm32cube.ide.mcu.externaltools.gnu-tools-for-stm32.10.3-2021.10.linux64_1.0.0.202111181127/tools/bin/../lib/gcc/arm-none-eabi/10.3.1/../../../../arm-none-eabi/lib/thumb/v7-m/nofp/libc_nano.a(lib_a-impure.o)
                              /opt/st/stm32cubeide_1.9.0/plugins/com.st.stm32cube.ide.mcu.externaltools.gnu-tools-for-stm32.10.3-2021.10.linux64_1.0.0.202111181127/tools/bin/../lib/gcc/arm-none-eabi/10.3.1/../../../../arm-none-eabi/lib/thumb/v7-m/nofp/libc_nano.a(lib_a-exit.o) (_global_impure_ptr)
/opt/st/stm32cubeide_1.9.0/plugins/com.st.stm32cube.ide.mcu.externaltools.gnu-tools-for-stm32.10.3-2021.10.linux64_1.0.0.202111181127/tools/bin/../lib/gcc/arm-none-eabi/10.3.1/../../../../arm-none-eabi/lib/thumb/v7-m/nofp/libc_nano.a(lib_a-init.o)
                              /opt/st/stm32cubeide_1.9.0/plugins/com.st.stm32cube.ide.mcu.externaltools.gnu-tools-for-stm32.10.3-2021.10.linux64_1.0.0.202111181127/tools/bin/../lib/gcc/arm-none-eabi/10.3.1/../../../../arm-none-eabi/lib/thumb/v7-m/nofp/crt0.o (__libc_init_array)
/opt/st/stm32cubeide_1.9.0/plugins/com.st.stm32cube.ide.mcu.externaltools.gnu-tools-for-stm32.10.3-2021.10.linux64_1.0.0.202111181127/tools/bin/../lib/gcc/arm-none-eabi/10.3.1/../../../../arm-none-eabi/lib/thumb/v7-m/nofp/libc_nano.a(lib_a-memset.o)
                              /opt/st/stm32cubeide_1.9.0/plugins/com.st.stm32cube.ide.mcu.externaltools.gnu-tools-for-stm32.10.3-2021.10.linux64_1.0.0.202111181127/tools/bin/../lib/gcc/arm-none-eabi/10.3.1/../../../../arm-none-eabi/lib/thumb/v7-m/nofp/crt0.o (memset)

Discarded input sections

 .text          0x0000000000000000        0x0 /opt/st/stm32cubeide_1.9.0/plugins/com.st.stm32cube.ide.mcu.externaltools.gnu-tools-for-stm32.10.3-2021.10.linux64_1.0.0.202111181127/tools/bin/../lib/gcc/arm-none-eabi/10.3.1/thumb/v7-m/nofp/crti.o
 .data          0x0000000000000000        0x0 /opt/st/stm32cubeide_1.9.0/plugins/com.st.stm32cube.ide.mcu.externaltools.gnu-tools-for-stm32.10.3-2021.10.linux64_1.0.0.202111181127/tools/bin/../lib/gcc/arm-none-eabi/10.3.1/thumb/v7-m/nofp/crti.o
 .bss           0x0000000000000000        0x0 /opt/st/stm32cubeide_1.9.0/plugins/com.st.stm32cube.ide.mcu.externaltools.gnu-tools-for-stm32.10.3-2021.10.linux64_1.0.0.202111181127/tools/bin/../lib/gcc/arm-none-eabi/10.3.1/thumb/v7-m/nofp/crti.o
 .data          0x0000000000000000        0x4 /opt/st/stm32cubeide_1.9.0/plugins/com.st.stm32cube.ide.mcu.externaltools.gnu-tools-for-stm32.10.3-2021.10.linux64_1.0.0.202111181127/tools/bin/../lib/gcc/arm-none-eabi/10.3.1/thumb/v7-m/nofp/crtbegin.o
 .rodata        0x0000000000000000       0x24 /opt/st/stm32cubeide_1.9.0/plugins/com.st.stm32cube.ide.mcu.externaltools.gnu-tools-for-stm32.10.3-2021.10.linux64_1.0.0.202111181127/tools/bin/../lib/gcc/arm-none-eabi/10.3.1/thumb/v7-m/nofp/crtbegin.o
 .text          0x0000000000000000       0x7c /opt/st/stm32cubeide_1.9.0/plugins/com.st.stm32cube.ide.mcu.externaltools.gnu-tools-for-stm32.10.3-2021.10.linux64_1.0.0.202111181127/tools/bin/../lib/gcc/arm-none-eabi/10.3.1/../../../../arm-none-eabi/lib/thumb/v7-m/nofp/crt0.o
 .data          0x0000000000000000        0x0 /opt/st/stm32cubeide_1.9.0/plugins/com.st.stm32cube.ide.mcu.externaltools.gnu-tools-for-stm32.10.3-2021.10.linux64_1.0.0.202111181127/tools/bin/../lib/gcc/arm-none-eabi/10.3.1/../../../../arm-none-eabi/lib/thumb/v7-m/nofp/crt0.o
 .bss           0x0000000000000000        0x0 /opt/st/stm32cubeide_1.9.0/plugins/com.st.stm32cube.ide.mcu.externaltools.gnu-tools-for-stm32.10.3-2021.10.linux64_1.0.0.202111181127/tools/bin/../lib/gcc/arm-none-eabi/10.3.1/../../../../arm-none-eabi/lib/thumb/v7-m/nofp/crt0.o
 .ARM.extab     0x0000000000000000        0x0 /opt/st/stm32cubeide_1.9.0/plugins/com.st.stm32cube.ide.mcu.externaltools.gnu-tools-for-stm32.10.3-2021.10.linux64_1.0.0.202111181127/tools/bin/../lib/gcc/arm-none-eabi/10.3.1/../../../../arm-none-eabi/lib/thumb/v7-m/nofp/crt0.o
[...]
Memory Configuration

Name             Origin             Length             Attributes
RAM              0x0000000020000000 0x0000000000005000 xrw
FLASH            0x0000000008000000 0x0000000000010000 xr
*default*        0x0000000000000000 0xffffffffffffffff

Linker script and memory map

LOAD /opt/st/stm32cubeide_1.9.0/plugins/com.st.stm32cube.ide.mcu.externaltools.gnu-tools-for-stm32.10.3-2021.10.linux64_1.0.0.202111181127/tools/bin/../lib/gcc/arm-none-eabi/10.3.1/thumb/v7-m/nofp/crti.o
LOAD /opt/st/stm32cubeide_1.9.0/plugins/com.st.stm32cube.ide.mcu.externaltools.gnu-tools-for-stm32.10.3-2021.10.linux64_1.0.0.202111181127/tools/bin/../lib/gcc/arm-none-eabi/10.3.1/thumb/v7-m/nofp/crtbegin.o
LOAD /opt/st/stm32cubeide_1.9.0/plugins/com.st.stm32cube.ide.mcu.externaltools.gnu-tools-for-stm32.10.3-2021.10.linux64_1.0.0.202111181127/tools/bin/../lib/gcc/arm-none-eabi/10.3.1/../../../../arm-none-eabi/lib/thumb/v7-m/nofp/crt0.o
LOAD ./Core/Src/AP_application.o
LOAD ./Core/Src/DR_eeprom.o
LOAD ./Core/Src/PR_eeprom.o
LOAD ./Core/Src/PR_serial.o
LOAD ./Core/Src/main.o
LOAD ./Core/Src/stm32f1xx_hal_msp.o
LOAD ./Core/Src/stm32f1xx_it.o
LOAD ./Core/Src/syscalls.o
LOAD ./Core/Src/sysmem.o
LOAD ./Core/Src/system_stm32f1xx.o
LOAD ./Core/Startup/startup_stm32f103c8tx.o
LOAD ./Drivers/STM32F1xx_HAL_Driver/Src/stm32f1xx_hal.o
LOAD ./Drivers/STM32F1xx_HAL_Driver/Src/stm32f1xx_hal_cortex.o
LOAD ./Drivers/STM32F1xx_HAL_Driver/Src/stm32f1xx_hal_dma.o
LOAD ./Drivers/STM32F1xx_HAL_Driver/Src/stm32f1xx_hal_exti.o
LOAD ./Drivers/STM32F1xx_HAL_Driver/Src/stm32f1xx_hal_flash.o
LOAD ./Drivers/STM32F1xx_HAL_Driver/Src/stm32f1xx_hal_flash_ex.o
LOAD ./Drivers/STM32F1xx_HAL_Driver/Src/stm32f1xx_hal_gpio.o
LOAD ./Drivers/STM32F1xx_HAL_Driver/Src/stm32f1xx_hal_gpio_ex.o
LOAD ./Drivers/STM32F1xx_HAL_Driver/Src/stm32f1xx_hal_i2c.o
LOAD ./Drivers/STM32F1xx_HAL_Driver/Src/stm32f1xx_hal_pcd.o
LOAD ./Drivers/STM32F1xx_HAL_Driver/Src/stm32f1xx_hal_pcd_ex.o
LOAD ./Drivers/STM32F1xx_HAL_Driver/Src/stm32f1xx_hal_pwr.o
LOAD ./Drivers/STM32F1xx_HAL_Driver/Src/stm32f1xx_hal_rcc.o
LOAD ./Drivers/STM32F1xx_HAL_Driver/Src/stm32f1xx_hal_rcc_ex.o
LOAD ./Drivers/STM32F1xx_HAL_Driver/Src/stm32f1xx_hal_tim.o
LOAD ./Drivers/STM32F1xx_HAL_Driver/Src/stm32f1xx_hal_tim_ex.o
LOAD ./Drivers/STM32F1xx_HAL_Driver/Src/stm32f1xx_ll_usb.o
LOAD ./Middlewares/ST/STM32_USB_Device_Library/Class/CDC/Src/usbd_cdc.o
LOAD ./Middlewares/ST/STM32_USB_Device_Library/Core/Src/usbd_core.o
LOAD ./Middlewares/ST/STM32_USB_Device_Library/Core/Src/usbd_ctlreq.o
LOAD ./Middlewares/ST/STM32_USB_Device_Library/Core/Src/usbd_ioreq.o
LOAD ./USB_DEVICE/App/usb_device.o
LOAD ./USB_DEVICE/App/usbd_cdc_if.o
LOAD ./USB_DEVICE/App/usbd_desc.o
LOAD ./USB_DEVICE/Target/usbd_conf.o
START GROUP
LOAD /opt/st/stm32cubeide_1.9.0/plugins/com.st.stm32cube.ide.mcu.externaltools.gnu-tools-for-stm32.10.3-2021.10.linux64_1.0.0.202111181127/tools/bin/../lib/gcc/arm-none-eabi/10.3.1/../../../../arm-none-eabi/lib/thumb/v7-m/nofp/libc_nano.a
LOAD /opt/st/stm32cubeide_1.9.0/plugins/com.st.stm32cube.ide.mcu.externaltools.gnu-tools-for-stm32.10.3-2021.10.linux64_1.0.0.202111181127/tools/bin/../lib/gcc/arm-none-eabi/10.3.1/../../../../arm-none-eabi/lib/thumb/v7-m/nofp/libm.a
END GROUP
START GROUP
LOAD /opt/st/stm32cubeide_1.9.0/plugins/com.st.stm32cube.ide.mcu.externaltools.gnu-tools-for-stm32.10.3-2021.10.linux64_1.0.0.202111181127/tools/bin/../lib/gcc/arm-none-eabi/10.3.1/thumb/v7-m/nofp/libgcc.a
LOAD /opt/st/stm32cubeide_1.9.0/plugins/com.st.stm32cube.ide.mcu.externaltools.gnu-tools-for-stm32.10.3-2021.10.linux64_1.0.0.202111181127/tools/bin/../lib/gcc/arm-none-eabi/10.3.1/../../../../arm-none-eabi/lib/thumb/v7-m/nofp/libc_nano.a
END GROUP
START GROUP
LOAD /opt/st/stm32cubeide_1.9.0/plugins/com.st.stm32cube.ide.mcu.externaltools.gnu-tools-for-stm32.10.3-2021.10.linux64_1.0.0.202111181127/tools/bin/../lib/gcc/arm-none-eabi/10.3.1/thumb/v7-m/nofp/libgcc.a
LOAD /opt/st/stm32cubeide_1.9.0/plugins/com.st.stm32cube.ide.mcu.externaltools.gnu-tools-for-stm32.10.3-2021.10.linux64_1.0.0.202111181127/tools/bin/../lib/gcc/arm-none-eabi/10.3.1/../../../../arm-none-eabi/lib/thumb/v7-m/nofp/libc_nano.a
END GROUP
LOAD /opt/st/stm32cubeide_1.9.0/plugins/com.st.stm32cube.ide.mcu.externaltools.gnu-tools-for-stm32.10.3-2021.10.linux64_1.0.0.202111181127/tools/bin/../lib/gcc/arm-none-eabi/10.3.1/thumb/v7-m/nofp/crtend.o
LOAD /opt/st/stm32cubeide_1.9.0/plugins/com.st.stm32cube.ide.mcu.externaltools.gnu-tools-for-stm32.10.3-2021.10.linux64_1.0.0.202111181127/tools/bin/../lib/gcc/arm-none-eabi/10.3.1/thumb/v7-m/nofp/crtn.o
                0x0000000020005000                _estack = (ORIGIN (RAM) + LENGTH (RAM))
                0x0000000000000200                _Min_Heap_Size = 0x200
                0x0000000000000400                _Min_Stack_Size = 0x400

.isr_vector     0x0000000008000000      0x10c
                0x0000000008000000                . = ALIGN (0x4)
 *(.isr_vector)
 .isr_vector    0x0000000008000000      0x10c ./Core/Startup/startup_stm32f103c8tx.o
                0x0000000008000000                g_pfnVectors
                0x000000000800010c                . = ALIGN (0x4)

.text           0x000000000800010c     0x8e3c
                0x000000000800010c                . = ALIGN (0x4)
 *(.text)
 .text          0x000000000800010c       0x40 /opt/st/stm32cubeide_1.9.0/plugins/com.st.stm32cube.ide.mcu.externaltools.gnu-tools-for-stm32.10.3-2021.10.linux64_1.0.0.202111181127/tools/bin/../lib/gcc/arm-none-eabi/10.3.1/thumb/v7-m/nofp/crtbegin.o
 *(.text*)
 .text.sendCommand
                0x000000000800014c       0x20 ./Core/Src/AP_application.o
                0x000000000800014c                sendCommand
 .text.sendPackage
                0x000000000800016c       0x86 ./Core/Src/AP_application.o
                0x000000000800016c                sendPackage
 .text.sendErr  0x00000000080001f2       0x20 ./Core/Src/AP_application.o
                0x00000000080001f2                sendErr
 *fill*         0x0000000008000212        0x2 
 .text.receivePackage
                0x0000000008000214       0xc0 ./Core/Src/AP_application.o
                0x0000000008000214                receivePackage
 .text.cmdHasData
                0x00000000080002d4      0x180 ./Core/Src/AP_application.o
 .text.sendMemoryBlock
                0x0000000008000454       0x50 ./Core/Src/AP_application.o
 .text.sendNext
                0x00000000080004a4       0x4c ./Core/Src/AP_application.o
 .text.uart_fsm
                0x00000000080004f0      0x278 ./Core/Src/AP_application.o
                0x00000000080004f0                uart_fsm
 .text.getDevAddress
                0x0000000008000768       0x64 ./Core/Src/DR_eeprom.o
 .text.EEPROM_write_reg
                0x00000000080007cc       0x80 ./Core/Src/DR_eeprom.o
                0x00000000080007cc                EEPROM_write_reg
 .text.read_aux
                0x000000000800084c       0x58 ./Core/Src/DR_eeprom.o
 .text.EEPROM_read
                0x00000000080008a4       0x6c ./Core/Src/DR_eeprom.o
                0x00000000080008a4                EEPROM_read
 .text.MEMX24645_enableWriteAccess
                0x0000000008000910       0x1c ./Core/Src/DR_eeprom.o
                0x0000000008000910                MEMX24645_enableWriteAccess
 .text.getMemSize
                0x000000000800092c       0x24 ./Core/Src/DR_eeprom.o
                0x000000000800092c                getMemSize
 .text.query_devices
                0x0000000008000950       0x20 ./Core/Src/DR_eeprom.o
 .text.EEPROM_Init
                0x0000000008000970       0x40 ./Core/Src/DR_eeprom.o
                0x0000000008000970                EEPROM_Init
 .text.readMemoryBlock
                0x00000000080009b0       0x2c ./Core/Src/PR_eeprom.o
                0x00000000080009b0                readMemoryBlock
 .text.write    0x00000000080009dc       0x30 ./Core/Src/PR_serial.o
 .text.serial_write
                0x0000000008000a0c       0x44 ./Core/Src/PR_serial.o
                0x0000000008000a0c                serial_write
 .text.serial_writebyte
                0x0000000008000a50       0x1e ./Core/Src/PR_serial.o
                0x0000000008000a50                serial_writebyte
 .text.serial_available
                0x0000000008000a6e       0x18 ./Core/Src/PR_serial.o
                0x0000000008000a6e                serial_available
 .text.read     0x0000000008000a86       0x48 ./Core/Src/PR_serial.o
 .text.serial_read
                0x0000000008000ace       0x6e ./Core/Src/PR_serial.o
                0x0000000008000ace                serial_read
 .text.main     0x0000000008000b3c       0x48 ./Core/Src/main.o
                0x0000000008000b3c                main
 .text.SystemClock_Config
                0x0000000008000b84       0xb4 ./Core/Src/main.o
                0x0000000008000b84                SystemClock_Config
 .text.MX_I2C2_Init
                0x0000000008000c38       0x5c ./Core/Src/main.o
 .text.MX_GPIO_Init
                0x0000000008000c94       0x98 ./Core/Src/main.o
 .text.Error_Handler
                0x0000000008000d2c        0xa ./Core/Src/main.o
                0x0000000008000d2c                Error_Handler
 *fill*         0x0000000008000d36        0x2 
 .text.HAL_MspInit
                0x0000000008000d38       0x64 ./Core/Src/stm32f1xx_hal_msp.o
                0x0000000008000d38                HAL_MspInit
 .text.HAL_I2C_MspInit
                0x0000000008000d9c       0x80 ./Core/Src/stm32f1xx_hal_msp.o
                0x0000000008000d9c                HAL_I2C_MspInit
 .text.NMI_Handler
                0x0000000008000e1c        0x6 ./Core/Src/stm32f1xx_it.o
                0x0000000008000e1c                NMI_Handler
 .text.HardFault_Handler
                0x0000000008000e22        0x6 ./Core/Src/stm32f1xx_it.o
                0x0000000008000e22                HardFault_Handler
 .text.MemManage_Handler
                0x0000000008000e28        0x6 ./Core/Src/stm32f1xx_it.o
                0x0000000008000e28                MemManage_Handler
 .text.BusFault_Handler
                0x0000000008000e2e        0x6 ./Core/Src/stm32f1xx_it.o
                0x0000000008000e2e                BusFault_Handler
 .text.UsageFault_Handler
                0x0000000008000e34        0x6 ./Core/Src/stm32f1xx_it.o
                0x0000000008000e34                UsageFault_Handler
 .text.SVC_Handler
                0x0000000008000e3a        0xc ./Core/Src/stm32f1xx_it.o
                0x0000000008000e3a                SVC_Handler
 .text.DebugMon_Handler
                0x0000000008000e46        0xc ./Core/Src/stm32f1xx_it.o
                0x0000000008000e46                DebugMon_Handler
 .text.PendSV_Handler
                0x0000000008000e52        0xc ./Core/Src/stm32f1xx_it.o
                0x0000000008000e52                PendSV_Handler
 .text.SysTick_Handler
                0x0000000008000e5e        0xc ./Core/Src/stm32f1xx_it.o
                0x0000000008000e5e                SysTick_Handler
 *fill*         0x0000000008000e6a        0x2 
 .text.USB_HP_CAN1_TX_IRQHandler
                0x0000000008000e6c       0x14 ./Core/Src/stm32f1xx_it.o
                0x0000000008000e6c                USB_HP_CAN1_TX_IRQHandler
 .text.USB_LP_CAN1_RX0_IRQHandler
                0x0000000008000e80       0x14 ./Core/Src/stm32f1xx_it.o
                0x0000000008000e80                USB_LP_CAN1_RX0_IRQHandler
 .text.SystemInit
                0x0000000008000e94        0xc ./Core/Src/system_stm32f1xx.o
                0x0000000008000e94                SystemInit
 .text.Reset_Handler
                0x0000000008000ea0       0x48 ./Core/Startup/startup_stm32f103c8tx.o
                0x0000000008000ea0                Reset_Handler
 .text.Default_Handler
                0x0000000008000ee8        0x2 ./Core/Startup/startup_stm32f103c8tx.o
                0x0000000008000ee8                RTC_Alarm_IRQHandler
                0x0000000008000ee8                EXTI2_IRQHandler
                0x0000000008000ee8                TIM1_CC_IRQHandler
                0x0000000008000ee8                PVD_IRQHandler
                0x0000000008000ee8                EXTI3_IRQHandler
                0x0000000008000ee8                EXTI0_IRQHandler
                0x0000000008000ee8                I2C2_EV_IRQHandler
                0x0000000008000ee8                ADC1_2_IRQHandler
                0x0000000008000ee8                SPI1_IRQHandler
                0x0000000008000ee8                TAMPER_IRQHandler
                0x0000000008000ee8                DMA1_Channel4_IRQHandler
                0x0000000008000ee8                USART3_IRQHandler
                0x0000000008000ee8                RTC_IRQHandler
                0x0000000008000ee8                DMA1_Channel7_IRQHandler
                0x0000000008000ee8                CAN1_RX1_IRQHandler
                0x0000000008000ee8                TIM4_IRQHandler
                0x0000000008000ee8                I2C1_EV_IRQHandler
                0x0000000008000ee8                DMA1_Channel6_IRQHandler
                0x0000000008000ee8                TIM3_IRQHandler
                0x0000000008000ee8                RCC_IRQHandler
                0x0000000008000ee8                TIM1_TRG_COM_IRQHandler
                0x0000000008000ee8                DMA1_Channel1_IRQHandler
                0x0000000008000ee8                Default_Handler
                0x0000000008000ee8                EXTI15_10_IRQHandler
                0x0000000008000ee8                EXTI9_5_IRQHandler
                0x0000000008000ee8                SPI2_IRQHandler
                0x0000000008000ee8                DMA1_Channel5_IRQHandler
                0x0000000008000ee8                EXTI4_IRQHandler
                0x0000000008000ee8                DMA1_Channel3_IRQHandler
                0x0000000008000ee8                TIM1_UP_IRQHandler
                0x0000000008000ee8                WWDG_IRQHandler
                0x0000000008000ee8                TIM2_IRQHandler
                0x0000000008000ee8                TIM1_BRK_IRQHandler
                0x0000000008000ee8                EXTI1_IRQHandler
                0x0000000008000ee8                USART2_IRQHandler
                0x0000000008000ee8                I2C2_ER_IRQHandler
                0x0000000008000ee8                DMA1_Channel2_IRQHandler
                0x0000000008000ee8                CAN1_SCE_IRQHandler
                0x0000000008000ee8                FLASH_IRQHandler
                0x0000000008000ee8                USART1_IRQHandler
                0x0000000008000ee8                I2C1_ER_IRQHandler
                0x0000000008000ee8                USBWakeUp_IRQHandler
 *fill*         0x0000000008000eea        0x2 
 .text.HAL_Init
                0x0000000008000eec       0x2c ./Drivers/STM32F1xx_HAL_Driver/Src/stm32f1xx_hal.o
                0x0000000008000eec                HAL_Init
 .text.HAL_InitTick
                0x0000000008000f18       0x60 ./Drivers/STM32F1xx_HAL_Driver/Src/stm32f1xx_hal.o
                0x0000000008000f18                HAL_InitTick
 .text.HAL_IncTick
                0x0000000008000f78       0x24 ./Drivers/STM32F1xx_HAL_Driver/Src/stm32f1xx_hal.o
                0x0000000008000f78                HAL_IncTick
 .text.HAL_GetTick
                0x0000000008000f9c       0x14 ./Drivers/STM32F1xx_HAL_Driver/Src/stm32f1xx_hal.o
                0x0000000008000f9c                HAL_GetTick
 .text.HAL_Delay
                0x0000000008000fb0       0x48 ./Drivers/STM32F1xx_HAL_Driver/Src/stm32f1xx_hal.o
                0x0000000008000fb0                HAL_Delay
 .text.__NVIC_SetPriorityGrouping
                0x0000000008000ff8       0x48 ./Drivers/STM32F1xx_HAL_Driver/Src/stm32f1xx_hal_cortex.o
 .text.__NVIC_GetPriorityGrouping
                0x0000000008001040       0x1c ./Drivers/STM32F1xx_HAL_Driver/Src/stm32f1xx_hal_cortex.o
 .text.__NVIC_EnableIRQ
                0x000000000800105c       0x38 ./Drivers/STM32F1xx_HAL_Driver/Src/stm32f1xx_hal_cortex.o
 .text.__NVIC_SetPriority
                0x0000000008001094       0x54 ./Drivers/STM32F1xx_HAL_Driver/Src/stm32f1xx_hal_cortex.o
 .text.NVIC_EncodePriority
                0x00000000080010e8       0x64 ./Drivers/STM32F1xx_HAL_Driver/Src/stm32f1xx_hal_cortex.o
 .text.SysTick_Config
                0x000000000800114c       0x44 ./Drivers/STM32F1xx_HAL_Driver/Src/stm32f1xx_hal_cortex.o
 .text.HAL_NVIC_SetPriorityGrouping
                0x0000000008001190       0x16 ./Drivers/STM32F1xx_HAL_Driver/Src/stm32f1xx_hal_cortex.o
                0x0000000008001190                HAL_NVIC_SetPriorityGrouping
 .text.HAL_NVIC_SetPriority
                0x00000000080011a6       0x38 ./Drivers/STM32F1xx_HAL_Driver/Src/stm32f1xx_hal_cortex.o
                0x00000000080011a6                HAL_NVIC_SetPriority
 .text.HAL_NVIC_EnableIRQ
                0x00000000080011de       0x1c ./Drivers/STM32F1xx_HAL_Driver/Src/stm32f1xx_hal_cortex.o
                0x00000000080011de                HAL_NVIC_EnableIRQ
 .text.HAL_SYSTICK_Config
                0x00000000080011fa       0x18 ./Drivers/STM32F1xx_HAL_Driver/Src/stm32f1xx_hal_cortex.o
                0x00000000080011fa                HAL_SYSTICK_Config
 *fill*         0x0000000008001212        0x2 
 .text.HAL_GPIO_Init
                0x0000000008001214      0x308 ./Drivers/STM32F1xx_HAL_Driver/Src/stm32f1xx_hal_gpio.o
                0x0000000008001214                HAL_GPIO_Init
 .text.HAL_GPIO_WritePin
                0x000000000800151c       0x30 ./Drivers/STM32F1xx_HAL_Driver/Src/stm32f1xx_hal_gpio.o
                0x000000000800151c                HAL_GPIO_WritePin
 .text.HAL_I2C_Init
                0x000000000800154c      0x288 ./Drivers/STM32F1xx_HAL_Driver/Src/stm32f1xx_hal_i2c.o
                0x000000000800154c                HAL_I2C_Init
 .text.HAL_I2C_Mem_Write
                0x00000000080017d4      0x1f4 ./Drivers/STM32F1xx_HAL_Driver/Src/stm32f1xx_hal_i2c.o
                0x00000000080017d4                HAL_I2C_Mem_Write
 .text.HAL_I2C_Mem_Read
                0x00000000080019c8      0x4d0 ./Drivers/STM32F1xx_HAL_Driver/Src/stm32f1xx_hal_i2c.o
                0x00000000080019c8                HAL_I2C_Mem_Read
 .text.I2C_RequestMemoryWrite
                0x0000000008001e98      0x12c ./Drivers/STM32F1xx_HAL_Driver/Src/stm32f1xx_hal_i2c.o
 .text.I2C_RequestMemoryRead
                0x0000000008001fc4      0x1d0 ./Drivers/STM32F1xx_HAL_Driver/Src/stm32f1xx_hal_i2c.o
 .text.I2C_WaitOnFlagUntilTimeout
                0x0000000008002194       0xae ./Drivers/STM32F1xx_HAL_Driver/Src/stm32f1xx_hal_i2c.o
 .text.I2C_WaitOnMasterAddressFlagUntilTimeout
                0x0000000008002242       0xfe ./Drivers/STM32F1xx_HAL_Driver/Src/stm32f1xx_hal_i2c.o
 .text.I2C_WaitOnTXEFlagUntilTimeout
                0x0000000008002340       0x82 ./Drivers/STM32F1xx_HAL_Driver/Src/stm32f1xx_hal_i2c.o
 .text.I2C_WaitOnBTFFlagUntilTimeout
                0x00000000080023c2       0x82 ./Drivers/STM32F1xx_HAL_Driver/Src/stm32f1xx_hal_i2c.o
 .text.I2C_WaitOnRXNEFlagUntilTimeout
                0x0000000008002444       0xac ./Drivers/STM32F1xx_HAL_Driver/Src/stm32f1xx_hal_i2c.o
 .text.I2C_IsAcknowledgeFailed
                0x00000000080024f0       0x5c ./Drivers/STM32F1xx_HAL_Driver/Src/stm32f1xx_hal_i2c.o
 .text.HAL_PCD_Init
                0x000000000800254c      0x216 ./Drivers/STM32F1xx_HAL_Driver/Src/stm32f1xx_hal_pcd.o
                0x000000000800254c                HAL_PCD_Init
 .text.HAL_PCD_Start
                0x0000000008002762       0x4c ./Drivers/STM32F1xx_HAL_Driver/Src/stm32f1xx_hal_pcd.o
                0x0000000008002762                HAL_PCD_Start
 .text.HAL_PCD_IRQHandler
                0x00000000080027ae      0x2a6 ./Drivers/STM32F1xx_HAL_Driver/Src/stm32f1xx_hal_pcd.o
                0x00000000080027ae                HAL_PCD_IRQHandler
 .text.HAL_PCD_SetAddress
                0x0000000008002a54       0x4a ./Drivers/STM32F1xx_HAL_Driver/Src/stm32f1xx_hal_pcd.o
                0x0000000008002a54                HAL_PCD_SetAddress
 .text.HAL_PCD_EP_Open
                0x0000000008002a9e       0xcc ./Drivers/STM32F1xx_HAL_Driver/Src/stm32f1xx_hal_pcd.o
                0x0000000008002a9e                HAL_PCD_EP_Open
 .text.HAL_PCD_EP_Close
                0x0000000008002b6a       0x90 ./Drivers/STM32F1xx_HAL_Driver/Src/stm32f1xx_hal_pcd.o
                0x0000000008002b6a                HAL_PCD_EP_Close
 .text.HAL_PCD_EP_Receive
                0x0000000008002bfa       0x7a ./Drivers/STM32F1xx_HAL_Driver/Src/stm32f1xx_hal_pcd.o
                0x0000000008002bfa                HAL_PCD_EP_Receive
 .text.HAL_PCD_EP_GetRxCount
                0x0000000008002c74       0x2e ./Drivers/STM32F1xx_HAL_Driver/Src/stm32f1xx_hal_pcd.o
                0x0000000008002c74                HAL_PCD_EP_GetRxCount
 .text.HAL_PCD_EP_Transmit
                0x0000000008002ca2       0x86 ./Drivers/STM32F1xx_HAL_Driver/Src/stm32f1xx_hal_pcd.o
                0x0000000008002ca2                HAL_PCD_EP_Transmit
 .text.HAL_PCD_EP_SetStall
                0x0000000008002d28       0xc0 ./Drivers/STM32F1xx_HAL_Driver/Src/stm32f1xx_hal_pcd.o
                0x0000000008002d28                HAL_PCD_EP_SetStall
 .text.HAL_PCD_EP_ClrStall
                0x0000000008002de8       0xa8 ./Drivers/STM32F1xx_HAL_Driver/Src/stm32f1xx_hal_pcd.o
                0x0000000008002de8                HAL_PCD_EP_ClrStall
 .text.PCD_EP_ISR_Handler
                0x0000000008002e90      0x5e6 ./Drivers/STM32F1xx_HAL_Driver/Src/stm32f1xx_hal_pcd.o
 .text.HAL_PCD_EP_DB_Receive
                0x0000000008003476      0x21a ./Drivers/STM32F1xx_HAL_Driver/Src/stm32f1xx_hal_pcd.o
 .text.HAL_PCD_EP_DB_Transmit
                0x0000000008003690      0x556 ./Drivers/STM32F1xx_HAL_Driver/Src/stm32f1xx_hal_pcd.o
 .text.HAL_PCDEx_PMAConfig
                0x0000000008003be6       0x84 ./Drivers/STM32F1xx_HAL_Driver/Src/stm32f1xx_hal_pcd_ex.o
                0x0000000008003be6                HAL_PCDEx_PMAConfig
 *fill*         0x0000000008003c6a        0x2 
 .text.HAL_RCC_OscConfig
                0x0000000008003c6c      0x504 ./Drivers/STM32F1xx_HAL_Driver/Src/stm32f1xx_hal_rcc.o
                0x0000000008003c6c                HAL_RCC_OscConfig
 .text.HAL_RCC_ClockConfig
                0x0000000008004170      0x1d4 ./Drivers/STM32F1xx_HAL_Driver/Src/stm32f1xx_hal_rcc.o
                0x0000000008004170                HAL_RCC_ClockConfig
 .text.HAL_RCC_GetSysClockFreq
                0x0000000008004344       0xbc ./Drivers/STM32F1xx_HAL_Driver/Src/stm32f1xx_hal_rcc.o
                0x0000000008004344                HAL_RCC_GetSysClockFreq
 .text.HAL_RCC_GetHCLKFreq
                0x0000000008004400       0x14 ./Drivers/STM32F1xx_HAL_Driver/Src/stm32f1xx_hal_rcc.o
                0x0000000008004400                HAL_RCC_GetHCLKFreq
 .text.HAL_RCC_GetPCLK1Freq
                0x0000000008004414       0x28 ./Drivers/STM32F1xx_HAL_Driver/Src/stm32f1xx_hal_rcc.o
                0x0000000008004414                HAL_RCC_GetPCLK1Freq
 .text.RCC_Delay
                0x000000000800443c       0x3c ./Drivers/STM32F1xx_HAL_Driver/Src/stm32f1xx_hal_rcc.o
 .text.HAL_RCCEx_PeriphCLKConfig
                0x0000000008004478      0x16c ./Drivers/STM32F1xx_HAL_Driver/Src/stm32f1xx_hal_rcc_ex.o
                0x0000000008004478                HAL_RCCEx_PeriphCLKConfig
 .text.USB_CoreInit
                0x00000000080045e4       0x20 ./Drivers/STM32F1xx_HAL_Driver/Src/stm32f1xx_ll_usb.o
                0x00000000080045e4                USB_CoreInit
 .text.USB_EnableGlobalInt
                0x0000000008004604       0x2c ./Drivers/STM32F1xx_HAL_Driver/Src/stm32f1xx_ll_usb.o
                0x0000000008004604                USB_EnableGlobalInt
 .text.USB_DisableGlobalInt
                0x0000000008004630       0x34 ./Drivers/STM32F1xx_HAL_Driver/Src/stm32f1xx_ll_usb.o
                0x0000000008004630                USB_DisableGlobalInt
 .text.USB_SetCurrentMode
                0x0000000008004664       0x18 ./Drivers/STM32F1xx_HAL_Driver/Src/stm32f1xx_ll_usb.o
                0x0000000008004664                USB_SetCurrentMode
 .text.USB_DevInit
                0x000000000800467c       0x40 ./Drivers/STM32F1xx_HAL_Driver/Src/stm32f1xx_ll_usb.o
                0x000000000800467c                USB_DevInit
 .text.USB_ActivateEndpoint
                0x00000000080046bc      0x6d4 ./Drivers/STM32F1xx_HAL_Driver/Src/stm32f1xx_ll_usb.o
                0x00000000080046bc                USB_ActivateEndpoint
 .text.USB_DeactivateEndpoint
                0x0000000008004d90      0x3d8 ./Drivers/STM32F1xx_HAL_Driver/Src/stm32f1xx_ll_usb.o
                0x0000000008004d90                USB_DeactivateEndpoint
 .text.USB_EPStartXfer
                0x0000000008005168     0x174e ./Drivers/STM32F1xx_HAL_Driver/Src/stm32f1xx_ll_usb.o
                0x0000000008005168                USB_EPStartXfer
 .text.USB_EPSetStall
                0x00000000080068b6       0xa0 ./Drivers/STM32F1xx_HAL_Driver/Src/stm32f1xx_ll_usb.o
                0x00000000080068b6                USB_EPSetStall
 .text.USB_EPClearStall
                0x0000000008006956      0x15a ./Drivers/STM32F1xx_HAL_Driver/Src/stm32f1xx_ll_usb.o
                0x0000000008006956                USB_EPClearStall
 .text.USB_SetDevAddress
                0x0000000008006ab0       0x26 ./Drivers/STM32F1xx_HAL_Driver/Src/stm32f1xx_ll_usb.o
                0x0000000008006ab0                USB_SetDevAddress
 .text.USB_DevConnect
                0x0000000008006ad6       0x14 ./Drivers/STM32F1xx_HAL_Driver/Src/stm32f1xx_ll_usb.o
                0x0000000008006ad6                USB_DevConnect
 .text.USB_DevDisconnect
                0x0000000008006aea       0x14 ./Drivers/STM32F1xx_HAL_Driver/Src/stm32f1xx_ll_usb.o
                0x0000000008006aea                USB_DevDisconnect
 .text.USB_ReadInterrupts
                0x0000000008006afe       0x1e ./Drivers/STM32F1xx_HAL_Driver/Src/stm32f1xx_ll_usb.o
                0x0000000008006afe                USB_ReadInterrupts
 .text.USB_EP0_OutStart
                0x0000000008006b1c       0x16 ./Drivers/STM32F1xx_HAL_Driver/Src/stm32f1xx_ll_usb.o
                0x0000000008006b1c                USB_EP0_OutStart
 .text.USB_WritePMA
                0x0000000008006b32       0x8a ./Drivers/STM32F1xx_HAL_Driver/Src/stm32f1xx_ll_usb.o
                0x0000000008006b32                USB_WritePMA
 .text.USB_ReadPMA
                0x0000000008006bbc       0x9e ./Drivers/STM32F1xx_HAL_Driver/Src/stm32f1xx_ll_usb.o
                0x0000000008006bbc                USB_ReadPMA
 .text.USBD_CDC_Init
                0x0000000008006c5a       0xf4 ./Middlewares/ST/STM32_USB_Device_Library/Class/CDC/Src/usbd_cdc.o
 .text.USBD_CDC_DeInit
                0x0000000008006d4e       0x6e ./Middlewares/ST/STM32_USB_Device_Library/Class/CDC/Src/usbd_cdc.o
 .text.USBD_CDC_Setup
                0x0000000008006dbc      0x146 ./Middlewares/ST/STM32_USB_Device_Library/Class/CDC/Src/usbd_cdc.o
 .text.USBD_CDC_DataIn
                0x0000000008006f02       0xa6 ./Middlewares/ST/STM32_USB_Device_Library/Class/CDC/Src/usbd_cdc.o
 .text.USBD_CDC_DataOut
                0x0000000008006fa8       0x56 ./Middlewares/ST/STM32_USB_Device_Library/Class/CDC/Src/usbd_cdc.o
 .text.USBD_CDC_EP0_RxReady
                0x0000000008006ffe       0x50 ./Middlewares/ST/STM32_USB_Device_Library/Class/CDC/Src/usbd_cdc.o
 *fill*         0x000000000800704e        0x2 
 .text.USBD_CDC_GetFSCfgDesc
                0x0000000008007050       0x20 ./Middlewares/ST/STM32_USB_Device_Library/Class/CDC/Src/usbd_cdc.o
 .text.USBD_CDC_GetHSCfgDesc
                0x0000000008007070       0x20 ./Middlewares/ST/STM32_USB_Device_Library/Class/CDC/Src/usbd_cdc.o
 .text.USBD_CDC_GetOtherSpeedCfgDesc
                0x0000000008007090       0x20 ./Middlewares/ST/STM32_USB_Device_Library/Class/CDC/Src/usbd_cdc.o
 .text.USBD_CDC_GetDeviceQualifierDescriptor
                0x00000000080070b0       0x20 ./Middlewares/ST/STM32_USB_Device_Library/Class/CDC/Src/usbd_cdc.o
                0x00000000080070b0                USBD_CDC_GetDeviceQualifierDescriptor
 .text.USBD_CDC_RegisterInterface
                0x00000000080070d0       0x2c ./Middlewares/ST/STM32_USB_Device_Library/Class/CDC/Src/usbd_cdc.o
                0x00000000080070d0                USBD_CDC_RegisterInterface
 .text.USBD_CDC_SetTxBuffer
                0x00000000080070fc       0x32 ./Middlewares/ST/STM32_USB_Device_Library/Class/CDC/Src/usbd_cdc.o
                0x00000000080070fc                USBD_CDC_SetTxBuffer
 .text.USBD_CDC_SetRxBuffer
                0x000000000800712e       0x26 ./Middlewares/ST/STM32_USB_Device_Library/Class/CDC/Src/usbd_cdc.o
                0x000000000800712e                USBD_CDC_SetRxBuffer
 .text.USBD_CDC_TransmitPacket
                0x0000000008007154       0x5e ./Middlewares/ST/STM32_USB_Device_Library/Class/CDC/Src/usbd_cdc.o
                0x0000000008007154                USBD_CDC_TransmitPacket
 .text.USBD_CDC_ReceivePacket
                0x00000000080071b2       0x54 ./Middlewares/ST/STM32_USB_Device_Library/Class/CDC/Src/usbd_cdc.o
                0x00000000080071b2                USBD_CDC_ReceivePacket
 .text.USBD_Init
                0x0000000008007206       0x56 ./Middlewares/ST/STM32_USB_Device_Library/Core/Src/usbd_core.o
                0x0000000008007206                USBD_Init
 .text.USBD_RegisterClass
                0x000000000800725c       0x32 ./Middlewares/ST/STM32_USB_Device_Library/Core/Src/usbd_core.o
                0x000000000800725c                USBD_RegisterClass
 .text.USBD_Start
                0x000000000800728e       0x18 ./Middlewares/ST/STM32_USB_Device_Library/Core/Src/usbd_core.o
                0x000000000800728e                USBD_Start
 .text.USBD_RunTestMode
                0x00000000080072a6       0x14 ./Middlewares/ST/STM32_USB_Device_Library/Core/Src/usbd_core.o
                0x00000000080072a6                USBD_RunTestMode
 .text.USBD_SetClassConfig
                0x00000000080072ba       0x3e ./Middlewares/ST/STM32_USB_Device_Library/Core/Src/usbd_core.o
                0x00000000080072ba                USBD_SetClassConfig
 .text.USBD_ClrClassConfig
                0x00000000080072f8       0x26 ./Middlewares/ST/STM32_USB_Device_Library/Core/Src/usbd_core.o
                0x00000000080072f8                USBD_ClrClassConfig
 .text.USBD_LL_SetupStage
                0x000000000800731e       0x9a ./Middlewares/ST/STM32_USB_Device_Library/Core/Src/usbd_core.o
                0x000000000800731e                USBD_LL_SetupStage
 .text.USBD_LL_DataOutStage
                0x00000000080073b8       0xe2 ./Middlewares/ST/STM32_USB_Device_Library/Core/Src/usbd_core.o
                0x00000000080073b8                USBD_LL_DataOutStage
 .text.USBD_LL_DataInStage
                0x000000000800749a      0x14a ./Middlewares/ST/STM32_USB_Device_Library/Core/Src/usbd_core.o
                0x000000000800749a                USBD_LL_DataInStage
 .text.USBD_LL_Reset
                0x00000000080075e4       0x82 ./Middlewares/ST/STM32_USB_Device_Library/Core/Src/usbd_core.o
                0x00000000080075e4                USBD_LL_Reset
 .text.USBD_LL_SetSpeed
                0x0000000008007666       0x1e ./Middlewares/ST/STM32_USB_Device_Library/Core/Src/usbd_core.o
                0x0000000008007666                USBD_LL_SetSpeed
 .text.USBD_LL_Suspend
                0x0000000008007684       0x28 ./Middlewares/ST/STM32_USB_Device_Library/Core/Src/usbd_core.o
                0x0000000008007684                USBD_LL_Suspend
 .text.USBD_LL_Resume
                0x00000000080076ac       0x2a ./Middlewares/ST/STM32_USB_Device_Library/Core/Src/usbd_core.o
                0x00000000080076ac                USBD_LL_Resume
 .text.USBD_LL_SOF
                0x00000000080076d6       0x34 ./Middlewares/ST/STM32_USB_Device_Library/Core/Src/usbd_core.o
                0x00000000080076d6                USBD_LL_SOF
 *fill*         0x000000000800770a        0x2 
 .text.USBD_StdDevReq
                0x000000000800770c       0xd4 ./Middlewares/ST/STM32_USB_Device_Library/Core/Src/usbd_ctlreq.o
                0x000000000800770c                USBD_StdDevReq
 .text.USBD_StdItfReq
                0x00000000080077e0       0x90 ./Middlewares/ST/STM32_USB_Device_Library/Core/Src/usbd_ctlreq.o
                0x00000000080077e0                USBD_StdItfReq
 .text.USBD_StdEPReq
                0x0000000008007870      0x2c6 ./Middlewares/ST/STM32_USB_Device_Library/Core/Src/usbd_ctlreq.o
                0x0000000008007870                USBD_StdEPReq
 *fill*         0x0000000008007b36        0x2 
 .text.USBD_GetDescriptor
                0x0000000008007b38      0x2d0 ./Middlewares/ST/STM32_USB_Device_Library/Core/Src/usbd_ctlreq.o
 .text.USBD_SetAddress
                0x0000000008007e08       0x86 ./Middlewares/ST/STM32_USB_Device_Library/Core/Src/usbd_ctlreq.o
 *fill*         0x0000000008007e8e        0x2 
 .text.USBD_SetConfig
                0x0000000008007e90      0x11c ./Middlewares/ST/STM32_USB_Device_Library/Core/Src/usbd_ctlreq.o
 .text.USBD_GetConfig
                0x0000000008007fac       0x6a ./Middlewares/ST/STM32_USB_Device_Library/Core/Src/usbd_ctlreq.o
 .text.USBD_GetStatus
                0x0000000008008016       0x66 ./Middlewares/ST/STM32_USB_Device_Library/Core/Src/usbd_ctlreq.o
 .text.USBD_SetFeature
                0x000000000800807c       0x28 ./Middlewares/ST/STM32_USB_Device_Library/Core/Src/usbd_ctlreq.o
 .text.USBD_ClrFeature
                0x00000000080080a4       0x42 ./Middlewares/ST/STM32_USB_Device_Library/Core/Src/usbd_ctlreq.o
 .text.USBD_ParseSetupRequest
                0x00000000080080e6       0x78 ./Middlewares/ST/STM32_USB_Device_Library/Core/Src/usbd_ctlreq.o
                0x00000000080080e6                USBD_ParseSetupRequest
 .text.USBD_CtlError
                0x000000000800815e       0x22 ./Middlewares/ST/STM32_USB_Device_Library/Core/Src/usbd_ctlreq.o
                0x000000000800815e                USBD_CtlError
 .text.USBD_GetString
                0x0000000008008180       0x84 ./Middlewares/ST/STM32_USB_Device_Library/Core/Src/usbd_ctlreq.o
                0x0000000008008180                USBD_GetString
 .text.USBD_GetLen
                0x0000000008008204       0x2e ./Middlewares/ST/STM32_USB_Device_Library/Core/Src/usbd_ctlreq.o
 .text.USBD_CtlSendData
                0x0000000008008232       0x38 ./Middlewares/ST/STM32_USB_Device_Library/Core/Src/usbd_ioreq.o
                0x0000000008008232                USBD_CtlSendData
 .text.USBD_CtlContinueSendData
                0x000000000800826a       0x24 ./Middlewares/ST/STM32_USB_Device_Library/Core/Src/usbd_ioreq.o
                0x000000000800826a                USBD_CtlContinueSendData
 .text.USBD_CtlPrepareRx
                0x000000000800828e       0x3c ./Middlewares/ST/STM32_USB_Device_Library/Core/Src/usbd_ioreq.o
                0x000000000800828e                USBD_CtlPrepareRx
 .text.USBD_CtlContinueRx
                0x00000000080082ca       0x24 ./Middlewares/ST/STM32_USB_Device_Library/Core/Src/usbd_ioreq.o
                0x00000000080082ca                USBD_CtlContinueRx
 .text.USBD_CtlSendStatus
                0x00000000080082ee       0x26 ./Middlewares/ST/STM32_USB_Device_Library/Core/Src/usbd_ioreq.o
                0x00000000080082ee                USBD_CtlSendStatus
 .text.USBD_CtlReceiveStatus
                0x0000000008008314       0x26 ./Middlewares/ST/STM32_USB_Device_Library/Core/Src/usbd_ioreq.o
                0x0000000008008314                USBD_CtlReceiveStatus
 *fill*         0x000000000800833a        0x2 
 .text.MX_USB_DEVICE_Init
                0x000000000800833c       0xa4 ./USB_DEVICE/App/usb_device.o
                0x000000000800833c                MX_USB_DEVICE_Init
 .text.CDC_Init_FS
                0x00000000080083e0       0x70 ./USB_DEVICE/App/usbd_cdc_if.o
 .text.CDC_DeInit_FS
                0x0000000008008450        0xe ./USB_DEVICE/App/usbd_cdc_if.o
 *fill*         0x000000000800845e        0x2 
 .text.CDC_Control_FS
                0x0000000008008460      0x144 ./USB_DEVICE/App/usbd_cdc_if.o
 .text.CDC_Receive_FS
                0x00000000080085a4       0x84 ./USB_DEVICE/App/usbd_cdc_if.o
 .text.CDC_Transmit_FS
                0x0000000008008628       0x4c ./USB_DEVICE/App/usbd_cdc_if.o
                0x0000000008008628                CDC_Transmit_FS
 .text.CDC_ReadRxBuffer_FS
                0x0000000008008674       0x70 ./USB_DEVICE/App/usbd_cdc_if.o
                0x0000000008008674                CDC_ReadRxBuffer_FS
 .text.CDC_GetRxBufferBytesAvailable_FS
                0x00000000080086e4       0x2c ./USB_DEVICE/App/usbd_cdc_if.o
                0x00000000080086e4                CDC_GetRxBufferBytesAvailable_FS
 .text.CDC_FlushRxBuffer_FS
                0x0000000008008710       0x48 ./USB_DEVICE/App/usbd_cdc_if.o
                0x0000000008008710                CDC_FlushRxBuffer_FS
 .text.USBD_FS_DeviceDescriptor
                0x0000000008008758       0x24 ./USB_DEVICE/App/usbd_desc.o
                0x0000000008008758                USBD_FS_DeviceDescriptor
 .text.USBD_FS_LangIDStrDescriptor
                0x000000000800877c       0x24 ./USB_DEVICE/App/usbd_desc.o
                0x000000000800877c                USBD_FS_LangIDStrDescriptor
 .text.USBD_FS_ProductStrDescriptor
                0x00000000080087a0       0x3c ./USB_DEVICE/App/usbd_desc.o
                0x00000000080087a0                USBD_FS_ProductStrDescriptor
 .text.USBD_FS_ManufacturerStrDescriptor
                0x00000000080087dc       0x28 ./USB_DEVICE/App/usbd_desc.o
                0x00000000080087dc                USBD_FS_ManufacturerStrDescriptor
 .text.USBD_FS_SerialStrDescriptor
                0x0000000008008804       0x24 ./USB_DEVICE/App/usbd_desc.o
                0x0000000008008804                USBD_FS_SerialStrDescriptor
 .text.USBD_FS_ConfigStrDescriptor
                0x0000000008008828       0x3c ./USB_DEVICE/App/usbd_desc.o
                0x0000000008008828                USBD_FS_ConfigStrDescriptor
 .text.USBD_FS_InterfaceStrDescriptor
                0x0000000008008864       0x3c ./USB_DEVICE/App/usbd_desc.o
                0x0000000008008864                USBD_FS_InterfaceStrDescriptor
 .text.Get_SerialNum
                0x00000000080088a0       0x58 ./USB_DEVICE/App/usbd_desc.o
 .text.IntToUnicode
                0x00000000080088f8       0x7c ./USB_DEVICE/App/usbd_desc.o
 .text.HAL_PCD_MspInit
                0x0000000008008974       0x5c ./USB_DEVICE/Target/usbd_conf.o
                0x0000000008008974                HAL_PCD_MspInit
 .text.HAL_PCD_SetupStageCallback
                0x00000000080089d0       0x24 ./USB_DEVICE/Target/usbd_conf.o
                0x00000000080089d0                HAL_PCD_SetupStageCallback
 .text.HAL_PCD_DataOutStageCallback
                0x00000000080089f4       0x36 ./USB_DEVICE/Target/usbd_conf.o
                0x00000000080089f4                HAL_PCD_DataOutStageCallback
 .text.HAL_PCD_DataInStageCallback
                0x0000000008008a2a       0x34 ./USB_DEVICE/Target/usbd_conf.o
                0x0000000008008a2a                HAL_PCD_DataInStageCallback
 .text.HAL_PCD_SOFCallback
                0x0000000008008a5e       0x1c ./USB_DEVICE/Target/usbd_conf.o
                0x0000000008008a5e                HAL_PCD_SOFCallback
 .text.HAL_PCD_ResetCallback
                0x0000000008008a7a       0x3c ./USB_DEVICE/Target/usbd_conf.o
                0x0000000008008a7a                HAL_PCD_ResetCallback
 *fill*         0x0000000008008ab6        0x2 
 .text.HAL_PCD_SuspendCallback
                0x0000000008008ab8       0x34 ./USB_DEVICE/Target/usbd_conf.o
                0x0000000008008ab8                HAL_PCD_SuspendCallback
 .text.HAL_PCD_ResumeCallback
                0x0000000008008aec       0x1c ./USB_DEVICE/Target/usbd_conf.o
                0x0000000008008aec                HAL_PCD_ResumeCallback
 .text.USBD_LL_Init
                0x0000000008008b08       0xb4 ./USB_DEVICE/Target/usbd_conf.o
                0x0000000008008b08                USBD_LL_Init
 .text.USBD_LL_Start
                0x0000000008008bbc       0x36 ./USB_DEVICE/Target/usbd_conf.o
                0x0000000008008bbc                USBD_LL_Start
 .text.USBD_LL_OpenEP
                0x0000000008008bf2       0x4c ./USB_DEVICE/Target/usbd_conf.o
                0x0000000008008bf2                USBD_LL_OpenEP
 .text.USBD_LL_CloseEP
                0x0000000008008c3e       0x3e ./USB_DEVICE/Target/usbd_conf.o
                0x0000000008008c3e                USBD_LL_CloseEP
 .text.USBD_LL_StallEP
                0x0000000008008c7c       0x3e ./USB_DEVICE/Target/usbd_conf.o
                0x0000000008008c7c                USBD_LL_StallEP
 .text.USBD_LL_ClearStallEP
                0x0000000008008cba       0x3e ./USB_DEVICE/Target/usbd_conf.o
                0x0000000008008cba                USBD_LL_ClearStallEP
 .text.USBD_LL_IsStallEP
                0x0000000008008cf8       0x58 ./USB_DEVICE/Target/usbd_conf.o
                0x0000000008008cf8                USBD_LL_IsStallEP
 .text.USBD_LL_SetUSBAddress
                0x0000000008008d50       0x3e ./USB_DEVICE/Target/usbd_conf.o
                0x0000000008008d50                USBD_LL_SetUSBAddress
 .text.USBD_LL_Transmit
                0x0000000008008d8e       0x46 ./USB_DEVICE/Target/usbd_conf.o
                0x0000000008008d8e                USBD_LL_Transmit
 .text.USBD_LL_PrepareReceive
                0x0000000008008dd4       0x46 ./USB_DEVICE/Target/usbd_conf.o
                0x0000000008008dd4                USBD_LL_PrepareReceive
 .text.USBD_LL_GetRxDataSize
                0x0000000008008e1a       0x26 ./USB_DEVICE/Target/usbd_conf.o
                0x0000000008008e1a                USBD_LL_GetRxDataSize
 .text.USBD_static_malloc
                0x0000000008008e40       0x18 ./USB_DEVICE/Target/usbd_conf.o
                0x0000000008008e40                USBD_static_malloc
 .text.USBD_static_free
                0x0000000008008e58       0x12 ./USB_DEVICE/Target/usbd_conf.o
                0x0000000008008e58                USBD_static_free
 .text.HAL_PCDEx_SetConnectionState
                0x0000000008008e6a       0x16 ./USB_DEVICE/Target/usbd_conf.o
                0x0000000008008e6a                HAL_PCDEx_SetConnectionState
 .text.USBD_Get_USB_Status
                0x0000000008008e80       0x58 ./USB_DEVICE/Target/usbd_conf.o
 .text.__libc_init_array
                0x0000000008008ed8       0x48 /opt/st/stm32cubeide_1.9.0/plugins/com.st.stm32cube.ide.mcu.externaltools.gnu-tools-for-stm32.10.3-2021.10.linux64_1.0.0.202111181127/tools/bin/../lib/gcc/arm-none-eabi/10.3.1/../../../../arm-none-eabi/lib/thumb/v7-m/nofp/libc_nano.a(lib_a-init.o)
                0x0000000008008ed8                __libc_init_array
 .text.memset   0x0000000008008f20       0x10 /opt/st/stm32cubeide_1.9.0/plugins/com.st.stm32cube.ide.mcu.externaltools.gnu-tools-for-stm32.10.3-2021.10.linux64_1.0.0.202111181127/tools/bin/../lib/gcc/arm-none-eabi/10.3.1/../../../../arm-none-eabi/lib/thumb/v7-m/nofp/libc_nano.a(lib_a-memset.o)
                0x0000000008008f20                memset
 *(.glue_7)
 .glue_7        0x0000000008008f30        0x0 linker stubs
 *(.glue_7t)
 .glue_7t       0x0000000008008f30        0x0 linker stubs
 *(.eh_frame)
 .eh_frame      0x0000000008008f30        0x0 /opt/st/stm32cubeide_1.9.0/plugins/com.st.stm32cube.ide.mcu.externaltools.gnu-tools-for-stm32.10.3-2021.10.linux64_1.0.0.202111181127/tools/bin/../lib/gcc/arm-none-eabi/10.3.1/thumb/v7-m/nofp/crtbegin.o
 *(.init)
 .init          0x0000000008008f30        0x4 /opt/st/stm32cubeide_1.9.0/plugins/com.st.stm32cube.ide.mcu.externaltools.gnu-tools-for-stm32.10.3-2021.10.linux64_1.0.0.202111181127/tools/bin/../lib/gcc/arm-none-eabi/10.3.1/thumb/v7-m/nofp/crti.o
                0x0000000008008f30                _init
 .init          0x0000000008008f34        0x8 /opt/st/stm32cubeide_1.9.0/plugins/com.st.stm32cube.ide.mcu.externaltools.gnu-tools-for-stm32.10.3-2021.10.linux64_1.0.0.202111181127/tools/bin/../lib/gcc/arm-none-eabi/10.3.1/thumb/v7-m/nofp/crtn.o
 *(.fini)
 .fini          0x0000000008008f3c        0x4 /opt/st/stm32cubeide_1.9.0/plugins/com.st.stm32cube.ide.mcu.externaltools.gnu-tools-for-stm32.10.3-2021.10.linux64_1.0.0.202111181127/tools/bin/../lib/gcc/arm-none-eabi/10.3.1/thumb/v7-m/nofp/crti.o
                0x0000000008008f3c                _fini
 .fini          0x0000000008008f40        0x8 /opt/st/stm32cubeide_1.9.0/plugins/com.st.stm32cube.ide.mcu.externaltools.gnu-tools-for-stm32.10.3-2021.10.linux64_1.0.0.202111181127/tools/bin/../lib/gcc/arm-none-eabi/10.3.1/thumb/v7-m/nofp/crtn.o
                0x0000000008008f48                . = ALIGN (0x4)
                0x0000000008008f48                _etext = .

.vfp11_veneer   0x0000000008008f48        0x0
 .vfp11_veneer  0x0000000008008f48        0x0 linker stubs

.v4_bx          0x0000000008008f48        0x0
 .v4_bx         0x0000000008008f48        0x0 linker stubs

.iplt           0x0000000008008f48        0x0
 .iplt          0x0000000008008f48        0x0 /opt/st/stm32cubeide_1.9.0/plugins/com.st.stm32cube.ide.mcu.externaltools.gnu-tools-for-stm32.10.3-2021.10.linux64_1.0.0.202111181127/tools/bin/../lib/gcc/arm-none-eabi/10.3.1/thumb/v7-m/nofp/crtbegin.o

.rodata         0x0000000008008f48       0x70
                0x0000000008008f48                . = ALIGN (0x4)
 *(.rodata)
 .rodata        0x0000000008008f48       0x10 ./Drivers/STM32F1xx_HAL_Driver/Src/stm32f1xx_hal_rcc.o
 .rodata        0x0000000008008f58       0x46 ./USB_DEVICE/App/usbd_desc.o
 *(.rodata*)
 *fill*         0x0000000008008f9e        0x2 
 .rodata.AHBPrescTable
                0x0000000008008fa0       0x10 ./Core/Src/system_stm32f1xx.o
                0x0000000008008fa0                AHBPrescTable
 .rodata.APBPrescTable
                0x0000000008008fb0        0x8 ./Core/Src/system_stm32f1xx.o
                0x0000000008008fb0                APBPrescTable
                0x0000000008008fb8                . = ALIGN (0x4)

.rel.dyn        0x0000000008008fb8        0x0
 .rel.iplt      0x0000000008008fb8        0x0 /opt/st/stm32cubeide_1.9.0/plugins/com.st.stm32cube.ide.mcu.externaltools.gnu-tools-for-stm32.10.3-2021.10.linux64_1.0.0.202111181127/tools/bin/../lib/gcc/arm-none-eabi/10.3.1/thumb/v7-m/nofp/crtbegin.o

.ARM.extab      0x0000000008008fb8        0x0
                0x0000000008008fb8                . = ALIGN (0x4)
 *(.ARM.extab* .gnu.linkonce.armextab.*)
                0x0000000008008fb8                . = ALIGN (0x4)

.ARM            0x0000000008008fb8        0x0
                0x0000000008008fb8                . = ALIGN (0x4)
                0x0000000008008fb8                __exidx_start = .
 *(.ARM.exidx*)
                0x0000000008008fb8                __exidx_end = .
                0x0000000008008fb8                . = ALIGN (0x4)

.preinit_array  0x0000000008008fb8        0x0
                0x0000000008008fb8                . = ALIGN (0x4)
                0x0000000008008fb8                PROVIDE (__preinit_array_start = .)
 *(.preinit_array*)
                0x0000000008008fb8                PROVIDE (__preinit_array_end = .)
                0x0000000008008fb8                . = ALIGN (0x4)

.init_array     0x0000000008008fb8        0x4
                0x0000000008008fb8                . = ALIGN (0x4)
                0x0000000008008fb8                PROVIDE (__init_array_start = .)
 *(SORT_BY_NAME(.init_array.*))
 *(.init_array*)
 .init_array    0x0000000008008fb8        0x4 /opt/st/stm32cubeide_1.9.0/plugins/com.st.stm32cube.ide.mcu.externaltools.gnu-tools-for-stm32.10.3-2021.10.linux64_1.0.0.202111181127/tools/bin/../lib/gcc/arm-none-eabi/10.3.1/thumb/v7-m/nofp/crtbegin.o
                0x0000000008008fbc                PROVIDE (__init_array_end = .)
                0x0000000008008fbc                . = ALIGN (0x4)

.fini_array     0x0000000008008fbc        0x4
                0x0000000008008fbc                . = ALIGN (0x4)
                [!provide]                        PROVIDE (__fini_array_start = .)
 *(SORT_BY_NAME(.fini_array.*))
 *(.fini_array*)
 .fini_array    0x0000000008008fbc        0x4 /opt/st/stm32cubeide_1.9.0/plugins/com.st.stm32cube.ide.mcu.externaltools.gnu-tools-for-stm32.10.3-2021.10.linux64_1.0.0.202111181127/tools/bin/../lib/gcc/arm-none-eabi/10.3.1/thumb/v7-m/nofp/crtbegin.o
                [!provide]                        PROVIDE (__fini_array_end = .)
                0x0000000008008fc0                . = ALIGN (0x4)
                0x0000000008008fc0                _sidata = LOADADDR (.data)

.data           0x0000000020000000      0x1a8 load address 0x0000000008008fc0
                0x0000000020000000                . = ALIGN (0x4)
                0x0000000020000000                _sdata = .
 *(.data)
 *(.data*)
 .data.timeout.3
                0x0000000020000000        0x4 ./Core/Src/AP_application.o
 .data.memory   0x0000000020000004       0x28 ./Core/Src/DR_eeprom.o
                0x0000000020000004                memory
 .data.SystemCoreClock
                0x000000002000002c        0x4 ./Core/Src/system_stm32f1xx.o
                0x000000002000002c                SystemCoreClock
 .data.uwTickPrio
                0x0000000020000030        0x4 ./Drivers/STM32F1xx_HAL_Driver/Src/stm32f1xx_hal.o
                0x0000000020000030                uwTickPrio
 .data.uwTickFreq
                0x0000000020000034        0x1 ./Drivers/STM32F1xx_HAL_Driver/Src/stm32f1xx_hal.o
                0x0000000020000034                uwTickFreq
 *fill*         0x0000000020000035        0x3 
 .data.USBD_CDC_DeviceQualifierDesc
                0x0000000020000038        0xa ./Middlewares/ST/STM32_USB_Device_Library/Class/CDC/Src/usbd_cdc.o
 *fill*         0x0000000020000042        0x2 
 .data.USBD_CDC
                0x0000000020000044       0x38 ./Middlewares/ST/STM32_USB_Device_Library/Class/CDC/Src/usbd_cdc.o
                0x0000000020000044                USBD_CDC
 .data.USBD_CDC_CfgHSDesc
                0x000000002000007c       0x43 ./Middlewares/ST/STM32_USB_Device_Library/Class/CDC/Src/usbd_cdc.o
                0x000000002000007c                USBD_CDC_CfgHSDesc
 *fill*         0x00000000200000bf        0x1 
 .data.USBD_CDC_CfgFSDesc
                0x00000000200000c0       0x43 ./Middlewares/ST/STM32_USB_Device_Library/Class/CDC/Src/usbd_cdc.o
                0x00000000200000c0                USBD_CDC_CfgFSDesc
 *fill*         0x0000000020000103        0x1 
 .data.USBD_CDC_OtherSpeedCfgDesc
                0x0000000020000104       0x43 ./Middlewares/ST/STM32_USB_Device_Library/Class/CDC/Src/usbd_cdc.o
                0x0000000020000104                USBD_CDC_OtherSpeedCfgDesc
 *fill*         0x0000000020000147        0x1 
 .data.USBD_Interface_fops_FS
                0x0000000020000148       0x10 ./USB_DEVICE/App/usbd_cdc_if.o
                0x0000000020000148                USBD_Interface_fops_FS
 .data.FS_Desc  0x0000000020000158       0x1c ./USB_DEVICE/App/usbd_desc.o
                0x0000000020000158                FS_Desc
 .data.USBD_FS_DeviceDesc
                0x0000000020000174       0x12 ./USB_DEVICE/App/usbd_desc.o
                0x0000000020000174                USBD_FS_DeviceDesc
 *fill*         0x0000000020000186        0x2 
 .data.USBD_LangIDDesc
                0x0000000020000188        0x4 ./USB_DEVICE/App/usbd_desc.o
                0x0000000020000188                USBD_LangIDDesc
 .data.USBD_StringSerial
                0x000000002000018c       0x1a ./USB_DEVICE/App/usbd_desc.o
                0x000000002000018c                USBD_StringSerial
 *(.RamFunc)
 *(.RamFunc*)
                0x00000000200001a8                . = ALIGN (0x4)
 *fill*         0x00000000200001a6        0x2 
                0x00000000200001a8                _edata = .

.igot.plt       0x00000000200001a8        0x0 load address 0x0000000008009168
 .igot.plt      0x00000000200001a8        0x0 /opt/st/stm32cubeide_1.9.0/plugins/com.st.stm32cube.ide.mcu.externaltools.gnu-tools-for-stm32.10.3-2021.10.linux64_1.0.0.202111181127/tools/bin/../lib/gcc/arm-none-eabi/10.3.1/thumb/v7-m/nofp/crtbegin.o
                0x00000000200001a8                . = ALIGN (0x4)

.bss            0x00000000200001a8     0x1540 load address 0x0000000008009168
                0x00000000200001a8                _sbss = .
                0x00000000200001a8                __bss_start__ = _sbss
 *(.bss)
 .bss           0x00000000200001a8       0x1c /opt/st/stm32cubeide_1.9.0/plugins/com.st.stm32cube.ide.mcu.externaltools.gnu-tools-for-stm32.10.3-2021.10.linux64_1.0.0.202111181127/tools/bin/../lib/gcc/arm-none-eabi/10.3.1/thumb/v7-m/nofp/crtbegin.o
 *(.bss*)
 .bss.g_memtype
                0x00000000200001c4        0x1 ./Core/Src/AP_application.o
                0x00000000200001c4                g_memtype
 *fill*         0x00000000200001c5        0x3 
 .bss.g_memsize
                0x00000000200001c8        0x4 ./Core/Src/AP_application.o
                0x00000000200001c8                g_memsize
 .bss.g_buffer  0x00000000200001cc      0x100 ./Core/Src/AP_application.o
                0x00000000200001cc                g_buffer
 .bss.st.2      0x00000000200002cc        0x4 ./Core/Src/AP_application.o
 .bss.package.1
                0x00000000200002d0        0xc ./Core/Src/AP_application.o
 .bss.retries.0
                0x00000000200002dc        0x2 ./Core/Src/AP_application.o
 *fill*         0x00000000200002de        0x2 
 .bss.hi2c2     0x00000000200002e0       0x54 ./Core/Src/main.o
                0x00000000200002e0                hi2c2
 .bss.uwTick    0x0000000020000334        0x4 ./Drivers/STM32F1xx_HAL_Driver/Src/stm32f1xx_hal.o
                0x0000000020000334                uwTick
 .bss.cfgidx.0  0x0000000020000338        0x1 ./Middlewares/ST/STM32_USB_Device_Library/Core/Src/usbd_ctlreq.o
 *fill*         0x0000000020000339        0x3 
 .bss.hUsbDeviceFS
                0x000000002000033c      0x2c4 ./USB_DEVICE/App/usb_device.o
                0x000000002000033c                hUsbDeviceFS
 .bss.UserRxBufferFS
                0x0000000020000600      0x3e8 ./USB_DEVICE/App/usbd_cdc_if.o
                0x0000000020000600                UserRxBufferFS
 .bss.UserTxBufferFS
                0x00000000200009e8      0x3e8 ./USB_DEVICE/App/usbd_cdc_if.o
                0x00000000200009e8                UserTxBufferFS
 .bss.lcBuffer  0x0000000020000dd0        0x7 ./USB_DEVICE/App/usbd_cdc_if.o
                0x0000000020000dd0                lcBuffer
 *fill*         0x0000000020000dd7        0x1 
 .bss.rxBuffer  0x0000000020000dd8      0x200 ./USB_DEVICE/App/usbd_cdc_if.o
                0x0000000020000dd8                rxBuffer
 .bss.rxBufferHeadPos
                0x0000000020000fd8        0x2 ./USB_DEVICE/App/usbd_cdc_if.o
                0x0000000020000fd8                rxBufferHeadPos
 .bss.rxBufferTailPos
                0x0000000020000fda        0x2 ./USB_DEVICE/App/usbd_cdc_if.o
                0x0000000020000fda                rxBufferTailPos
 .bss.USBD_StrDesc
                0x0000000020000fdc      0x200 ./USB_DEVICE/App/usbd_desc.o
                0x0000000020000fdc                USBD_StrDesc
 .bss.hpcd_USB_FS
                0x00000000200011dc      0x2ec ./USB_DEVICE/Target/usbd_conf.o
                0x00000000200011dc                hpcd_USB_FS
 .bss.mem.0     0x00000000200014c8      0x220 ./USB_DEVICE/Target/usbd_conf.o
 *(COMMON)
                0x00000000200016e8                . = ALIGN (0x4)
                0x00000000200016e8                _ebss = .
                0x00000000200016e8                __bss_end__ = _ebss

._user_heap_stack
                0x00000000200016e8      0x600 load address 0x0000000008009168
                0x00000000200016e8                . = ALIGN (0x8)
                [!provide]                        PROVIDE (end = .)
                0x00000000200016e8                PROVIDE (_end = .)
                0x00000000200018e8                . = (. + _Min_Heap_Size)
 *fill*         0x00000000200016e8      0x200 
                0x0000000020001ce8                . = (. + _Min_Stack_Size)
 *fill*         0x00000000200018e8      0x400 
                0x0000000020001ce8                . = ALIGN (0x8)

/DISCARD/
 libc.a(*)
 libm.a(*)
 libgcc.a(*)

.ARM.attributes
                0x0000000000000000       0x29
 *(.ARM.attributes)
 .ARM.attributes
                0x0000000000000000       0x1d /opt/st/stm32cubeide_1.9.0/plugins/com.st.stm32cube.ide.mcu.externaltools.gnu-tools-for-stm32.10.3-2021.10.linux64_1.0.0.202111181127/tools/bin/../lib/gcc/arm-none-eabi/10.3.1/thumb/v7-m/nofp/crti.o
 .ARM.attributes
                0x000000000000001d       0x2d /opt/st/stm32cubeide_1.9.0/plugins/com.st.stm32cube.ide.mcu.externaltools.gnu-tools-for-stm32.10.3-2021.10.linux64_1.0.0.202111181127/tools/bin/../lib/gcc/arm-none-eabi/10.3.1/thumb/v7-m/nofp/crtbegin.o
 .ARM.attributes
                0x000000000000004a       0x2d ./Core/Src/AP_application.o
 .ARM.attributes
                0x0000000000000077       0x2d ./Core/Src/DR_eeprom.o
 .ARM.attributes
                0x00000000000000a4       0x2d ./Core/Src/PR_eeprom.o
 .ARM.attributes
                0x00000000000000d1       0x2d ./Core/Src/PR_serial.o
 .ARM.attributes
                0x00000000000000fe       0x2d ./Core/Src/main.o
 .ARM.attributes
                0x000000000000012b       0x2d ./Core/Src/stm32f1xx_hal_msp.o
 .ARM.attributes
                0x0000000000000158       0x2d ./Core/Src/stm32f1xx_it.o
 .ARM.attributes
                0x0000000000000185       0x2d ./Core/Src/system_stm32f1xx.o
 .ARM.attributes
                0x00000000000001b2       0x21 ./Core/Startup/startup_stm32f103c8tx.o
 .ARM.attributes
                0x00000000000001d3       0x2d ./Drivers/STM32F1xx_HAL_Driver/Src/stm32f1xx_hal.o
 .ARM.attributes
                0x0000000000000200       0x2d ./Drivers/STM32F1xx_HAL_Driver/Src/stm32f1xx_hal_cortex.o
 .ARM.attributes
                0x000000000000022d       0x2d ./Drivers/STM32F1xx_HAL_Driver/Src/stm32f1xx_hal_gpio.o
 .ARM.attributes
                0x000000000000025a       0x2d ./Drivers/STM32F1xx_HAL_Driver/Src/stm32f1xx_hal_i2c.o
 .ARM.attributes
                0x0000000000000287       0x2d ./Drivers/STM32F1xx_HAL_Driver/Src/stm32f1xx_hal_pcd.o
 .ARM.attributes
                0x00000000000002b4       0x2d ./Drivers/STM32F1xx_HAL_Driver/Src/stm32f1xx_hal_pcd_ex.o
 .ARM.attributes
                0x00000000000002e1       0x2d ./Drivers/STM32F1xx_HAL_Driver/Src/stm32f1xx_hal_rcc.o
 .ARM.attributes
                0x000000000000030e       0x2d ./Drivers/STM32F1xx_HAL_Driver/Src/stm32f1xx_hal_rcc_ex.o
 .ARM.attributes
                0x000000000000033b       0x2d ./Drivers/STM32F1xx_HAL_Driver/Src/stm32f1xx_ll_usb.o
 .ARM.attributes
                0x0000000000000368       0x2d ./Middlewares/ST/STM32_USB_Device_Library/Class/CDC/Src/usbd_cdc.o
 .ARM.attributes
                0x0000000000000395       0x2d ./Middlewares/ST/STM32_USB_Device_Library/Core/Src/usbd_core.o
 .ARM.attributes
                0x00000000000003c2       0x2d ./Middlewares/ST/STM32_USB_Device_Library/Core/Src/usbd_ctlreq.o
 .ARM.attributes
                0x00000000000003ef       0x2d ./Middlewares/ST/STM32_USB_Device_Library/Core/Src/usbd_ioreq.o
 .ARM.attributes
                0x000000000000041c       0x2d ./USB_DEVICE/App/usb_device.o
 .ARM.attributes
                0x0000000000000449       0x2d ./USB_DEVICE/App/usbd_cdc_if.o
 .ARM.attributes
                0x0000000000000476       0x2d ./USB_DEVICE/App/usbd_desc.o
 .ARM.attributes
                0x00000000000004a3       0x2d ./USB_DEVICE/Target/usbd_conf.o
 .ARM.attributes
                0x00000000000004d0       0x2d /opt/st/stm32cubeide_1.9.0/plugins/com.st.stm32cube.ide.mcu.externaltools.gnu-tools-for-stm32.10.3-2021.10.linux64_1.0.0.202111181127/tools/bin/../lib/gcc/arm-none-eabi/10.3.1/../../../../arm-none-eabi/lib/thumb/v7-m/nofp/libc_nano.a(lib_a-init.o)
 .ARM.attributes
                0x00000000000004fd       0x2d /opt/st/stm32cubeide_1.9.0/plugins/com.st.stm32cube.ide.mcu.externaltools.gnu-tools-for-stm32.10.3-2021.10.linux64_1.0.0.202111181127/tools/bin/../lib/gcc/arm-none-eabi/10.3.1/../../../../arm-none-eabi/lib/thumb/v7-m/nofp/libc_nano.a(lib_a-memset.o)
 .ARM.attributes
                0x000000000000052a       0x1d /opt/st/stm32cubeide_1.9.0/plugins/com.st.stm32cube.ide.mcu.externaltools.gnu-tools-for-stm32.10.3-2021.10.linux64_1.0.0.202111181127/tools/bin/../lib/gcc/arm-none-eabi/10.3.1/thumb/v7-m/nofp/crtn.o
OUTPUT(eeprom_programmer_STM32.elf elf32-littlearm)
LOAD linker stubs
LOAD /opt/st/stm32cubeide_1.9.0/plugins/com.st.stm32cube.ide.mcu.externaltools.gnu-tools-for-stm32.10.3-2021.10.linux64_1.0.0.202111181127/tools/bin/../lib/gcc/arm-none-eabi/10.3.1/../../../../arm-none-eabi/lib/thumb/v7-m/nofp/libc.a
LOAD /opt/st/stm32cubeide_1.9.0/plugins/com.st.stm32cube.ide.mcu.externaltools.gnu-tools-for-stm32.10.3-2021.10.linux64_1.0.0.202111181127/tools/bin/../lib/gcc/arm-none-eabi/10.3.1/../../../../arm-none-eabi/lib/thumb/v7-m/nofp/libm.a
LOAD /opt/st/stm32cubeide_1.9.0/plugins/com.st.stm32cube.ide.mcu.externaltools.gnu-tools-for-stm32.10.3-2021.10.linux64_1.0.0.202111181127/tools/bin/../lib/gcc/arm-none-eabi/10.3.1/thumb/v7-m/nofp/libgcc.a

.debug_info     0x0000000000000000    0x11140
 .debug_info    0x0000000000000000      0x671 ./Core/Src/AP_application.o
 .debug_info    0x0000000000000671      0xc44 ./Core/Src/DR_eeprom.o
 .debug_info    0x00000000000012b5      0x205 ./Core/Src/PR_eeprom.o
 .debug_info    0x00000000000014ba      0x3c2 ./Core/Src/PR_serial.o
 .debug_info    0x000000000000187c      0xaf2 ./Core/Src/main.o
 .debug_info    0x000000000000236e      0x8bd ./Core/Src/stm32f1xx_hal_msp.o
 .debug_info    0x0000000000002c2b      0x678 ./Core/Src/stm32f1xx_it.o
 .debug_info    0x00000000000032a3      0x23d ./Core/Src/system_stm32f1xx.o
 .debug_info    0x00000000000034e0       0x22 ./Core/Startup/startup_stm32f103c8tx.o
 .debug_info    0x0000000000003502      0x734 ./Drivers/STM32F1xx_HAL_Driver/Src/stm32f1xx_hal.o
 .debug_info    0x0000000000003c36      0xb20 ./Drivers/STM32F1xx_HAL_Driver/Src/stm32f1xx_hal_cortex.o
 .debug_info    0x0000000000004756      0x615 ./Drivers/STM32F1xx_HAL_Driver/Src/stm32f1xx_hal_gpio.o
 .debug_info    0x0000000000004d6b     0x271a ./Drivers/STM32F1xx_HAL_Driver/Src/stm32f1xx_hal_i2c.o
 .debug_info    0x0000000000007485     0x14d4 ./Drivers/STM32F1xx_HAL_Driver/Src/stm32f1xx_hal_pcd.o
 .debug_info    0x0000000000008959      0x726 ./Drivers/STM32F1xx_HAL_Driver/Src/stm32f1xx_hal_pcd_ex.o
 .debug_info    0x000000000000907f      0x860 ./Drivers/STM32F1xx_HAL_Driver/Src/stm32f1xx_hal_rcc.o
 .debug_info    0x00000000000098df      0x3e0 ./Drivers/STM32F1xx_HAL_Driver/Src/stm32f1xx_hal_rcc_ex.o
 .debug_info    0x0000000000009cbf     0x1838 ./Drivers/STM32F1xx_HAL_Driver/Src/stm32f1xx_ll_usb.o
 .debug_info    0x000000000000b4f7     0x10ef ./Middlewares/ST/STM32_USB_Device_Library/Class/CDC/Src/usbd_cdc.o
 .debug_info    0x000000000000c5e6      0xb02 ./Middlewares/ST/STM32_USB_Device_Library/Core/Src/usbd_core.o
 .debug_info    0x000000000000d0e8      0x9b6 ./Middlewares/ST/STM32_USB_Device_Library/Core/Src/usbd_ctlreq.o
 .debug_info    0x000000000000da9e      0x715 ./Middlewares/ST/STM32_USB_Device_Library/Core/Src/usbd_ioreq.o
 .debug_info    0x000000000000e1b3      0x7cb ./USB_DEVICE/App/usb_device.o
 .debug_info    0x000000000000e97e      0xa08 ./USB_DEVICE/App/usbd_cdc_if.o
 .debug_info    0x000000000000f386      0x484 ./USB_DEVICE/App/usbd_desc.o
 .debug_info    0x000000000000f80a     0x1936 ./USB_DEVICE/Target/usbd_conf.o

.debug_abbrev   0x0000000000000000     0x33de
 .debug_abbrev  0x0000000000000000      0x2a4 ./Core/Src/AP_application.o
 .debug_abbrev  0x00000000000002a4      0x25a ./Core/Src/DR_eeprom.o
 .debug_abbrev  0x00000000000004fe       0xe6 ./Core/Src/PR_eeprom.o
 .debug_abbrev  0x00000000000005e4      0x168 ./Core/Src/PR_serial.o
 .debug_abbrev  0x000000000000074c      0x259 ./Core/Src/main.o
 .debug_abbrev  0x00000000000009a5      0x194 ./Core/Src/stm32f1xx_hal_msp.o
 .debug_abbrev  0x0000000000000b39      0x188 ./Core/Src/stm32f1xx_it.o
 .debug_abbrev  0x0000000000000cc1      0x13b ./Core/Src/system_stm32f1xx.o
 .debug_abbrev  0x0000000000000dfc       0x12 ./Core/Startup/startup_stm32f103c8tx.o
 .debug_abbrev  0x0000000000000e0e      0x1fb ./Drivers/STM32F1xx_HAL_Driver/Src/stm32f1xx_hal.o
 .debug_abbrev  0x0000000000001009      0x2ed ./Drivers/STM32F1xx_HAL_Driver/Src/stm32f1xx_hal_cortex.o
 .debug_abbrev  0x00000000000012f6      0x1bb ./Drivers/STM32F1xx_HAL_Driver/Src/stm32f1xx_hal_gpio.o
 .debug_abbrev  0x00000000000014b1      0x288 ./Drivers/STM32F1xx_HAL_Driver/Src/stm32f1xx_hal_i2c.o
 .debug_abbrev  0x0000000000001739      0x2b9 ./Drivers/STM32F1xx_HAL_Driver/Src/stm32f1xx_hal_pcd.o
 .debug_abbrev  0x00000000000019f2      0x17f ./Drivers/STM32F1xx_HAL_Driver/Src/stm32f1xx_hal_pcd_ex.o
 .debug_abbrev  0x0000000000001b71      0x2a8 ./Drivers/STM32F1xx_HAL_Driver/Src/stm32f1xx_hal_rcc.o
 .debug_abbrev  0x0000000000001e19      0x182 ./Drivers/STM32F1xx_HAL_Driver/Src/stm32f1xx_hal_rcc_ex.o
 .debug_abbrev  0x0000000000001f9b      0x1cd ./Drivers/STM32F1xx_HAL_Driver/Src/stm32f1xx_ll_usb.o
 .debug_abbrev  0x0000000000002168      0x2c0 ./Middlewares/ST/STM32_USB_Device_Library/Class/CDC/Src/usbd_cdc.o
 .debug_abbrev  0x0000000000002428      0x236 ./Middlewares/ST/STM32_USB_Device_Library/Core/Src/usbd_core.o
 .debug_abbrev  0x000000000000265e      0x257 ./Middlewares/ST/STM32_USB_Device_Library/Core/Src/usbd_ctlreq.o
 .debug_abbrev  0x00000000000028b5      0x183 ./Middlewares/ST/STM32_USB_Device_Library/Core/Src/usbd_ioreq.o
 .debug_abbrev  0x0000000000002a38      0x1f6 ./USB_DEVICE/App/usb_device.o
 .debug_abbrev  0x0000000000002c2e      0x2b1 ./USB_DEVICE/App/usbd_cdc_if.o
 .debug_abbrev  0x0000000000002edf      0x1fa ./USB_DEVICE/App/usbd_desc.o
 .debug_abbrev  0x00000000000030d9      0x305 ./USB_DEVICE/Target/usbd_conf.o

.debug_aranges  0x0000000000000000      0xea0
 .debug_aranges
                0x0000000000000000       0x60 ./Core/Src/AP_application.o
 .debug_aranges
                0x0000000000000060       0x78 ./Core/Src/DR_eeprom.o
 .debug_aranges
                0x00000000000000d8       0x30 ./Core/Src/PR_eeprom.o
 .debug_aranges
                0x0000000000000108       0x58 ./Core/Src/PR_serial.o
 .debug_aranges
                0x0000000000000160       0x40 ./Core/Src/main.o
 .debug_aranges
                0x00000000000001a0       0x30 ./Core/Src/stm32f1xx_hal_msp.o
 .debug_aranges
                0x00000000000001d0       0x70 ./Core/Src/stm32f1xx_it.o
 .debug_aranges
                0x0000000000000240       0x28 ./Core/Src/system_stm32f1xx.o
 .debug_aranges
                0x0000000000000268       0x28 ./Core/Startup/startup_stm32f103c8tx.o
 .debug_aranges
                0x0000000000000290       0xe0 ./Drivers/STM32F1xx_HAL_Driver/Src/stm32f1xx_hal.o
 .debug_aranges
                0x0000000000000370      0x100 ./Drivers/STM32F1xx_HAL_Driver/Src/stm32f1xx_hal_cortex.o
 .debug_aranges
                0x0000000000000470       0x58 ./Drivers/STM32F1xx_HAL_Driver/Src/stm32f1xx_hal_gpio.o
 .debug_aranges
                0x00000000000004c8      0x2a0 ./Drivers/STM32F1xx_HAL_Driver/Src/stm32f1xx_hal_i2c.o
 .debug_aranges
                0x0000000000000768      0x138 ./Drivers/STM32F1xx_HAL_Driver/Src/stm32f1xx_hal_pcd.o
 .debug_aranges
                0x00000000000008a0       0x38 ./Drivers/STM32F1xx_HAL_Driver/Src/stm32f1xx_hal_pcd_ex.o
 .debug_aranges
                0x00000000000008d8       0x90 ./Drivers/STM32F1xx_HAL_Driver/Src/stm32f1xx_hal_rcc.o
 .debug_aranges
                0x0000000000000968       0x30 ./Drivers/STM32F1xx_HAL_Driver/Src/stm32f1xx_hal_rcc_ex.o
 .debug_aranges
                0x0000000000000998       0xf0 ./Drivers/STM32F1xx_HAL_Driver/Src/stm32f1xx_ll_usb.o
 .debug_aranges
                0x0000000000000a88       0x90 ./Middlewares/ST/STM32_USB_Device_Library/Class/CDC/Src/usbd_cdc.o
 .debug_aranges
                0x0000000000000b18       0xb8 ./Middlewares/ST/STM32_USB_Device_Library/Core/Src/usbd_core.o
 .debug_aranges
                0x0000000000000bd0       0x88 ./Middlewares/ST/STM32_USB_Device_Library/Core/Src/usbd_ctlreq.o
 .debug_aranges
                0x0000000000000c58       0x50 ./Middlewares/ST/STM32_USB_Device_Library/Core/Src/usbd_ioreq.o
 .debug_aranges
                0x0000000000000ca8       0x20 ./USB_DEVICE/App/usb_device.o
 .debug_aranges
                0x0000000000000cc8       0x60 ./USB_DEVICE/App/usbd_cdc_if.o
 .debug_aranges
                0x0000000000000d28       0x60 ./USB_DEVICE/App/usbd_desc.o
 .debug_aranges
                0x0000000000000d88      0x118 ./USB_DEVICE/Target/usbd_conf.o

.debug_ranges   0x0000000000000000      0xd30
 .debug_ranges  0x0000000000000000       0x50 ./Core/Src/AP_application.o
 .debug_ranges  0x0000000000000050       0x68 ./Core/Src/DR_eeprom.o
 .debug_ranges  0x00000000000000b8       0x20 ./Core/Src/PR_eeprom.o
 .debug_ranges  0x00000000000000d8       0x48 ./Core/Src/PR_serial.o
 .debug_ranges  0x0000000000000120       0x30 ./Core/Src/main.o
 .debug_ranges  0x0000000000000150       0x20 ./Core/Src/stm32f1xx_hal_msp.o
 .debug_ranges  0x0000000000000170       0x60 ./Core/Src/stm32f1xx_it.o
 .debug_ranges  0x00000000000001d0       0x18 ./Core/Src/system_stm32f1xx.o
 .debug_ranges  0x00000000000001e8       0x20 ./Core/Startup/startup_stm32f103c8tx.o
 .debug_ranges  0x0000000000000208       0xd0 ./Drivers/STM32F1xx_HAL_Driver/Src/stm32f1xx_hal.o
 .debug_ranges  0x00000000000002d8       0xf0 ./Drivers/STM32F1xx_HAL_Driver/Src/stm32f1xx_hal_cortex.o
 .debug_ranges  0x00000000000003c8       0x48 ./Drivers/STM32F1xx_HAL_Driver/Src/stm32f1xx_hal_gpio.o
 .debug_ranges  0x0000000000000410      0x2b8 ./Drivers/STM32F1xx_HAL_Driver/Src/stm32f1xx_hal_i2c.o
 .debug_ranges  0x00000000000006c8      0x128 ./Drivers/STM32F1xx_HAL_Driver/Src/stm32f1xx_hal_pcd.o
 .debug_ranges  0x00000000000007f0       0x28 ./Drivers/STM32F1xx_HAL_Driver/Src/stm32f1xx_hal_pcd_ex.o
 .debug_ranges  0x0000000000000818       0x80 ./Drivers/STM32F1xx_HAL_Driver/Src/stm32f1xx_hal_rcc.o
 .debug_ranges  0x0000000000000898       0x20 ./Drivers/STM32F1xx_HAL_Driver/Src/stm32f1xx_hal_rcc_ex.o
 .debug_ranges  0x00000000000008b8       0xe0 ./Drivers/STM32F1xx_HAL_Driver/Src/stm32f1xx_ll_usb.o
 .debug_ranges  0x0000000000000998       0x80 ./Middlewares/ST/STM32_USB_Device_Library/Class/CDC/Src/usbd_cdc.o
 .debug_ranges  0x0000000000000a18       0xa8 ./Middlewares/ST/STM32_USB_Device_Library/Core/Src/usbd_core.o
 .debug_ranges  0x0000000000000ac0       0x78 ./Middlewares/ST/STM32_USB_Device_Library/Core/Src/usbd_ctlreq.o
 .debug_ranges  0x0000000000000b38       0x40 ./Middlewares/ST/STM32_USB_Device_Library/Core/Src/usbd_ioreq.o
 .debug_ranges  0x0000000000000b78       0x10 ./USB_DEVICE/App/usb_device.o
 .debug_ranges  0x0000000000000b88       0x50 ./USB_DEVICE/App/usbd_cdc_if.o
 .debug_ranges  0x0000000000000bd8       0x50 ./USB_DEVICE/App/usbd_desc.o
 .debug_ranges  0x0000000000000c28      0x108 ./USB_DEVICE/Target/usbd_conf.o

.debug_macro    0x0000000000000000    0x1ae58
 .debug_macro   0x0000000000000000      0x399 ./Core/Src/AP_application.o
 .debug_macro   0x0000000000000399      0xa6c ./Core/Src/AP_application.o
 .debug_macro   0x0000000000000e05      0x21b ./Core/Src/AP_application.o
 .debug_macro   0x0000000000001020       0x2e ./Core/Src/AP_application.o
 .debug_macro   0x000000000000104e       0x22 ./Core/Src/AP_application.o
 .debug_macro   0x0000000000001070       0x22 ./Core/Src/AP_application.o
 .debug_macro   0x0000000000001092       0x8e ./Core/Src/AP_application.o
 .debug_macro   0x0000000000001120       0x51 ./Core/Src/AP_application.o
 .debug_macro   0x0000000000001171      0x103 ./Core/Src/AP_application.o
 .debug_macro   0x0000000000001274       0x6a ./Core/Src/AP_application.o
 .debug_macro   0x00000000000012de      0x1df ./Core/Src/AP_application.o
 .debug_macro   0x00000000000014bd       0x1c ./Core/Src/AP_application.o
 .debug_macro   0x00000000000014d9       0x22 ./Core/Src/AP_application.o
 .debug_macro   0x00000000000014fb       0xbd ./Core/Src/AP_application.o
 .debug_macro   0x00000000000015b8      0xd23 ./Core/Src/AP_application.o
 .debug_macro   0x00000000000022db     0xe097 ./Core/Src/AP_application.o
 .debug_macro   0x0000000000010372       0x43 ./Core/Src/AP_application.o
 .debug_macro   0x00000000000103b5     0x3468 ./Core/Src/AP_application.o
 .debug_macro   0x000000000001381d      0x174 ./Core/Src/AP_application.o
 .debug_macro   0x0000000000013991       0x5c ./Core/Src/AP_application.o
 .debug_macro   0x00000000000139ed      0x5be ./Core/Src/AP_application.o
 .debug_macro   0x0000000000013fab      0x289 ./Core/Src/AP_application.o
 .debug_macro   0x0000000000014234      0x1cb ./Core/Src/AP_application.o
 .debug_macro   0x00000000000143ff      0x114 ./Core/Src/AP_application.o
 .debug_macro   0x0000000000014513      0x1b2 ./Core/Src/AP_application.o
 .debug_macro   0x00000000000146c5       0x27 ./Core/Src/AP_application.o
 .debug_macro   0x00000000000146ec      0x136 ./Core/Src/AP_application.o
 .debug_macro   0x0000000000014822      0x1bc ./Core/Src/AP_application.o
 .debug_macro   0x00000000000149de       0x34 ./Core/Src/AP_application.o
 .debug_macro   0x0000000000014a12       0x3c ./Core/Src/AP_application.o
 .debug_macro   0x0000000000014a4e       0x57 ./Core/Src/AP_application.o
 .debug_macro   0x0000000000014aa5       0x88 ./Core/Src/AP_application.o
 .debug_macro   0x0000000000014b2d      0x241 ./Core/Src/AP_application.o
 .debug_macro   0x0000000000014d6e      0x287 ./Core/Src/AP_application.o
 .debug_macro   0x0000000000014ff5      0x141 ./Core/Src/AP_application.o
 .debug_macro   0x0000000000015136       0x65 ./Core/Src/AP_application.o
 .debug_macro   0x000000000001519b      0x249 ./Core/Src/AP_application.o
 .debug_macro   0x00000000000153e4       0x83 ./Core/Src/AP_application.o
 .debug_macro   0x0000000000015467       0x52 ./Core/Src/AP_application.o
 .debug_macro   0x00000000000154b9       0x18 ./Core/Src/AP_application.o
 .debug_macro   0x00000000000154d1       0x3c ./Core/Src/AP_application.o
 .debug_macro   0x000000000001550d       0x34 ./Core/Src/AP_application.o
 .debug_macro   0x0000000000015541       0x16 ./Core/Src/AP_application.o
 .debug_macro   0x0000000000015557       0x43 ./Core/Src/AP_application.o
 .debug_macro   0x000000000001559a       0x34 ./Core/Src/AP_application.o
 .debug_macro   0x00000000000155ce       0x10 ./Core/Src/AP_application.o
 .debug_macro   0x00000000000155de       0x58 ./Core/Src/AP_application.o
 .debug_macro   0x0000000000015636       0x71 ./Core/Src/AP_application.o
 .debug_macro   0x00000000000156a7       0x1c ./Core/Src/AP_application.o
 .debug_macro   0x00000000000156c3      0x12a ./Core/Src/AP_application.o
 .debug_macro   0x00000000000157ed      0x341 ./Core/Src/AP_application.o
 .debug_macro   0x0000000000015b2e       0x10 ./Core/Src/AP_application.o
 .debug_macro   0x0000000000015b3e       0x35 ./Core/Src/AP_application.o
 .debug_macro   0x0000000000015b73       0x20 ./Core/Src/AP_application.o
 .debug_macro   0x0000000000015b93       0x16 ./Core/Src/AP_application.o
 .debug_macro   0x0000000000015ba9       0x16 ./Core/Src/AP_application.o
 .debug_macro   0x0000000000015bbf       0x29 ./Core/Src/AP_application.o
 .debug_macro   0x0000000000015be8       0x1c ./Core/Src/AP_application.o
 .debug_macro   0x0000000000015c04       0x10 ./Core/Src/AP_application.o
 .debug_macro   0x0000000000015c14       0x10 ./Core/Src/AP_application.o
 .debug_macro   0x0000000000015c24       0x1c ./Core/Src/AP_application.o
 .debug_macro   0x0000000000015c40       0x52 ./Core/Src/AP_application.o
 .debug_macro   0x0000000000015c92       0x22 ./Core/Src/AP_application.o
 .debug_macro   0x0000000000015cb4       0x10 ./Core/Src/AP_application.o
 .debug_macro   0x0000000000015cc4       0x52 ./Core/Src/AP_application.o
 .debug_macro   0x0000000000015d16       0xd5 ./Core/Src/AP_application.o
 .debug_macro   0x0000000000015deb       0x1c ./Core/Src/AP_application.o
 .debug_macro   0x0000000000015e07       0x3d ./Core/Src/AP_application.o
 .debug_macro   0x0000000000015e44       0x16 ./Core/Src/AP_application.o
 .debug_macro   0x0000000000015e5a      0x145 ./Core/Src/AP_application.o
 .debug_macro   0x0000000000015f9f       0x22 ./Core/Src/AP_application.o
 .debug_macro   0x0000000000015fc1       0x42 ./Core/Src/AP_application.o
 .debug_macro   0x0000000000016003      0x38d ./Core/Src/DR_eeprom.o
 .debug_macro   0x0000000000016390      0x38d ./Core/Src/PR_eeprom.o
 .debug_macro   0x000000000001671d      0x3eb ./Core/Src/PR_serial.o
 .debug_macro   0x0000000000016b08       0x66 ./Core/Src/PR_serial.o
 .debug_macro   0x0000000000016b6e      0x1c8 ./Core/Src/PR_serial.o
 .debug_macro   0x0000000000016d36       0x8f ./Core/Src/PR_serial.o
 .debug_macro   0x0000000000016dc5       0x16 ./Core/Src/PR_serial.o
 .debug_macro   0x0000000000016ddb      0x3af ./Core/Src/main.o
 .debug_macro   0x000000000001718a      0x38d ./Core/Src/stm32f1xx_hal_msp.o
 .debug_macro   0x0000000000017517      0x397 ./Core/Src/stm32f1xx_it.o
 .debug_macro   0x00000000000178ae      0x1b2 ./Core/Src/system_stm32f1xx.o
 .debug_macro   0x0000000000017a60      0x1d6 ./Drivers/STM32F1xx_HAL_Driver/Src/stm32f1xx_hal.o
 .debug_macro   0x0000000000017c36      0x1b2 ./Drivers/STM32F1xx_HAL_Driver/Src/stm32f1xx_hal_cortex.o
 .debug_macro   0x0000000000017de8      0x21d ./Drivers/STM32F1xx_HAL_Driver/Src/stm32f1xx_hal_gpio.o
 .debug_macro   0x0000000000018005      0x1f9 ./Drivers/STM32F1xx_HAL_Driver/Src/stm32f1xx_hal_i2c.o
 .debug_macro   0x00000000000181fe      0x1be ./Drivers/STM32F1xx_HAL_Driver/Src/stm32f1xx_hal_pcd.o
 .debug_macro   0x00000000000183bc      0x1b2 ./Drivers/STM32F1xx_HAL_Driver/Src/stm32f1xx_hal_pcd_ex.o
 .debug_macro   0x000000000001856e      0x1c4 ./Drivers/STM32F1xx_HAL_Driver/Src/stm32f1xx_hal_rcc.o
 .debug_macro   0x0000000000018732      0x1b2 ./Drivers/STM32F1xx_HAL_Driver/Src/stm32f1xx_hal_rcc_ex.o
 .debug_macro   0x00000000000188e4      0x1b2 ./Drivers/STM32F1xx_HAL_Driver/Src/stm32f1xx_ll_usb.o
 .debug_macro   0x0000000000018a96      0x3e0 ./Middlewares/ST/STM32_USB_Device_Library/Class/CDC/Src/usbd_cdc.o
 .debug_macro   0x0000000000018e76       0x16 ./Middlewares/ST/STM32_USB_Device_Library/Class/CDC/Src/usbd_cdc.o
 .debug_macro   0x0000000000018e8c       0x97 ./Middlewares/ST/STM32_USB_Device_Library/Class/CDC/Src/usbd_cdc.o
 .debug_macro   0x0000000000018f23       0xfd ./Middlewares/ST/STM32_USB_Device_Library/Class/CDC/Src/usbd_cdc.o
 .debug_macro   0x0000000000019020       0x16 ./Middlewares/ST/STM32_USB_Device_Library/Class/CDC/Src/usbd_cdc.o
 .debug_macro   0x0000000000019036       0x56 ./Middlewares/ST/STM32_USB_Device_Library/Class/CDC/Src/usbd_cdc.o
 .debug_macro   0x000000000001908c       0x60 ./Middlewares/ST/STM32_USB_Device_Library/Class/CDC/Src/usbd_cdc.o
 .debug_macro   0x00000000000190ec      0x3c7 ./Middlewares/ST/STM32_USB_Device_Library/Core/Src/usbd_core.o
 .debug_macro   0x00000000000194b3      0x1ce ./Middlewares/ST/STM32_USB_Device_Library/Core/Src/usbd_core.o
 .debug_macro   0x0000000000019681      0x3d1 ./Middlewares/ST/STM32_USB_Device_Library/Core/Src/usbd_ctlreq.o
 .debug_macro   0x0000000000019a52      0x3cd ./Middlewares/ST/STM32_USB_Device_Library/Core/Src/usbd_ioreq.o
 .debug_macro   0x0000000000019e1f      0x406 ./USB_DEVICE/App/usb_device.o
 .debug_macro   0x000000000001a225       0x22 ./USB_DEVICE/App/usb_device.o
 .debug_macro   0x000000000001a247       0x1c ./USB_DEVICE/App/usb_device.o
 .debug_macro   0x000000000001a263      0x3eb ./USB_DEVICE/App/usbd_cdc_if.o
 .debug_macro   0x000000000001a64e      0x404 ./USB_DEVICE/App/usbd_desc.o
 .debug_macro   0x000000000001aa52       0x1c ./USB_DEVICE/App/usbd_desc.o
 .debug_macro   0x000000000001aa6e      0x3ea ./USB_DEVICE/Target/usbd_conf.o

.debug_line     0x0000000000000000    0x14412
 .debug_line    0x0000000000000000      0xb50 ./Core/Src/AP_application.o
 .debug_line    0x0000000000000b50      0xa9e ./Core/Src/DR_eeprom.o
 .debug_line    0x00000000000015ee      0x8ba ./Core/Src/PR_eeprom.o
 .debug_line    0x0000000000001ea8      0xac3 ./Core/Src/PR_serial.o
 .debug_line    0x000000000000296b      0xa0c ./Core/Src/main.o
 .debug_line    0x0000000000003377      0x8e1 ./Core/Src/stm32f1xx_hal_msp.o
 .debug_line    0x0000000000003c58      0x988 ./Core/Src/stm32f1xx_it.o
 .debug_line    0x00000000000045e0      0x6dd ./Core/Src/system_stm32f1xx.o
 .debug_line    0x0000000000004cbd       0x84 ./Core/Startup/startup_stm32f103c8tx.o
 .debug_line    0x0000000000004d41      0x90a ./Drivers/STM32F1xx_HAL_Driver/Src/stm32f1xx_hal.o
 .debug_line    0x000000000000564b      0xaf2 ./Drivers/STM32F1xx_HAL_Driver/Src/stm32f1xx_hal_cortex.o
 .debug_line    0x000000000000613d      0x9a1 ./Drivers/STM32F1xx_HAL_Driver/Src/stm32f1xx_hal_gpio.o
 .debug_line    0x0000000000006ade     0x390c ./Drivers/STM32F1xx_HAL_Driver/Src/stm32f1xx_hal_i2c.o
 .debug_line    0x000000000000a3ea     0x1289 ./Drivers/STM32F1xx_HAL_Driver/Src/stm32f1xx_hal_pcd.o
 .debug_line    0x000000000000b673      0x6d8 ./Drivers/STM32F1xx_HAL_Driver/Src/stm32f1xx_hal_pcd_ex.o
 .debug_line    0x000000000000bd4b      0xd18 ./Drivers/STM32F1xx_HAL_Driver/Src/stm32f1xx_hal_rcc.o
 .debug_line    0x000000000000ca63      0x856 ./Drivers/STM32F1xx_HAL_Driver/Src/stm32f1xx_hal_rcc_ex.o
 .debug_line    0x000000000000d2b9      0xf81 ./Drivers/STM32F1xx_HAL_Driver/Src/stm32f1xx_ll_usb.o
 .debug_line    0x000000000000e23a      0xcec ./Middlewares/ST/STM32_USB_Device_Library/Class/CDC/Src/usbd_cdc.o
 .debug_line    0x000000000000ef26      0xd6c ./Middlewares/ST/STM32_USB_Device_Library/Core/Src/usbd_core.o
 .debug_line    0x000000000000fc92      0xf8e ./Middlewares/ST/STM32_USB_Device_Library/Core/Src/usbd_ctlreq.o
 .debug_line    0x0000000000010c20      0xa02 ./Middlewares/ST/STM32_USB_Device_Library/Core/Src/usbd_ioreq.o
 .debug_line    0x0000000000011622      0x9d4 ./USB_DEVICE/App/usb_device.o
 .debug_line    0x0000000000011ff6      0xbe7 ./USB_DEVICE/App/usbd_cdc_if.o
 .debug_line    0x0000000000012bdd      0xa8b ./USB_DEVICE/App/usbd_desc.o
 .debug_line    0x0000000000013668      0xdaa ./USB_DEVICE/Target/usbd_conf.o

.debug_str      0x0000000000000000    0x8732a
 .debug_str     0x0000000000000000    0x827da ./Core/Src/AP_application.o
                                      0x82b6c (size before relaxing)
 .debug_str     0x00000000000827da      0x571 ./Core/Src/DR_eeprom.o
                                      0x82e56 (size before relaxing)
 .debug_str     0x0000000000082d4b       0x2e ./Core/Src/PR_eeprom.o
                                      0x8286d (size before relaxing)
 .debug_str     0x0000000000082d79      0xdc9 ./Core/Src/PR_serial.o
                                      0x8362f (size before relaxing)
 .debug_str     0x0000000000083b42      0x2d9 ./Core/Src/main.o
                                      0x838fa (size before relaxing)
 .debug_str     0x0000000000083e1b       0x91 ./Core/Src/stm32f1xx_hal_msp.o
                                      0x82d03 (size before relaxing)
 .debug_str     0x0000000000083eac      0x3cd ./Core/Src/stm32f1xx_it.o
                                      0x82bed (size before relaxing)
 .debug_str     0x0000000000084279       0x7e ./Core/Src/system_stm32f1xx.o
                                      0x7e849 (size before relaxing)
 .debug_str     0x00000000000842f7       0x36 ./Core/Startup/startup_stm32f103c8tx.o
                                         0x89 (size before relaxing)
 .debug_str     0x000000000008432d      0x5fb ./Drivers/STM32F1xx_HAL_Driver/Src/stm32f1xx_hal.o
                                      0x7ef7c (size before relaxing)
 .debug_str     0x0000000000084928      0x293 ./Drivers/STM32F1xx_HAL_Driver/Src/stm32f1xx_hal_cortex.o
                                      0x7eec8 (size before relaxing)
 .debug_str     0x0000000000084bbb      0x2e6 ./Drivers/STM32F1xx_HAL_Driver/Src/stm32f1xx_hal_gpio.o
                                      0x7ebcf (size before relaxing)
 .debug_str     0x0000000000084ea1      0xb3c ./Drivers/STM32F1xx_HAL_Driver/Src/stm32f1xx_hal_i2c.o
                                      0x7f8bd (size before relaxing)
 .debug_str     0x00000000000859dd      0x573 ./Drivers/STM32F1xx_HAL_Driver/Src/stm32f1xx_hal_pcd.o
                                      0x7f121 (size before relaxing)
 .debug_str     0x0000000000085f50      0x170 ./Drivers/STM32F1xx_HAL_Driver/Src/stm32f1xx_hal_pcd_ex.o
                                      0x7ecbd (size before relaxing)
 .debug_str     0x00000000000860c0      0x209 ./Drivers/STM32F1xx_HAL_Driver/Src/stm32f1xx_hal_rcc.o
                                      0x7ec78 (size before relaxing)
 .debug_str     0x00000000000862c9       0x9f ./Drivers/STM32F1xx_HAL_Driver/Src/stm32f1xx_hal_rcc_ex.o
                                      0x7e9c8 (size before relaxing)
 .debug_str     0x0000000000086368      0x129 ./Drivers/STM32F1xx_HAL_Driver/Src/stm32f1xx_ll_usb.o
                                      0x7ecf0 (size before relaxing)
 .debug_str     0x0000000000086491      0x629 ./Middlewares/ST/STM32_USB_Device_Library/Class/CDC/Src/usbd_cdc.o
                                      0x83ea6 (size before relaxing)
 .debug_str     0x0000000000086aba      0x281 ./Middlewares/ST/STM32_USB_Device_Library/Core/Src/usbd_core.o
                                      0x837e1 (size before relaxing)
 .debug_str     0x0000000000086d3b      0x120 ./Middlewares/ST/STM32_USB_Device_Library/Core/Src/usbd_ctlreq.o
                                      0x836fb (size before relaxing)
 .debug_str     0x0000000000086e5b       0x51 ./Middlewares/ST/STM32_USB_Device_Library/Core/Src/usbd_ioreq.o
                                      0x83628 (size before relaxing)
 .debug_str     0x0000000000086eac       0xc6 ./USB_DEVICE/App/usb_device.o
                                      0x83a65 (size before relaxing)
 .debug_str     0x0000000000086f72       0xed ./USB_DEVICE/App/usbd_cdc_if.o
                                      0x83ad2 (size before relaxing)
 .debug_str     0x000000000008705f      0x258 ./USB_DEVICE/App/usbd_desc.o
                                      0x83564 (size before relaxing)
 .debug_str     0x00000000000872b7       0x73 ./USB_DEVICE/Target/usbd_conf.o
                                      0x84433 (size before relaxing)

.comment        0x0000000000000000       0x50
 .comment       0x0000000000000000       0x50 ./Core/Src/AP_application.o
                                         0x51 (size before relaxing)
 .comment       0x0000000000000050       0x51 ./Core/Src/DR_eeprom.o
 .comment       0x0000000000000050       0x51 ./Core/Src/PR_eeprom.o
 .comment       0x0000000000000050       0x51 ./Core/Src/PR_serial.o
 .comment       0x0000000000000050       0x51 ./Core/Src/main.o
 .comment       0x0000000000000050       0x51 ./Core/Src/stm32f1xx_hal_msp.o
 .comment       0x0000000000000050       0x51 ./Core/Src/stm32f1xx_it.o
 .comment       0x0000000000000050       0x51 ./Core/Src/system_stm32f1xx.o
 .comment       0x0000000000000050       0x51 ./Drivers/STM32F1xx_HAL_Driver/Src/stm32f1xx_hal.o
 .comment       0x0000000000000050       0x51 ./Drivers/STM32F1xx_HAL_Driver/Src/stm32f1xx_hal_cortex.o
 .comment       0x0000000000000050       0x51 ./Drivers/STM32F1xx_HAL_Driver/Src/stm32f1xx_hal_gpio.o
 .comment       0x0000000000000050       0x51 ./Drivers/STM32F1xx_HAL_Driver/Src/stm32f1xx_hal_i2c.o
 .comment       0x0000000000000050       0x51 ./Drivers/STM32F1xx_HAL_Driver/Src/stm32f1xx_hal_pcd.o
 .comment       0x0000000000000050       0x51 ./Drivers/STM32F1xx_HAL_Driver/Src/stm32f1xx_hal_pcd_ex.o
 .comment       0x0000000000000050       0x51 ./Drivers/STM32F1xx_HAL_Driver/Src/stm32f1xx_hal_rcc.o
 .comment       0x0000000000000050       0x51 ./Drivers/STM32F1xx_HAL_Driver/Src/stm32f1xx_hal_rcc_ex.o
 .comment       0x0000000000000050       0x51 ./Drivers/STM32F1xx_HAL_Driver/Src/stm32f1xx_ll_usb.o
 .comment       0x0000000000000050       0x51 ./Middlewares/ST/STM32_USB_Device_Library/Class/CDC/Src/usbd_cdc.o
 .comment       0x0000000000000050       0x51 ./Middlewares/ST/STM32_USB_Device_Library/Core/Src/usbd_core.o
 .comment       0x0000000000000050       0x51 ./Middlewares/ST/STM32_USB_Device_Library/Core/Src/usbd_ctlreq.o
 .comment       0x0000000000000050       0x51 ./Middlewares/ST/STM32_USB_Device_Library/Core/Src/usbd_ioreq.o
 .comment       0x0000000000000050       0x51 ./USB_DEVICE/App/usb_device.o
 .comment       0x0000000000000050       0x51 ./USB_DEVICE/App/usbd_cdc_if.o
 .comment       0x0000000000000050       0x51 ./USB_DEVICE/App/usbd_desc.o
 .comment       0x0000000000000050       0x51 ./USB_DEVICE/Target/usbd_conf.o

.debug_frame    0x0000000000000000     0x39c4
 .debug_frame   0x0000000000000000      0x154 ./Core/Src/AP_application.o
 .debug_frame   0x0000000000000154      0x1bc ./Core/Src/DR_eeprom.o
 .debug_frame   0x0000000000000310       0x7c ./Core/Src/PR_eeprom.o
 .debug_frame   0x000000000000038c      0x128 ./Core/Src/PR_serial.o
 .debug_frame   0x00000000000004b4       0xa8 ./Core/Src/main.o
 .debug_frame   0x000000000000055c       0x80 ./Core/Src/stm32f1xx_hal_msp.o
 .debug_frame   0x00000000000005dc      0x13c ./Core/Src/stm32f1xx_it.o
 .debug_frame   0x0000000000000718       0x58 ./Core/Src/system_stm32f1xx.o
 .debug_frame   0x0000000000000770      0x334 ./Drivers/STM32F1xx_HAL_Driver/Src/stm32f1xx_hal.o
 .debug_frame   0x0000000000000aa4      0x428 ./Drivers/STM32F1xx_HAL_Driver/Src/stm32f1xx_hal_cortex.o
 .debug_frame   0x0000000000000ecc      0x14c ./Drivers/STM32F1xx_HAL_Driver/Src/stm32f1xx_hal_gpio.o
 .debug_frame   0x0000000000001018      0xc54 ./Drivers/STM32F1xx_HAL_Driver/Src/stm32f1xx_hal_i2c.o
 .debug_frame   0x0000000000001c6c      0x578 ./Drivers/STM32F1xx_HAL_Driver/Src/stm32f1xx_hal_pcd.o
 .debug_frame   0x00000000000021e4       0xb0 ./Drivers/STM32F1xx_HAL_Driver/Src/stm32f1xx_hal_pcd_ex.o
 .debug_frame   0x0000000000002294      0x21c ./Drivers/STM32F1xx_HAL_Driver/Src/stm32f1xx_hal_rcc.o
 .debug_frame   0x00000000000024b0       0x84 ./Drivers/STM32F1xx_HAL_Driver/Src/stm32f1xx_hal_rcc_ex.o
 .debug_frame   0x0000000000002534      0x450 ./Drivers/STM32F1xx_HAL_Driver/Src/stm32f1xx_ll_usb.o
 .debug_frame   0x0000000000002984      0x248 ./Middlewares/ST/STM32_USB_Device_Library/Class/CDC/Src/usbd_cdc.o
 .debug_frame   0x0000000000002bcc      0x300 ./Middlewares/ST/STM32_USB_Device_Library/Core/Src/usbd_core.o
 .debug_frame   0x0000000000002ecc      0x218 ./Middlewares/ST/STM32_USB_Device_Library/Core/Src/usbd_ctlreq.o
 .debug_frame   0x00000000000030e4      0x10c ./Middlewares/ST/STM32_USB_Device_Library/Core/Src/usbd_ioreq.o
 .debug_frame   0x00000000000031f0       0x34 ./USB_DEVICE/App/usb_device.o
 .debug_frame   0x0000000000003224      0x150 ./USB_DEVICE/App/usbd_cdc_if.o
 .debug_frame   0x0000000000003374      0x160 ./USB_DEVICE/App/usbd_desc.o
 .debug_frame   0x00000000000034d4      0x4a4 ./USB_DEVICE/Target/usbd_conf.o
 .debug_frame   0x0000000000003978       0x2c /opt/st/stm32cubeide_1.9.0/plugins/com.st.stm32cube.ide.mcu.externaltools.gnu-tools-for-stm32.10.3-2021.10.linux64_1.0.0.202111181127/tools/bin/../lib/gcc/arm-none-eabi/10.3.1/../../../../arm-none-eabi/lib/thumb/v7-m/nofp/libc_nano.a(lib_a-init.o)
 .debug_frame   0x00000000000039a4       0x20 /opt/st/stm32cubeide_1.9.0/plugins/com.st.stm32cube.ide.mcu.externaltools.gnu-tools-for-stm32.10.3-2021.10.linux64_1.0.0.202111181127/tools/bin/../lib/gcc/arm-none-eabi/10.3.1/../../../../arm-none-eabi/lib/thumb/v7-m/nofp/libc_nano.a(lib_a-memset.o)
