Archive member included to satisfy reference by file (symbol)

/opt/st/stm32cubeide_1.6.1/plugins/com.st.stm32cube.ide.mcu.externaltools.gnu-tools-for-stm32.9-2020-q2-update.linux64_1.5.0.202011040924/tools/bin/../lib/gcc/arm-none-eabi/9.3.1/../../../../arm-none-eabi/lib/thumb/v7-m/nofp/libc_nano.a(lib_a-errno.o)
                              Core/Src/syscalls.o (__errno)
/opt/st/stm32cubeide_1.6.1/plugins/com.st.stm32cube.ide.mcu.externaltools.gnu-tools-for-stm32.9-2020-q2-update.linux64_1.5.0.202011040924/tools/bin/../lib/gcc/arm-none-eabi/9.3.1/../../../../arm-none-eabi/lib/thumb/v7-m/nofp/libc_nano.a(lib_a-exit.o)
                              /opt/st/stm32cubeide_1.6.1/plugins/com.st.stm32cube.ide.mcu.externaltools.gnu-tools-for-stm32.9-2020-q2-update.linux64_1.5.0.202011040924/tools/bin/../lib/gcc/arm-none-eabi/9.3.1/../../../../arm-none-eabi/lib/thumb/v7-m/nofp/crt0.o (exit)
/opt/st/stm32cubeide_1.6.1/plugins/com.st.stm32cube.ide.mcu.externaltools.gnu-tools-for-stm32.9-2020-q2-update.linux64_1.5.0.202011040924/tools/bin/../lib/gcc/arm-none-eabi/9.3.1/../../../../arm-none-eabi/lib/thumb/v7-m/nofp/libc_nano.a(lib_a-impure.o)
                              /opt/st/stm32cubeide_1.6.1/plugins/com.st.stm32cube.ide.mcu.externaltools.gnu-tools-for-stm32.9-2020-q2-update.linux64_1.5.0.202011040924/tools/bin/../lib/gcc/arm-none-eabi/9.3.1/../../../../arm-none-eabi/lib/thumb/v7-m/nofp/libc_nano.a(lib_a-exit.o) (_global_impure_ptr)
/opt/st/stm32cubeide_1.6.1/plugins/com.st.stm32cube.ide.mcu.externaltools.gnu-tools-for-stm32.9-2020-q2-update.linux64_1.5.0.202011040924/tools/bin/../lib/gcc/arm-none-eabi/9.3.1/../../../../arm-none-eabi/lib/thumb/v7-m/nofp/libc_nano.a(lib_a-init.o)
                              /opt/st/stm32cubeide_1.6.1/plugins/com.st.stm32cube.ide.mcu.externaltools.gnu-tools-for-stm32.9-2020-q2-update.linux64_1.5.0.202011040924/tools/bin/../lib/gcc/arm-none-eabi/9.3.1/../../../../arm-none-eabi/lib/thumb/v7-m/nofp/crt0.o (__libc_init_array)
/opt/st/stm32cubeide_1.6.1/plugins/com.st.stm32cube.ide.mcu.externaltools.gnu-tools-for-stm32.9-2020-q2-update.linux64_1.5.0.202011040924/tools/bin/../lib/gcc/arm-none-eabi/9.3.1/../../../../arm-none-eabi/lib/thumb/v7-m/nofp/libc_nano.a(lib_a-memcmp.o)
                              Core/Src/AP_application.o (memcmp)
/opt/st/stm32cubeide_1.6.1/plugins/com.st.stm32cube.ide.mcu.externaltools.gnu-tools-for-stm32.9-2020-q2-update.linux64_1.5.0.202011040924/tools/bin/../lib/gcc/arm-none-eabi/9.3.1/../../../../arm-none-eabi/lib/thumb/v7-m/nofp/libc_nano.a(lib_a-memset.o)
                              /opt/st/stm32cubeide_1.6.1/plugins/com.st.stm32cube.ide.mcu.externaltools.gnu-tools-for-stm32.9-2020-q2-update.linux64_1.5.0.202011040924/tools/bin/../lib/gcc/arm-none-eabi/9.3.1/../../../../arm-none-eabi/lib/thumb/v7-m/nofp/crt0.o (memset)

Allocating common symbols
Common symbol       size              file

hUsbDeviceFS        0x2c4             USB_DEVICE/App/usb_device.o
hi2c2               0x54              Core/Src/main.o
recvbuffer          0x80              Core/Src/AP_application.o
uwTick              0x4               Drivers/STM32F1xx_HAL_Driver/Src/stm32f1xx_hal.o
pFlash              0x20              Drivers/STM32F1xx_HAL_Driver/Src/stm32f1xx_hal_flash.o
UserRxBufferFS      0x3e8             USB_DEVICE/App/usbd_cdc_if.o
UserTxBufferFS      0x3e8             USB_DEVICE/App/usbd_cdc_if.o
rxBuffer            0x100             USB_DEVICE/App/usbd_cdc_if.o
g_memsize           0x4               Core/Src/AP_application.o
membuffer           0x2000            Core/Src/AP_application.o
hpcd_USB_FS         0x2ec             USB_DEVICE/Target/usbd_conf.o
lcBuffer            0x7               USB_DEVICE/App/usbd_cdc_if.o
USBD_StrDesc        0x200             USB_DEVICE/App/usbd_desc.o

Discarded input sections

 .text          0x0000000000000000        0x0 /opt/st/stm32cubeide_1.6.1/plugins/com.st.stm32cube.ide.mcu.externaltools.gnu-tools-for-stm32.9-2020-q2-update.linux64_1.5.0.202011040924/tools/bin/../lib/gcc/arm-none-eabi/9.3.1/thumb/v7-m/nofp/crti.o
 .data          0x0000000000000000        0x0 /opt/st/stm32cubeide_1.6.1/plugins/com.st.stm32cube.ide.mcu.externaltools.gnu-tools-for-stm32.9-2020-q2-update.linux64_1.5.0.202011040924/tools/bin/../lib/gcc/arm-none-eabi/9.3.1/thumb/v7-m/nofp/crti.o
 .bss           0x0000000000000000        0x0 /opt/st/stm32cubeide_1.6.1/plugins/com.st.stm32cube.ide.mcu.externaltools.gnu-tools-for-stm32.9-2020-q2-update.linux64_1.5.0.202011040924/tools/bin/../lib/gcc/arm-none-eabi/9.3.1/thumb/v7-m/nofp/crti.o
 .data          0x0000000000000000        0x4 /opt/st/stm32cubeide_1.6.1/plugins/com.st.stm32cube.ide.mcu.externaltools.gnu-tools-for-stm32.9-2020-q2-update.linux64_1.5.0.202011040924/tools/bin/../lib/gcc/arm-none-eabi/9.3.1/thumb/v7-m/nofp/crtbegin.o
[...]
Memory Configuration

Name             Origin             Length             Attributes
RAM              0x0000000020000000 0x0000000000005000 xrw
FLASH            0x0000000008000000 0x0000000000010000 xr
*default*        0x0000000000000000 0xffffffffffffffff

Linker script and memory map

LOAD /opt/st/stm32cubeide_1.6.1/plugins/com.st.stm32cube.ide.mcu.externaltools.gnu-tools-for-stm32.9-2020-q2-update.linux64_1.5.0.202011040924/tools/bin/../lib/gcc/arm-none-eabi/9.3.1/thumb/v7-m/nofp/crti.o
LOAD /opt/st/stm32cubeide_1.6.1/plugins/com.st.stm32cube.ide.mcu.externaltools.gnu-tools-for-stm32.9-2020-q2-update.linux64_1.5.0.202011040924/tools/bin/../lib/gcc/arm-none-eabi/9.3.1/thumb/v7-m/nofp/crtbegin.o
LOAD /opt/st/stm32cubeide_1.6.1/plugins/com.st.stm32cube.ide.mcu.externaltools.gnu-tools-for-stm32.9-2020-q2-update.linux64_1.5.0.202011040924/tools/bin/../lib/gcc/arm-none-eabi/9.3.1/../../../../arm-none-eabi/lib/thumb/v7-m/nofp/crt0.o
LOAD Core/Src/AP_application.o
LOAD Core/Src/DR_eeprom.o
LOAD Core/Src/PR_eeprom.o
LOAD Core/Src/PR_serial.o
LOAD Core/Src/main.o
LOAD Core/Src/stm32f1xx_hal_msp.o
LOAD Core/Src/stm32f1xx_it.o
LOAD Core/Src/syscalls.o
LOAD Core/Src/sysmem.o
LOAD Core/Src/system_stm32f1xx.o
LOAD Core/Startup/startup_stm32f103c8tx.o
LOAD Drivers/STM32F1xx_HAL_Driver/Src/stm32f1xx_hal.o
LOAD Drivers/STM32F1xx_HAL_Driver/Src/stm32f1xx_hal_cortex.o
LOAD Drivers/STM32F1xx_HAL_Driver/Src/stm32f1xx_hal_dma.o
LOAD Drivers/STM32F1xx_HAL_Driver/Src/stm32f1xx_hal_exti.o
LOAD Drivers/STM32F1xx_HAL_Driver/Src/stm32f1xx_hal_flash.o
LOAD Drivers/STM32F1xx_HAL_Driver/Src/stm32f1xx_hal_flash_ex.o
LOAD Drivers/STM32F1xx_HAL_Driver/Src/stm32f1xx_hal_gpio.o
LOAD Drivers/STM32F1xx_HAL_Driver/Src/stm32f1xx_hal_gpio_ex.o
LOAD Drivers/STM32F1xx_HAL_Driver/Src/stm32f1xx_hal_i2c.o
LOAD Drivers/STM32F1xx_HAL_Driver/Src/stm32f1xx_hal_pcd.o
LOAD Drivers/STM32F1xx_HAL_Driver/Src/stm32f1xx_hal_pcd_ex.o
LOAD Drivers/STM32F1xx_HAL_Driver/Src/stm32f1xx_hal_pwr.o
LOAD Drivers/STM32F1xx_HAL_Driver/Src/stm32f1xx_hal_rcc.o
LOAD Drivers/STM32F1xx_HAL_Driver/Src/stm32f1xx_hal_rcc_ex.o
LOAD Drivers/STM32F1xx_HAL_Driver/Src/stm32f1xx_hal_tim.o
LOAD Drivers/STM32F1xx_HAL_Driver/Src/stm32f1xx_hal_tim_ex.o
LOAD Drivers/STM32F1xx_HAL_Driver/Src/stm32f1xx_ll_usb.o
LOAD Middlewares/ST/STM32_USB_Device_Library/Class/CDC/Src/usbd_cdc.o
LOAD Middlewares/ST/STM32_USB_Device_Library/Core/Src/usbd_core.o
LOAD Middlewares/ST/STM32_USB_Device_Library/Core/Src/usbd_ctlreq.o
LOAD Middlewares/ST/STM32_USB_Device_Library/Core/Src/usbd_ioreq.o
LOAD USB_DEVICE/App/usb_device.o
LOAD USB_DEVICE/App/usbd_cdc_if.o
LOAD USB_DEVICE/App/usbd_desc.o
LOAD USB_DEVICE/Target/usbd_conf.o
START GROUP
LOAD /opt/st/stm32cubeide_1.6.1/plugins/com.st.stm32cube.ide.mcu.externaltools.gnu-tools-for-stm32.9-2020-q2-update.linux64_1.5.0.202011040924/tools/bin/../lib/gcc/arm-none-eabi/9.3.1/../../../../arm-none-eabi/lib/thumb/v7-m/nofp/libstdc++_nano.a
LOAD /opt/st/stm32cubeide_1.6.1/plugins/com.st.stm32cube.ide.mcu.externaltools.gnu-tools-for-stm32.9-2020-q2-update.linux64_1.5.0.202011040924/tools/bin/../lib/gcc/arm-none-eabi/9.3.1/../../../../arm-none-eabi/lib/thumb/v7-m/nofp/libsupc++_nano.a
END GROUP
LOAD /opt/st/stm32cubeide_1.6.1/plugins/com.st.stm32cube.ide.mcu.externaltools.gnu-tools-for-stm32.9-2020-q2-update.linux64_1.5.0.202011040924/tools/bin/../lib/gcc/arm-none-eabi/9.3.1/../../../../arm-none-eabi/lib/thumb/v7-m/nofp/libstdc++_nano.a
LOAD /opt/st/stm32cubeide_1.6.1/plugins/com.st.stm32cube.ide.mcu.externaltools.gnu-tools-for-stm32.9-2020-q2-update.linux64_1.5.0.202011040924/tools/bin/../lib/gcc/arm-none-eabi/9.3.1/../../../../arm-none-eabi/lib/thumb/v7-m/nofp/libm.a
LOAD /opt/st/stm32cubeide_1.6.1/plugins/com.st.stm32cube.ide.mcu.externaltools.gnu-tools-for-stm32.9-2020-q2-update.linux64_1.5.0.202011040924/tools/bin/../lib/gcc/arm-none-eabi/9.3.1/../../../../arm-none-eabi/lib/thumb/v7-m/nofp/libc_nano.a
START GROUP
LOAD /opt/st/stm32cubeide_1.6.1/plugins/com.st.stm32cube.ide.mcu.externaltools.gnu-tools-for-stm32.9-2020-q2-update.linux64_1.5.0.202011040924/tools/bin/../lib/gcc/arm-none-eabi/9.3.1/thumb/v7-m/nofp/libgcc.a
LOAD /opt/st/stm32cubeide_1.6.1/plugins/com.st.stm32cube.ide.mcu.externaltools.gnu-tools-for-stm32.9-2020-q2-update.linux64_1.5.0.202011040924/tools/bin/../lib/gcc/arm-none-eabi/9.3.1/../../../../arm-none-eabi/lib/thumb/v7-m/nofp/libc_nano.a
END GROUP
START GROUP
LOAD /opt/st/stm32cubeide_1.6.1/plugins/com.st.stm32cube.ide.mcu.externaltools.gnu-tools-for-stm32.9-2020-q2-update.linux64_1.5.0.202011040924/tools/bin/../lib/gcc/arm-none-eabi/9.3.1/thumb/v7-m/nofp/libgcc.a
LOAD /opt/st/stm32cubeide_1.6.1/plugins/com.st.stm32cube.ide.mcu.externaltools.gnu-tools-for-stm32.9-2020-q2-update.linux64_1.5.0.202011040924/tools/bin/../lib/gcc/arm-none-eabi/9.3.1/../../../../arm-none-eabi/lib/thumb/v7-m/nofp/libc_nano.a
LOAD /opt/st/stm32cubeide_1.6.1/plugins/com.st.stm32cube.ide.mcu.externaltools.gnu-tools-for-stm32.9-2020-q2-update.linux64_1.5.0.202011040924/tools/bin/../lib/gcc/arm-none-eabi/9.3.1/../../../../arm-none-eabi/lib/thumb/v7-m/nofp/libnosys.a
END GROUP
START GROUP
LOAD /opt/st/stm32cubeide_1.6.1/plugins/com.st.stm32cube.ide.mcu.externaltools.gnu-tools-for-stm32.9-2020-q2-update.linux64_1.5.0.202011040924/tools/bin/../lib/gcc/arm-none-eabi/9.3.1/thumb/v7-m/nofp/libgcc.a
LOAD /opt/st/stm32cubeide_1.6.1/plugins/com.st.stm32cube.ide.mcu.externaltools.gnu-tools-for-stm32.9-2020-q2-update.linux64_1.5.0.202011040924/tools/bin/../lib/gcc/arm-none-eabi/9.3.1/../../../../arm-none-eabi/lib/thumb/v7-m/nofp/libc_nano.a
LOAD /opt/st/stm32cubeide_1.6.1/plugins/com.st.stm32cube.ide.mcu.externaltools.gnu-tools-for-stm32.9-2020-q2-update.linux64_1.5.0.202011040924/tools/bin/../lib/gcc/arm-none-eabi/9.3.1/../../../../arm-none-eabi/lib/thumb/v7-m/nofp/libnosys.a
END GROUP
LOAD /opt/st/stm32cubeide_1.6.1/plugins/com.st.stm32cube.ide.mcu.externaltools.gnu-tools-for-stm32.9-2020-q2-update.linux64_1.5.0.202011040924/tools/bin/../lib/gcc/arm-none-eabi/9.3.1/thumb/v7-m/nofp/crtend.o
LOAD /opt/st/stm32cubeide_1.6.1/plugins/com.st.stm32cube.ide.mcu.externaltools.gnu-tools-for-stm32.9-2020-q2-update.linux64_1.5.0.202011040924/tools/bin/../lib/gcc/arm-none-eabi/9.3.1/thumb/v7-m/nofp/crtn.o
                0x0000000020005000                _estack = (ORIGIN (RAM) + LENGTH (RAM))
                0x0000000000000200                _Min_Heap_Size = 0x200
                0x0000000000000400                _Min_Stack_Size = 0x400

.isr_vector     0x0000000008000000      0x10c
                0x0000000008000000                . = ALIGN (0x4)
 *(.isr_vector)
 .isr_vector    0x0000000008000000      0x10c Core/Startup/startup_stm32f103c8tx.o
                0x0000000008000000                g_pfnVectors
                0x000000000800010c                . = ALIGN (0x4)

.text           0x000000000800010c     0x8cec
                0x000000000800010c                . = ALIGN (0x4)
 *(.text)
 .text          0x000000000800010c       0x40 /opt/st/stm32cubeide_1.6.1/plugins/com.st.stm32cube.ide.mcu.externaltools.gnu-tools-for-stm32.9-2020-q2-update.linux64_1.5.0.202011040924/tools/bin/../lib/gcc/arm-none-eabi/9.3.1/thumb/v7-m/nofp/crtbegin.o
 *(.text*)
 .text.sendCommandStart
                0x000000000800014c       0x18 Core/Src/AP_application.o
                0x000000000800014c                sendCommandStart
 .text.sendCommandEnd
                0x0000000008000164       0x18 Core/Src/AP_application.o
                0x0000000008000164                sendCommandEnd
 .text.sendCommand
                0x000000000800017c       0x20 Core/Src/AP_application.o
                0x000000000800017c                sendCommand
 .text.sendPackage
                0x000000000800019c       0x6a Core/Src/AP_application.o
                0x000000000800019c                sendPackage
 .text.sendErr  0x0000000008000206       0x20 Core/Src/AP_application.o
                0x0000000008000206                sendErr
 .text.sendOK   0x0000000008000226       0x10 Core/Src/AP_application.o
                0x0000000008000226                sendOK
 *fill*         0x0000000008000236        0x2 
 .text.receivePackage
                0x0000000008000238       0xc8 Core/Src/AP_application.o
                0x0000000008000238                receivePackage
 .text.cmdHasData
                0x0000000008000300       0xb4 Core/Src/AP_application.o
 .text.check_start
                0x00000000080003b4       0x20 Core/Src/AP_application.o
 .text.check_end
                0x00000000080003d4       0x20 Core/Src/AP_application.o
 .text.uart_fsm
                0x00000000080003f4      0x210 Core/Src/AP_application.o
                0x00000000080003f4                uart_fsm
 .text.MEMX24645_write_page
                0x0000000008000604       0x78 Core/Src/DR_eeprom.o
                0x0000000008000604                MEMX24645_write_page
 .text.MEMX24645_write
                0x000000000800067c       0x58 Core/Src/DR_eeprom.o
                0x000000000800067c                MEMX24645_write
 .text.MEMX24645_write_reg
                0x00000000080006d4       0x7c Core/Src/DR_eeprom.o
                0x00000000080006d4                MEMX24645_write_reg
 .text.MEMX24645_read_page
                0x0000000008000750       0x78 Core/Src/DR_eeprom.o
                0x0000000008000750                MEMX24645_read_page
 .text.MEMX24645_read
                0x00000000080007c8       0x58 Core/Src/DR_eeprom.o
                0x00000000080007c8                MEMX24645_read
 .text.MEM24LC16_write_page
                0x0000000008000820       0x78 Core/Src/DR_eeprom.o
                0x0000000008000820                MEM24LC16_write_page
 .text.MEM24LC16_write
                0x0000000008000898       0x58 Core/Src/DR_eeprom.o
                0x0000000008000898                MEM24LC16_write
 .text.MEM24LC16_read_page
                0x00000000080008f0       0x78 Core/Src/DR_eeprom.o
                0x00000000080008f0                MEM24LC16_read_page
 .text.MEM24LC16_read
                0x0000000008000968       0x58 Core/Src/DR_eeprom.o
                0x0000000008000968                MEM24LC16_read
 .text.MEMX24645_enableWriteAccess
                0x00000000080009c0       0x1a Core/Src/DR_eeprom.o
                0x00000000080009c0                MEMX24645_enableWriteAccess
 *fill*         0x00000000080009da        0x2 
 .text.getMemSize
                0x00000000080009dc       0x40 Core/Src/DR_eeprom.o
                0x00000000080009dc                getMemSize
 .text.EEPROM_Init
                0x0000000008000a1c       0x9c Core/Src/DR_eeprom.o
                0x0000000008000a1c                EEPROM_Init
 .text.readMemory
                0x0000000008000ab8       0x54 Core/Src/PR_eeprom.o
                0x0000000008000ab8                readMemory
 .text.saveMemory
                0x0000000008000b0c       0x54 Core/Src/PR_eeprom.o
                0x0000000008000b0c                saveMemory
 .text.write    0x0000000008000b60       0x30 Core/Src/PR_serial.o
 .text.serial_write
                0x0000000008000b90       0x44 Core/Src/PR_serial.o
                0x0000000008000b90                serial_write
 .text.read     0x0000000008000bd4       0x48 Core/Src/PR_serial.o
 .text.serial_read
                0x0000000008000c1c       0x6e Core/Src/PR_serial.o
                0x0000000008000c1c                serial_read
 *fill*         0x0000000008000c8a        0x2 
 .text.main     0x0000000008000c8c       0x48 Core/Src/main.o
                0x0000000008000c8c                main
 .text.SystemClock_Config
                0x0000000008000cd4       0xb4 Core/Src/main.o
                0x0000000008000cd4                SystemClock_Config
 .text.MX_I2C2_Init
                0x0000000008000d88       0x5c Core/Src/main.o
 .text.MX_GPIO_Init
                0x0000000008000de4       0x98 Core/Src/main.o
 .text.Error_Handler
                0x0000000008000e7c        0xa Core/Src/main.o
                0x0000000008000e7c                Error_Handler
 *fill*         0x0000000008000e86        0x2 
 .text.HAL_MspInit
                0x0000000008000e88       0x64 Core/Src/stm32f1xx_hal_msp.o
                0x0000000008000e88                HAL_MspInit
 .text.HAL_I2C_MspInit
                0x0000000008000eec       0x80 Core/Src/stm32f1xx_hal_msp.o
                0x0000000008000eec                HAL_I2C_MspInit
 .text.NMI_Handler
                0x0000000008000f6c        0x6 Core/Src/stm32f1xx_it.o
                0x0000000008000f6c                NMI_Handler
 .text.HardFault_Handler
                0x0000000008000f72        0x6 Core/Src/stm32f1xx_it.o
                0x0000000008000f72                HardFault_Handler
 .text.MemManage_Handler
                0x0000000008000f78        0x6 Core/Src/stm32f1xx_it.o
                0x0000000008000f78                MemManage_Handler
 .text.BusFault_Handler
                0x0000000008000f7e        0x6 Core/Src/stm32f1xx_it.o
                0x0000000008000f7e                BusFault_Handler
 .text.UsageFault_Handler
                0x0000000008000f84        0x6 Core/Src/stm32f1xx_it.o
                0x0000000008000f84                UsageFault_Handler
 .text.SVC_Handler
                0x0000000008000f8a        0xc Core/Src/stm32f1xx_it.o
                0x0000000008000f8a                SVC_Handler
 .text.DebugMon_Handler
                0x0000000008000f96        0xc Core/Src/stm32f1xx_it.o
                0x0000000008000f96                DebugMon_Handler
 .text.PendSV_Handler
                0x0000000008000fa2        0xc Core/Src/stm32f1xx_it.o
                0x0000000008000fa2                PendSV_Handler
 .text.SysTick_Handler
                0x0000000008000fae        0xc Core/Src/stm32f1xx_it.o
                0x0000000008000fae                SysTick_Handler
 *fill*         0x0000000008000fba        0x2 
 .text.USB_HP_CAN1_TX_IRQHandler
                0x0000000008000fbc       0x14 Core/Src/stm32f1xx_it.o
                0x0000000008000fbc                USB_HP_CAN1_TX_IRQHandler
 .text.USB_LP_CAN1_RX0_IRQHandler
                0x0000000008000fd0       0x14 Core/Src/stm32f1xx_it.o
                0x0000000008000fd0                USB_LP_CAN1_RX0_IRQHandler
 .text.SystemInit
                0x0000000008000fe4        0xc Core/Src/system_stm32f1xx.o
                0x0000000008000fe4                SystemInit
 .text.Reset_Handler
                0x0000000008000ff0       0x48 Core/Startup/startup_stm32f103c8tx.o
                0x0000000008000ff0                Reset_Handler
 .text.Default_Handler
                0x0000000008001038        0x2 Core/Startup/startup_stm32f103c8tx.o
                0x0000000008001038                RTC_Alarm_IRQHandler
                0x0000000008001038                EXTI2_IRQHandler
                0x0000000008001038                TIM1_CC_IRQHandler
                0x0000000008001038                PVD_IRQHandler
                0x0000000008001038                EXTI3_IRQHandler
                0x0000000008001038                EXTI0_IRQHandler
                0x0000000008001038                I2C2_EV_IRQHandler
                0x0000000008001038                ADC1_2_IRQHandler
                0x0000000008001038                SPI1_IRQHandler
                0x0000000008001038                TAMPER_IRQHandler
                0x0000000008001038                DMA1_Channel4_IRQHandler
                0x0000000008001038                USART3_IRQHandler
                0x0000000008001038                RTC_IRQHandler
                0x0000000008001038                DMA1_Channel7_IRQHandler
                0x0000000008001038                CAN1_RX1_IRQHandler
                0x0000000008001038                TIM4_IRQHandler
                0x0000000008001038                I2C1_EV_IRQHandler
                0x0000000008001038                DMA1_Channel6_IRQHandler
                0x0000000008001038                TIM3_IRQHandler
                0x0000000008001038                RCC_IRQHandler
                0x0000000008001038                TIM1_TRG_COM_IRQHandler
                0x0000000008001038                DMA1_Channel1_IRQHandler
                0x0000000008001038                Default_Handler
                0x0000000008001038                EXTI15_10_IRQHandler
                0x0000000008001038                EXTI9_5_IRQHandler
                0x0000000008001038                SPI2_IRQHandler
                0x0000000008001038                DMA1_Channel5_IRQHandler
                0x0000000008001038                EXTI4_IRQHandler
                0x0000000008001038                DMA1_Channel3_IRQHandler
                0x0000000008001038                TIM1_UP_IRQHandler
                0x0000000008001038                WWDG_IRQHandler
                0x0000000008001038                TIM2_IRQHandler
                0x0000000008001038                TIM1_BRK_IRQHandler
                0x0000000008001038                EXTI1_IRQHandler
                0x0000000008001038                USART2_IRQHandler
                0x0000000008001038                I2C2_ER_IRQHandler
                0x0000000008001038                DMA1_Channel2_IRQHandler
                0x0000000008001038                CAN1_SCE_IRQHandler
                0x0000000008001038                FLASH_IRQHandler
                0x0000000008001038                USART1_IRQHandler
                0x0000000008001038                I2C1_ER_IRQHandler
                0x0000000008001038                USBWakeUp_IRQHandler
 *fill*         0x000000000800103a        0x2 
 .text.HAL_Init
                0x000000000800103c       0x2c Drivers/STM32F1xx_HAL_Driver/Src/stm32f1xx_hal.o
                0x000000000800103c                HAL_Init
 .text.HAL_InitTick
                0x0000000008001068       0x60 Drivers/STM32F1xx_HAL_Driver/Src/stm32f1xx_hal.o
                0x0000000008001068                HAL_InitTick
 .text.HAL_IncTick
                0x00000000080010c8       0x24 Drivers/STM32F1xx_HAL_Driver/Src/stm32f1xx_hal.o
                0x00000000080010c8                HAL_IncTick
 .text.HAL_GetTick
                0x00000000080010ec       0x14 Drivers/STM32F1xx_HAL_Driver/Src/stm32f1xx_hal.o
                0x00000000080010ec                HAL_GetTick
 .text.HAL_Delay
                0x0000000008001100       0x48 Drivers/STM32F1xx_HAL_Driver/Src/stm32f1xx_hal.o
                0x0000000008001100                HAL_Delay
 .text.__NVIC_SetPriorityGrouping
                0x0000000008001148       0x48 Drivers/STM32F1xx_HAL_Driver/Src/stm32f1xx_hal_cortex.o
 .text.__NVIC_GetPriorityGrouping
                0x0000000008001190       0x1c Drivers/STM32F1xx_HAL_Driver/Src/stm32f1xx_hal_cortex.o
 .text.__NVIC_EnableIRQ
                0x00000000080011ac       0x38 Drivers/STM32F1xx_HAL_Driver/Src/stm32f1xx_hal_cortex.o
 .text.__NVIC_SetPriority
                0x00000000080011e4       0x54 Drivers/STM32F1xx_HAL_Driver/Src/stm32f1xx_hal_cortex.o
 .text.NVIC_EncodePriority
                0x0000000008001238       0x64 Drivers/STM32F1xx_HAL_Driver/Src/stm32f1xx_hal_cortex.o
 .text.SysTick_Config
                0x000000000800129c       0x44 Drivers/STM32F1xx_HAL_Driver/Src/stm32f1xx_hal_cortex.o
 .text.HAL_NVIC_SetPriorityGrouping
                0x00000000080012e0       0x16 Drivers/STM32F1xx_HAL_Driver/Src/stm32f1xx_hal_cortex.o
                0x00000000080012e0                HAL_NVIC_SetPriorityGrouping
 .text.HAL_NVIC_SetPriority
                0x00000000080012f6       0x38 Drivers/STM32F1xx_HAL_Driver/Src/stm32f1xx_hal_cortex.o
                0x00000000080012f6                HAL_NVIC_SetPriority
 .text.HAL_NVIC_EnableIRQ
                0x000000000800132e       0x1c Drivers/STM32F1xx_HAL_Driver/Src/stm32f1xx_hal_cortex.o
                0x000000000800132e                HAL_NVIC_EnableIRQ
 .text.HAL_SYSTICK_Config
                0x000000000800134a       0x18 Drivers/STM32F1xx_HAL_Driver/Src/stm32f1xx_hal_cortex.o
                0x000000000800134a                HAL_SYSTICK_Config
 *fill*         0x0000000008001362        0x2 
 .text.HAL_GPIO_Init
                0x0000000008001364      0x308 Drivers/STM32F1xx_HAL_Driver/Src/stm32f1xx_hal_gpio.o
                0x0000000008001364                HAL_GPIO_Init
 .text.HAL_GPIO_WritePin
                0x000000000800166c       0x30 Drivers/STM32F1xx_HAL_Driver/Src/stm32f1xx_hal_gpio.o
                0x000000000800166c                HAL_GPIO_WritePin
 .text.HAL_I2C_Init
                0x000000000800169c      0x288 Drivers/STM32F1xx_HAL_Driver/Src/stm32f1xx_hal_i2c.o
                0x000000000800169c                HAL_I2C_Init
 .text.HAL_I2C_Mem_Write
                0x0000000008001924      0x1f4 Drivers/STM32F1xx_HAL_Driver/Src/stm32f1xx_hal_i2c.o
                0x0000000008001924                HAL_I2C_Mem_Write
 .text.HAL_I2C_Mem_Read
                0x0000000008001b18      0x4d0 Drivers/STM32F1xx_HAL_Driver/Src/stm32f1xx_hal_i2c.o
                0x0000000008001b18                HAL_I2C_Mem_Read
 .text.HAL_I2C_IsDeviceReady
                0x0000000008001fe8      0x25c Drivers/STM32F1xx_HAL_Driver/Src/stm32f1xx_hal_i2c.o
                0x0000000008001fe8                HAL_I2C_IsDeviceReady
 .text.I2C_RequestMemoryWrite
                0x0000000008002244      0x12c Drivers/STM32F1xx_HAL_Driver/Src/stm32f1xx_hal_i2c.o
 .text.I2C_RequestMemoryRead
                0x0000000008002370      0x1d0 Drivers/STM32F1xx_HAL_Driver/Src/stm32f1xx_hal_i2c.o
 .text.I2C_WaitOnFlagUntilTimeout
                0x0000000008002540       0xae Drivers/STM32F1xx_HAL_Driver/Src/stm32f1xx_hal_i2c.o
 .text.I2C_WaitOnMasterAddressFlagUntilTimeout
                0x00000000080025ee       0xfe Drivers/STM32F1xx_HAL_Driver/Src/stm32f1xx_hal_i2c.o
 .text.I2C_WaitOnTXEFlagUntilTimeout
                0x00000000080026ec       0x82 Drivers/STM32F1xx_HAL_Driver/Src/stm32f1xx_hal_i2c.o
 .text.I2C_WaitOnBTFFlagUntilTimeout
                0x000000000800276e       0x82 Drivers/STM32F1xx_HAL_Driver/Src/stm32f1xx_hal_i2c.o
 .text.I2C_WaitOnRXNEFlagUntilTimeout
                0x00000000080027f0       0xac Drivers/STM32F1xx_HAL_Driver/Src/stm32f1xx_hal_i2c.o
 .text.I2C_IsAcknowledgeFailed
                0x000000000800289c       0x5c Drivers/STM32F1xx_HAL_Driver/Src/stm32f1xx_hal_i2c.o
 .text.HAL_PCD_Init
                0x00000000080028f8      0x216 Drivers/STM32F1xx_HAL_Driver/Src/stm32f1xx_hal_pcd.o
                0x00000000080028f8                HAL_PCD_Init
 .text.HAL_PCD_Start
                0x0000000008002b0e       0x4c Drivers/STM32F1xx_HAL_Driver/Src/stm32f1xx_hal_pcd.o
                0x0000000008002b0e                HAL_PCD_Start
 .text.HAL_PCD_IRQHandler
                0x0000000008002b5a      0x2aa Drivers/STM32F1xx_HAL_Driver/Src/stm32f1xx_hal_pcd.o
                0x0000000008002b5a                HAL_PCD_IRQHandler
 .text.HAL_PCD_SetAddress
                0x0000000008002e04       0x4a Drivers/STM32F1xx_HAL_Driver/Src/stm32f1xx_hal_pcd.o
                0x0000000008002e04                HAL_PCD_SetAddress
 .text.HAL_PCD_EP_Open
                0x0000000008002e4e       0xcc Drivers/STM32F1xx_HAL_Driver/Src/stm32f1xx_hal_pcd.o
                0x0000000008002e4e                HAL_PCD_EP_Open
 .text.HAL_PCD_EP_Close
                0x0000000008002f1a       0x90 Drivers/STM32F1xx_HAL_Driver/Src/stm32f1xx_hal_pcd.o
                0x0000000008002f1a                HAL_PCD_EP_Close
 .text.HAL_PCD_EP_Receive
                0x0000000008002faa       0x7a Drivers/STM32F1xx_HAL_Driver/Src/stm32f1xx_hal_pcd.o
                0x0000000008002faa                HAL_PCD_EP_Receive
 .text.HAL_PCD_EP_GetRxCount
                0x0000000008003024       0x2e Drivers/STM32F1xx_HAL_Driver/Src/stm32f1xx_hal_pcd.o
                0x0000000008003024                HAL_PCD_EP_GetRxCount
 .text.HAL_PCD_EP_Transmit
                0x0000000008003052       0x86 Drivers/STM32F1xx_HAL_Driver/Src/stm32f1xx_hal_pcd.o
                0x0000000008003052                HAL_PCD_EP_Transmit
 .text.HAL_PCD_EP_SetStall
                0x00000000080030d8       0xc0 Drivers/STM32F1xx_HAL_Driver/Src/stm32f1xx_hal_pcd.o
                0x00000000080030d8                HAL_PCD_EP_SetStall
 .text.HAL_PCD_EP_ClrStall
                0x0000000008003198       0xa8 Drivers/STM32F1xx_HAL_Driver/Src/stm32f1xx_hal_pcd.o
                0x0000000008003198                HAL_PCD_EP_ClrStall
 .text.PCD_EP_ISR_Handler
                0x0000000008003240      0x5e6 Drivers/STM32F1xx_HAL_Driver/Src/stm32f1xx_hal_pcd.o
 .text.HAL_PCD_EP_DB_Receive
                0x0000000008003826      0x21a Drivers/STM32F1xx_HAL_Driver/Src/stm32f1xx_hal_pcd.o
 .text.HAL_PCD_EP_DB_Transmit
                0x0000000008003a40      0x556 Drivers/STM32F1xx_HAL_Driver/Src/stm32f1xx_hal_pcd.o
 .text.HAL_PCDEx_PMAConfig
                0x0000000008003f96       0x84 Drivers/STM32F1xx_HAL_Driver/Src/stm32f1xx_hal_pcd_ex.o
                0x0000000008003f96                HAL_PCDEx_PMAConfig
 *fill*         0x000000000800401a        0x2 
 .text.HAL_RCC_OscConfig
                0x000000000800401c      0x500 Drivers/STM32F1xx_HAL_Driver/Src/stm32f1xx_hal_rcc.o
                0x000000000800401c                HAL_RCC_OscConfig
 .text.HAL_RCC_ClockConfig
                0x000000000800451c      0x1d4 Drivers/STM32F1xx_HAL_Driver/Src/stm32f1xx_hal_rcc.o
                0x000000000800451c                HAL_RCC_ClockConfig
 .text.HAL_RCC_GetSysClockFreq
                0x00000000080046f0       0xc0 Drivers/STM32F1xx_HAL_Driver/Src/stm32f1xx_hal_rcc.o
                0x00000000080046f0                HAL_RCC_GetSysClockFreq
 .text.HAL_RCC_GetHCLKFreq
                0x00000000080047b0       0x14 Drivers/STM32F1xx_HAL_Driver/Src/stm32f1xx_hal_rcc.o
                0x00000000080047b0                HAL_RCC_GetHCLKFreq
 .text.HAL_RCC_GetPCLK1Freq
                0x00000000080047c4       0x28 Drivers/STM32F1xx_HAL_Driver/Src/stm32f1xx_hal_rcc.o
                0x00000000080047c4                HAL_RCC_GetPCLK1Freq
 .text.RCC_Delay
                0x00000000080047ec       0x3c Drivers/STM32F1xx_HAL_Driver/Src/stm32f1xx_hal_rcc.o
 .text.HAL_RCCEx_PeriphCLKConfig
                0x0000000008004828      0x16c Drivers/STM32F1xx_HAL_Driver/Src/stm32f1xx_hal_rcc_ex.o
                0x0000000008004828                HAL_RCCEx_PeriphCLKConfig
 .text.USB_CoreInit
                0x0000000008004994       0x20 Drivers/STM32F1xx_HAL_Driver/Src/stm32f1xx_ll_usb.o
                0x0000000008004994                USB_CoreInit
 .text.USB_EnableGlobalInt
                0x00000000080049b4       0x2c Drivers/STM32F1xx_HAL_Driver/Src/stm32f1xx_ll_usb.o
                0x00000000080049b4                USB_EnableGlobalInt
 .text.USB_DisableGlobalInt
                0x00000000080049e0       0x34 Drivers/STM32F1xx_HAL_Driver/Src/stm32f1xx_ll_usb.o
                0x00000000080049e0                USB_DisableGlobalInt
 .text.USB_SetCurrentMode
                0x0000000008004a14       0x18 Drivers/STM32F1xx_HAL_Driver/Src/stm32f1xx_ll_usb.o
                0x0000000008004a14                USB_SetCurrentMode
 .text.USB_DevInit
                0x0000000008004a2c       0x40 Drivers/STM32F1xx_HAL_Driver/Src/stm32f1xx_ll_usb.o
                0x0000000008004a2c                USB_DevInit
 .text.USB_ActivateEndpoint
                0x0000000008004a6c      0x6d4 Drivers/STM32F1xx_HAL_Driver/Src/stm32f1xx_ll_usb.o
                0x0000000008004a6c                USB_ActivateEndpoint
 .text.USB_DeactivateEndpoint
                0x0000000008005140      0x3d8 Drivers/STM32F1xx_HAL_Driver/Src/stm32f1xx_ll_usb.o
                0x0000000008005140                USB_DeactivateEndpoint
 .text.USB_EPStartXfer
                0x0000000008005518     0x1240 Drivers/STM32F1xx_HAL_Driver/Src/stm32f1xx_ll_usb.o
                0x0000000008005518                USB_EPStartXfer
 .text.USB_EPSetStall
                0x0000000008006758       0xa0 Drivers/STM32F1xx_HAL_Driver/Src/stm32f1xx_ll_usb.o
                0x0000000008006758                USB_EPSetStall
 .text.USB_EPClearStall
                0x00000000080067f8      0x15a Drivers/STM32F1xx_HAL_Driver/Src/stm32f1xx_ll_usb.o
                0x00000000080067f8                USB_EPClearStall
 .text.USB_SetDevAddress
                0x0000000008006952       0x26 Drivers/STM32F1xx_HAL_Driver/Src/stm32f1xx_ll_usb.o
                0x0000000008006952                USB_SetDevAddress
 .text.USB_DevConnect
                0x0000000008006978       0x14 Drivers/STM32F1xx_HAL_Driver/Src/stm32f1xx_ll_usb.o
                0x0000000008006978                USB_DevConnect
 .text.USB_DevDisconnect
                0x000000000800698c       0x14 Drivers/STM32F1xx_HAL_Driver/Src/stm32f1xx_ll_usb.o
                0x000000000800698c                USB_DevDisconnect
 .text.USB_ReadInterrupts
                0x00000000080069a0       0x1e Drivers/STM32F1xx_HAL_Driver/Src/stm32f1xx_ll_usb.o
                0x00000000080069a0                USB_ReadInterrupts
 .text.USB_EP0_OutStart
                0x00000000080069be       0x16 Drivers/STM32F1xx_HAL_Driver/Src/stm32f1xx_ll_usb.o
                0x00000000080069be                USB_EP0_OutStart
 .text.USB_WritePMA
                0x00000000080069d4       0x8a Drivers/STM32F1xx_HAL_Driver/Src/stm32f1xx_ll_usb.o
                0x00000000080069d4                USB_WritePMA
 .text.USB_ReadPMA
                0x0000000008006a5e       0x9e Drivers/STM32F1xx_HAL_Driver/Src/stm32f1xx_ll_usb.o
                0x0000000008006a5e                USB_ReadPMA
 .text.USBD_CDC_Init
                0x0000000008006afc       0xf4 Middlewares/ST/STM32_USB_Device_Library/Class/CDC/Src/usbd_cdc.o
 .text.USBD_CDC_DeInit
                0x0000000008006bf0       0x6e Middlewares/ST/STM32_USB_Device_Library/Class/CDC/Src/usbd_cdc.o
 .text.USBD_CDC_Setup
                0x0000000008006c5e      0x146 Middlewares/ST/STM32_USB_Device_Library/Class/CDC/Src/usbd_cdc.o
 .text.USBD_CDC_DataIn
                0x0000000008006da4       0xa6 Middlewares/ST/STM32_USB_Device_Library/Class/CDC/Src/usbd_cdc.o
 .text.USBD_CDC_DataOut
                0x0000000008006e4a       0x56 Middlewares/ST/STM32_USB_Device_Library/Class/CDC/Src/usbd_cdc.o
 .text.USBD_CDC_EP0_RxReady
                0x0000000008006ea0       0x50 Middlewares/ST/STM32_USB_Device_Library/Class/CDC/Src/usbd_cdc.o
 .text.USBD_CDC_GetFSCfgDesc
                0x0000000008006ef0       0x20 Middlewares/ST/STM32_USB_Device_Library/Class/CDC/Src/usbd_cdc.o
 .text.USBD_CDC_GetHSCfgDesc
                0x0000000008006f10       0x20 Middlewares/ST/STM32_USB_Device_Library/Class/CDC/Src/usbd_cdc.o
 .text.USBD_CDC_GetOtherSpeedCfgDesc
                0x0000000008006f30       0x20 Middlewares/ST/STM32_USB_Device_Library/Class/CDC/Src/usbd_cdc.o
 .text.USBD_CDC_GetDeviceQualifierDescriptor
                0x0000000008006f50       0x20 Middlewares/ST/STM32_USB_Device_Library/Class/CDC/Src/usbd_cdc.o
                0x0000000008006f50                USBD_CDC_GetDeviceQualifierDescriptor
 .text.USBD_CDC_RegisterInterface
                0x0000000008006f70       0x2c Middlewares/ST/STM32_USB_Device_Library/Class/CDC/Src/usbd_cdc.o
                0x0000000008006f70                USBD_CDC_RegisterInterface
 .text.USBD_CDC_SetTxBuffer
                0x0000000008006f9c       0x32 Middlewares/ST/STM32_USB_Device_Library/Class/CDC/Src/usbd_cdc.o
                0x0000000008006f9c                USBD_CDC_SetTxBuffer
 .text.USBD_CDC_SetRxBuffer
                0x0000000008006fce       0x26 Middlewares/ST/STM32_USB_Device_Library/Class/CDC/Src/usbd_cdc.o
                0x0000000008006fce                USBD_CDC_SetRxBuffer
 .text.USBD_CDC_TransmitPacket
                0x0000000008006ff4       0x5e Middlewares/ST/STM32_USB_Device_Library/Class/CDC/Src/usbd_cdc.o
                0x0000000008006ff4                USBD_CDC_TransmitPacket
 .text.USBD_CDC_ReceivePacket
                0x0000000008007052       0x54 Middlewares/ST/STM32_USB_Device_Library/Class/CDC/Src/usbd_cdc.o
                0x0000000008007052                USBD_CDC_ReceivePacket
 .text.USBD_Init
                0x00000000080070a6       0x56 Middlewares/ST/STM32_USB_Device_Library/Core/Src/usbd_core.o
                0x00000000080070a6                USBD_Init
 .text.USBD_RegisterClass
                0x00000000080070fc       0x32 Middlewares/ST/STM32_USB_Device_Library/Core/Src/usbd_core.o
                0x00000000080070fc                USBD_RegisterClass
 .text.USBD_Start
                0x000000000800712e       0x18 Middlewares/ST/STM32_USB_Device_Library/Core/Src/usbd_core.o
                0x000000000800712e                USBD_Start
 .text.USBD_RunTestMode
                0x0000000008007146       0x14 Middlewares/ST/STM32_USB_Device_Library/Core/Src/usbd_core.o
                0x0000000008007146                USBD_RunTestMode
 .text.USBD_SetClassConfig
                0x000000000800715a       0x3e Middlewares/ST/STM32_USB_Device_Library/Core/Src/usbd_core.o
                0x000000000800715a                USBD_SetClassConfig
 .text.USBD_ClrClassConfig
                0x0000000008007198       0x26 Middlewares/ST/STM32_USB_Device_Library/Core/Src/usbd_core.o
                0x0000000008007198                USBD_ClrClassConfig
 .text.USBD_LL_SetupStage
                0x00000000080071be       0x9a Middlewares/ST/STM32_USB_Device_Library/Core/Src/usbd_core.o
                0x00000000080071be                USBD_LL_SetupStage
 .text.USBD_LL_DataOutStage
                0x0000000008007258       0xe2 Middlewares/ST/STM32_USB_Device_Library/Core/Src/usbd_core.o
                0x0000000008007258                USBD_LL_DataOutStage
 .text.USBD_LL_DataInStage
                0x000000000800733a      0x14a Middlewares/ST/STM32_USB_Device_Library/Core/Src/usbd_core.o
                0x000000000800733a                USBD_LL_DataInStage
 .text.USBD_LL_Reset
                0x0000000008007484       0x82 Middlewares/ST/STM32_USB_Device_Library/Core/Src/usbd_core.o
                0x0000000008007484                USBD_LL_Reset
 .text.USBD_LL_SetSpeed
                0x0000000008007506       0x1e Middlewares/ST/STM32_USB_Device_Library/Core/Src/usbd_core.o
                0x0000000008007506                USBD_LL_SetSpeed
 .text.USBD_LL_Suspend
                0x0000000008007524       0x28 Middlewares/ST/STM32_USB_Device_Library/Core/Src/usbd_core.o
                0x0000000008007524                USBD_LL_Suspend
 .text.USBD_LL_Resume
                0x000000000800754c       0x2a Middlewares/ST/STM32_USB_Device_Library/Core/Src/usbd_core.o
                0x000000000800754c                USBD_LL_Resume
 .text.USBD_LL_SOF
                0x0000000008007576       0x34 Middlewares/ST/STM32_USB_Device_Library/Core/Src/usbd_core.o
                0x0000000008007576                USBD_LL_SOF
 *fill*         0x00000000080075aa        0x2 
 .text.USBD_StdDevReq
                0x00000000080075ac       0xd4 Middlewares/ST/STM32_USB_Device_Library/Core/Src/usbd_ctlreq.o
                0x00000000080075ac                USBD_StdDevReq
 .text.USBD_StdItfReq
                0x0000000008007680       0x90 Middlewares/ST/STM32_USB_Device_Library/Core/Src/usbd_ctlreq.o
                0x0000000008007680                USBD_StdItfReq
 .text.USBD_StdEPReq
                0x0000000008007710      0x2c6 Middlewares/ST/STM32_USB_Device_Library/Core/Src/usbd_ctlreq.o
                0x0000000008007710                USBD_StdEPReq
 *fill*         0x00000000080079d6        0x2 
 .text.USBD_GetDescriptor
                0x00000000080079d8      0x2d0 Middlewares/ST/STM32_USB_Device_Library/Core/Src/usbd_ctlreq.o
 .text.USBD_SetAddress
                0x0000000008007ca8       0x86 Middlewares/ST/STM32_USB_Device_Library/Core/Src/usbd_ctlreq.o
 *fill*         0x0000000008007d2e        0x2 
 .text.USBD_SetConfig
                0x0000000008007d30      0x11c Middlewares/ST/STM32_USB_Device_Library/Core/Src/usbd_ctlreq.o
 .text.USBD_GetConfig
                0x0000000008007e4c       0x6a Middlewares/ST/STM32_USB_Device_Library/Core/Src/usbd_ctlreq.o
 .text.USBD_GetStatus
                0x0000000008007eb6       0x66 Middlewares/ST/STM32_USB_Device_Library/Core/Src/usbd_ctlreq.o
 .text.USBD_SetFeature
                0x0000000008007f1c       0x28 Middlewares/ST/STM32_USB_Device_Library/Core/Src/usbd_ctlreq.o
 .text.USBD_ClrFeature
                0x0000000008007f44       0x42 Middlewares/ST/STM32_USB_Device_Library/Core/Src/usbd_ctlreq.o
 .text.USBD_ParseSetupRequest
                0x0000000008007f86       0x78 Middlewares/ST/STM32_USB_Device_Library/Core/Src/usbd_ctlreq.o
                0x0000000008007f86                USBD_ParseSetupRequest
 .text.USBD_CtlError
                0x0000000008007ffe       0x22 Middlewares/ST/STM32_USB_Device_Library/Core/Src/usbd_ctlreq.o
                0x0000000008007ffe                USBD_CtlError
 .text.USBD_GetString
                0x0000000008008020       0x84 Middlewares/ST/STM32_USB_Device_Library/Core/Src/usbd_ctlreq.o
                0x0000000008008020                USBD_GetString
 .text.USBD_GetLen
                0x00000000080080a4       0x2e Middlewares/ST/STM32_USB_Device_Library/Core/Src/usbd_ctlreq.o
 .text.USBD_CtlSendData
                0x00000000080080d2       0x38 Middlewares/ST/STM32_USB_Device_Library/Core/Src/usbd_ioreq.o
                0x00000000080080d2                USBD_CtlSendData
 .text.USBD_CtlContinueSendData
                0x000000000800810a       0x24 Middlewares/ST/STM32_USB_Device_Library/Core/Src/usbd_ioreq.o
                0x000000000800810a                USBD_CtlContinueSendData
 .text.USBD_CtlPrepareRx
                0x000000000800812e       0x3c Middlewares/ST/STM32_USB_Device_Library/Core/Src/usbd_ioreq.o
                0x000000000800812e                USBD_CtlPrepareRx
 .text.USBD_CtlContinueRx
                0x000000000800816a       0x24 Middlewares/ST/STM32_USB_Device_Library/Core/Src/usbd_ioreq.o
                0x000000000800816a                USBD_CtlContinueRx
 .text.USBD_CtlSendStatus
                0x000000000800818e       0x26 Middlewares/ST/STM32_USB_Device_Library/Core/Src/usbd_ioreq.o
                0x000000000800818e                USBD_CtlSendStatus
 .text.USBD_CtlReceiveStatus
                0x00000000080081b4       0x26 Middlewares/ST/STM32_USB_Device_Library/Core/Src/usbd_ioreq.o
                0x00000000080081b4                USBD_CtlReceiveStatus
 *fill*         0x00000000080081da        0x2 
 .text.MX_USB_DEVICE_Init
                0x00000000080081dc       0xa4 USB_DEVICE/App/usb_device.o
                0x00000000080081dc                MX_USB_DEVICE_Init
 .text.CDC_Init_FS
                0x0000000008008280       0x70 USB_DEVICE/App/usbd_cdc_if.o
 .text.CDC_DeInit_FS
                0x00000000080082f0        0xe USB_DEVICE/App/usbd_cdc_if.o
 *fill*         0x00000000080082fe        0x2 
 .text.CDC_Control_FS
                0x0000000008008300      0x144 USB_DEVICE/App/usbd_cdc_if.o
 .text.CDC_Receive_FS
                0x0000000008008444       0x80 USB_DEVICE/App/usbd_cdc_if.o
 .text.CDC_Transmit_FS
                0x00000000080084c4       0x4c USB_DEVICE/App/usbd_cdc_if.o
                0x00000000080084c4                CDC_Transmit_FS
 .text.CDC_ReadRxBuffer_FS
                0x0000000008008510       0x70 USB_DEVICE/App/usbd_cdc_if.o
                0x0000000008008510                CDC_ReadRxBuffer_FS
 .text.CDC_GetRxBufferBytesAvailable_FS
                0x0000000008008580       0x28 USB_DEVICE/App/usbd_cdc_if.o
                0x0000000008008580                CDC_GetRxBufferBytesAvailable_FS
 .text.CDC_FlushRxBuffer_FS
                0x00000000080085a8       0x44 USB_DEVICE/App/usbd_cdc_if.o
                0x00000000080085a8                CDC_FlushRxBuffer_FS
 .text.USBD_FS_DeviceDescriptor
                0x00000000080085ec       0x24 USB_DEVICE/App/usbd_desc.o
                0x00000000080085ec                USBD_FS_DeviceDescriptor
 .text.USBD_FS_LangIDStrDescriptor
                0x0000000008008610       0x24 USB_DEVICE/App/usbd_desc.o
                0x0000000008008610                USBD_FS_LangIDStrDescriptor
 .text.USBD_FS_ProductStrDescriptor
                0x0000000008008634       0x3c USB_DEVICE/App/usbd_desc.o
                0x0000000008008634                USBD_FS_ProductStrDescriptor
 .text.USBD_FS_ManufacturerStrDescriptor
                0x0000000008008670       0x28 USB_DEVICE/App/usbd_desc.o
                0x0000000008008670                USBD_FS_ManufacturerStrDescriptor
 .text.USBD_FS_SerialStrDescriptor
                0x0000000008008698       0x24 USB_DEVICE/App/usbd_desc.o
                0x0000000008008698                USBD_FS_SerialStrDescriptor
 .text.USBD_FS_ConfigStrDescriptor
                0x00000000080086bc       0x3c USB_DEVICE/App/usbd_desc.o
                0x00000000080086bc                USBD_FS_ConfigStrDescriptor
 .text.USBD_FS_InterfaceStrDescriptor
                0x00000000080086f8       0x3c USB_DEVICE/App/usbd_desc.o
                0x00000000080086f8                USBD_FS_InterfaceStrDescriptor
 .text.Get_SerialNum
                0x0000000008008734       0x58 USB_DEVICE/App/usbd_desc.o
 .text.IntToUnicode
                0x000000000800878c       0x7c USB_DEVICE/App/usbd_desc.o
 .text.HAL_PCD_MspInit
                0x0000000008008808       0x5c USB_DEVICE/Target/usbd_conf.o
                0x0000000008008808                HAL_PCD_MspInit
 .text.HAL_PCD_SetupStageCallback
                0x0000000008008864       0x24 USB_DEVICE/Target/usbd_conf.o
                0x0000000008008864                HAL_PCD_SetupStageCallback
 .text.HAL_PCD_DataOutStageCallback
                0x0000000008008888       0x36 USB_DEVICE/Target/usbd_conf.o
                0x0000000008008888                HAL_PCD_DataOutStageCallback
 .text.HAL_PCD_DataInStageCallback
                0x00000000080088be       0x34 USB_DEVICE/Target/usbd_conf.o
                0x00000000080088be                HAL_PCD_DataInStageCallback
 .text.HAL_PCD_SOFCallback
                0x00000000080088f2       0x1c USB_DEVICE/Target/usbd_conf.o
                0x00000000080088f2                HAL_PCD_SOFCallback
 .text.HAL_PCD_ResetCallback
                0x000000000800890e       0x3c USB_DEVICE/Target/usbd_conf.o
                0x000000000800890e                HAL_PCD_ResetCallback
 *fill*         0x000000000800894a        0x2 
 .text.HAL_PCD_SuspendCallback
                0x000000000800894c       0x34 USB_DEVICE/Target/usbd_conf.o
                0x000000000800894c                HAL_PCD_SuspendCallback
 .text.HAL_PCD_ResumeCallback
                0x0000000008008980       0x1c USB_DEVICE/Target/usbd_conf.o
                0x0000000008008980                HAL_PCD_ResumeCallback
 .text.USBD_LL_Init
                0x000000000800899c       0xb4 USB_DEVICE/Target/usbd_conf.o
                0x000000000800899c                USBD_LL_Init
 .text.USBD_LL_Start
                0x0000000008008a50       0x36 USB_DEVICE/Target/usbd_conf.o
                0x0000000008008a50                USBD_LL_Start
 .text.USBD_LL_OpenEP
                0x0000000008008a86       0x4c USB_DEVICE/Target/usbd_conf.o
                0x0000000008008a86                USBD_LL_OpenEP
 .text.USBD_LL_CloseEP
                0x0000000008008ad2       0x3e USB_DEVICE/Target/usbd_conf.o
                0x0000000008008ad2                USBD_LL_CloseEP
 .text.USBD_LL_StallEP
                0x0000000008008b10       0x3e USB_DEVICE/Target/usbd_conf.o
                0x0000000008008b10                USBD_LL_StallEP
 .text.USBD_LL_ClearStallEP
                0x0000000008008b4e       0x3e USB_DEVICE/Target/usbd_conf.o
                0x0000000008008b4e                USBD_LL_ClearStallEP
 .text.USBD_LL_IsStallEP
                0x0000000008008b8c       0x58 USB_DEVICE/Target/usbd_conf.o
                0x0000000008008b8c                USBD_LL_IsStallEP
 .text.USBD_LL_SetUSBAddress
                0x0000000008008be4       0x3e USB_DEVICE/Target/usbd_conf.o
                0x0000000008008be4                USBD_LL_SetUSBAddress
 .text.USBD_LL_Transmit
                0x0000000008008c22       0x46 USB_DEVICE/Target/usbd_conf.o
                0x0000000008008c22                USBD_LL_Transmit
 .text.USBD_LL_PrepareReceive
                0x0000000008008c68       0x46 USB_DEVICE/Target/usbd_conf.o
                0x0000000008008c68                USBD_LL_PrepareReceive
 .text.USBD_LL_GetRxDataSize
                0x0000000008008cae       0x26 USB_DEVICE/Target/usbd_conf.o
                0x0000000008008cae                USBD_LL_GetRxDataSize
 .text.USBD_static_malloc
                0x0000000008008cd4       0x18 USB_DEVICE/Target/usbd_conf.o
                0x0000000008008cd4                USBD_static_malloc
 .text.USBD_static_free
                0x0000000008008cec       0x12 USB_DEVICE/Target/usbd_conf.o
                0x0000000008008cec                USBD_static_free
 .text.HAL_PCDEx_SetConnectionState
                0x0000000008008cfe       0x16 USB_DEVICE/Target/usbd_conf.o
                0x0000000008008cfe                HAL_PCDEx_SetConnectionState
 .text.USBD_Get_USB_Status
                0x0000000008008d14       0x58 USB_DEVICE/Target/usbd_conf.o
 .text.__libc_init_array
                0x0000000008008d6c       0x48 /opt/st/stm32cubeide_1.6.1/plugins/com.st.stm32cube.ide.mcu.externaltools.gnu-tools-for-stm32.9-2020-q2-update.linux64_1.5.0.202011040924/tools/bin/../lib/gcc/arm-none-eabi/9.3.1/../../../../arm-none-eabi/lib/thumb/v7-m/nofp/libc_nano.a(lib_a-init.o)
                0x0000000008008d6c                __libc_init_array
 .text.memcmp   0x0000000008008db4       0x1c /opt/st/stm32cubeide_1.6.1/plugins/com.st.stm32cube.ide.mcu.externaltools.gnu-tools-for-stm32.9-2020-q2-update.linux64_1.5.0.202011040924/tools/bin/../lib/gcc/arm-none-eabi/9.3.1/../../../../arm-none-eabi/lib/thumb/v7-m/nofp/libc_nano.a(lib_a-memcmp.o)
                0x0000000008008db4                memcmp
 .text.memset   0x0000000008008dd0       0x10 /opt/st/stm32cubeide_1.6.1/plugins/com.st.stm32cube.ide.mcu.externaltools.gnu-tools-for-stm32.9-2020-q2-update.linux64_1.5.0.202011040924/tools/bin/../lib/gcc/arm-none-eabi/9.3.1/../../../../arm-none-eabi/lib/thumb/v7-m/nofp/libc_nano.a(lib_a-memset.o)
                0x0000000008008dd0                memset
 *(.glue_7)
 .glue_7        0x0000000008008de0        0x0 linker stubs
 *(.glue_7t)
 .glue_7t       0x0000000008008de0        0x0 linker stubs
 *(.eh_frame)
 .eh_frame      0x0000000008008de0        0x0 /opt/st/stm32cubeide_1.6.1/plugins/com.st.stm32cube.ide.mcu.externaltools.gnu-tools-for-stm32.9-2020-q2-update.linux64_1.5.0.202011040924/tools/bin/../lib/gcc/arm-none-eabi/9.3.1/thumb/v7-m/nofp/crtbegin.o
 *(.init)
 .init          0x0000000008008de0        0x4 /opt/st/stm32cubeide_1.6.1/plugins/com.st.stm32cube.ide.mcu.externaltools.gnu-tools-for-stm32.9-2020-q2-update.linux64_1.5.0.202011040924/tools/bin/../lib/gcc/arm-none-eabi/9.3.1/thumb/v7-m/nofp/crti.o
                0x0000000008008de0                _init
 .init          0x0000000008008de4        0x8 /opt/st/stm32cubeide_1.6.1/plugins/com.st.stm32cube.ide.mcu.externaltools.gnu-tools-for-stm32.9-2020-q2-update.linux64_1.5.0.202011040924/tools/bin/../lib/gcc/arm-none-eabi/9.3.1/thumb/v7-m/nofp/crtn.o
 *(.fini)
 .fini          0x0000000008008dec        0x4 /opt/st/stm32cubeide_1.6.1/plugins/com.st.stm32cube.ide.mcu.externaltools.gnu-tools-for-stm32.9-2020-q2-update.linux64_1.5.0.202011040924/tools/bin/../lib/gcc/arm-none-eabi/9.3.1/thumb/v7-m/nofp/crti.o
                0x0000000008008dec                _fini
 .fini          0x0000000008008df0        0x8 /opt/st/stm32cubeide_1.6.1/plugins/com.st.stm32cube.ide.mcu.externaltools.gnu-tools-for-stm32.9-2020-q2-update.linux64_1.5.0.202011040924/tools/bin/../lib/gcc/arm-none-eabi/9.3.1/thumb/v7-m/nofp/crtn.o
                0x0000000008008df8                . = ALIGN (0x4)
                0x0000000008008df8                _etext = .

.vfp11_veneer   0x0000000008008df8        0x0
 .vfp11_veneer  0x0000000008008df8        0x0 linker stubs

.v4_bx          0x0000000008008df8        0x0
 .v4_bx         0x0000000008008df8        0x0 linker stubs

.iplt           0x0000000008008df8        0x0
 .iplt          0x0000000008008df8        0x0 /opt/st/stm32cubeide_1.6.1/plugins/com.st.stm32cube.ide.mcu.externaltools.gnu-tools-for-stm32.9-2020-q2-update.linux64_1.5.0.202011040924/tools/bin/../lib/gcc/arm-none-eabi/9.3.1/thumb/v7-m/nofp/crtbegin.o

.rodata         0x0000000008008df8       0x84
                0x0000000008008df8                . = ALIGN (0x4)
 *(.rodata)
 .rodata        0x0000000008008df8        0xc Core/Src/DR_eeprom.o
 .rodata        0x0000000008008e04       0x10 Drivers/STM32F1xx_HAL_Driver/Src/stm32f1xx_hal_rcc.o
 .rodata        0x0000000008008e14       0x46 USB_DEVICE/App/usbd_desc.o
 *(.rodata*)
 *fill*         0x0000000008008e5a        0x2 
 .rodata.cmd_startxfer
                0x0000000008008e5c        0x3 Core/Src/AP_application.o
 *fill*         0x0000000008008e5f        0x1 
 .rodata.cmd_endxfer
                0x0000000008008e60        0x3 Core/Src/AP_application.o
 *fill*         0x0000000008008e63        0x1 
 .rodata.AHBPrescTable
                0x0000000008008e64       0x10 Core/Src/system_stm32f1xx.o
                0x0000000008008e64                AHBPrescTable
 .rodata.APBPrescTable
                0x0000000008008e74        0x8 Core/Src/system_stm32f1xx.o
                0x0000000008008e74                APBPrescTable
                0x0000000008008e7c                . = ALIGN (0x4)

.rel.dyn        0x0000000008008e7c        0x0
 .rel.iplt      0x0000000008008e7c        0x0 /opt/st/stm32cubeide_1.6.1/plugins/com.st.stm32cube.ide.mcu.externaltools.gnu-tools-for-stm32.9-2020-q2-update.linux64_1.5.0.202011040924/tools/bin/../lib/gcc/arm-none-eabi/9.3.1/thumb/v7-m/nofp/crtbegin.o

.ARM.extab      0x0000000008008e7c        0x0
                0x0000000008008e7c                . = ALIGN (0x4)
 *(.ARM.extab* .gnu.linkonce.armextab.*)
                0x0000000008008e7c                . = ALIGN (0x4)

.ARM            0x0000000008008e7c        0x0
                0x0000000008008e7c                . = ALIGN (0x4)
                0x0000000008008e7c                __exidx_start = .
 *(.ARM.exidx*)
                0x0000000008008e7c                __exidx_end = .
                0x0000000008008e7c                . = ALIGN (0x4)

.preinit_array  0x0000000008008e7c        0x0
                0x0000000008008e7c                . = ALIGN (0x4)
                0x0000000008008e7c                PROVIDE (__preinit_array_start = .)
 *(.preinit_array*)
                0x0000000008008e7c                PROVIDE (__preinit_array_end = .)
                0x0000000008008e7c                . = ALIGN (0x4)

.init_array     0x0000000008008e7c        0x4
                0x0000000008008e7c                . = ALIGN (0x4)
                0x0000000008008e7c                PROVIDE (__init_array_start = .)
 *(SORT_BY_NAME(.init_array.*))
 *(.init_array*)
 .init_array    0x0000000008008e7c        0x4 /opt/st/stm32cubeide_1.6.1/plugins/com.st.stm32cube.ide.mcu.externaltools.gnu-tools-for-stm32.9-2020-q2-update.linux64_1.5.0.202011040924/tools/bin/../lib/gcc/arm-none-eabi/9.3.1/thumb/v7-m/nofp/crtbegin.o
                0x0000000008008e80                PROVIDE (__init_array_end = .)
                0x0000000008008e80                . = ALIGN (0x4)

.fini_array     0x0000000008008e80        0x4
                0x0000000008008e80                . = ALIGN (0x4)
                [!provide]                        PROVIDE (__fini_array_start = .)
 *(SORT_BY_NAME(.fini_array.*))
 *(.fini_array*)
 .fini_array    0x0000000008008e80        0x4 /opt/st/stm32cubeide_1.6.1/plugins/com.st.stm32cube.ide.mcu.externaltools.gnu-tools-for-stm32.9-2020-q2-update.linux64_1.5.0.202011040924/tools/bin/../lib/gcc/arm-none-eabi/9.3.1/thumb/v7-m/nofp/crtbegin.o
                [!provide]                        PROVIDE (__fini_array_end = .)
                0x0000000008008e84                . = ALIGN (0x4)
                0x0000000008008e84                _sidata = LOADADDR (.data)

.data           0x0000000020000000      0x180 load address 0x0000000008008e84
                0x0000000020000000                . = ALIGN (0x4)
                0x0000000020000000                _sdata = .
 *(.data)
 *(.data*)
 .data.g_memtype
                0x0000000020000000        0x1 Core/Src/AP_application.o
                0x0000000020000000                g_memtype
 .data.mem24lc16_addr7
                0x0000000020000001        0x1 Core/Src/DR_eeprom.o
 *fill*         0x0000000020000002        0x2 
 .data.SystemCoreClock
                0x0000000020000004        0x4 Core/Src/system_stm32f1xx.o
                0x0000000020000004                SystemCoreClock
 .data.uwTickPrio
                0x0000000020000008        0x4 Drivers/STM32F1xx_HAL_Driver/Src/stm32f1xx_hal.o
                0x0000000020000008                uwTickPrio
 .data.uwTickFreq
                0x000000002000000c        0x1 Drivers/STM32F1xx_HAL_Driver/Src/stm32f1xx_hal.o
                0x000000002000000c                uwTickFreq
 *fill*         0x000000002000000d        0x3 
 .data.USBD_CDC_DeviceQualifierDesc
                0x0000000020000010        0xa Middlewares/ST/STM32_USB_Device_Library/Class/CDC/Src/usbd_cdc.o
 *fill*         0x000000002000001a        0x2 
 .data.USBD_CDC
                0x000000002000001c       0x38 Middlewares/ST/STM32_USB_Device_Library/Class/CDC/Src/usbd_cdc.o
                0x000000002000001c                USBD_CDC
 .data.USBD_CDC_CfgHSDesc
                0x0000000020000054       0x43 Middlewares/ST/STM32_USB_Device_Library/Class/CDC/Src/usbd_cdc.o
                0x0000000020000054                USBD_CDC_CfgHSDesc
 *fill*         0x0000000020000097        0x1 
 .data.USBD_CDC_CfgFSDesc
                0x0000000020000098       0x43 Middlewares/ST/STM32_USB_Device_Library/Class/CDC/Src/usbd_cdc.o
                0x0000000020000098                USBD_CDC_CfgFSDesc
 *fill*         0x00000000200000db        0x1 
 .data.USBD_CDC_OtherSpeedCfgDesc
                0x00000000200000dc       0x43 Middlewares/ST/STM32_USB_Device_Library/Class/CDC/Src/usbd_cdc.o
                0x00000000200000dc                USBD_CDC_OtherSpeedCfgDesc
 *fill*         0x000000002000011f        0x1 
 .data.USBD_Interface_fops_FS
                0x0000000020000120       0x10 USB_DEVICE/App/usbd_cdc_if.o
                0x0000000020000120                USBD_Interface_fops_FS
 .data.FS_Desc  0x0000000020000130       0x1c USB_DEVICE/App/usbd_desc.o
                0x0000000020000130                FS_Desc
 .data.USBD_FS_DeviceDesc
                0x000000002000014c       0x12 USB_DEVICE/App/usbd_desc.o
                0x000000002000014c                USBD_FS_DeviceDesc
 *fill*         0x000000002000015e        0x2 
 .data.USBD_LangIDDesc
                0x0000000020000160        0x4 USB_DEVICE/App/usbd_desc.o
                0x0000000020000160                USBD_LangIDDesc
 .data.USBD_StringSerial
                0x0000000020000164       0x1a USB_DEVICE/App/usbd_desc.o
                0x0000000020000164                USBD_StringSerial
 *(.RamFunc)
 *(.RamFunc*)
                0x0000000020000180                . = ALIGN (0x4)
 *fill*         0x000000002000017e        0x2 
                0x0000000020000180                _edata = .

.igot.plt       0x0000000020000180        0x0 load address 0x0000000008009004
 .igot.plt      0x0000000020000180        0x0 /opt/st/stm32cubeide_1.6.1/plugins/com.st.stm32cube.ide.mcu.externaltools.gnu-tools-for-stm32.9-2020-q2-update.linux64_1.5.0.202011040924/tools/bin/../lib/gcc/arm-none-eabi/9.3.1/thumb/v7-m/nofp/crtbegin.o
                0x0000000020000180                . = ALIGN (0x4)

.bss            0x0000000020000180     0x33bc load address 0x0000000008009004
                0x0000000020000180                _sbss = .
                0x0000000020000180                __bss_start__ = _sbss
 *(.bss)
 .bss           0x0000000020000180       0x1c /opt/st/stm32cubeide_1.6.1/plugins/com.st.stm32cube.ide.mcu.externaltools.gnu-tools-for-stm32.9-2020-q2-update.linux64_1.5.0.202011040924/tools/bin/../lib/gcc/arm-none-eabi/9.3.1/thumb/v7-m/nofp/crtbegin.o
 *(.bss*)
 .bss.st.7761   0x000000002000019c        0x4 Core/Src/AP_application.o
 .bss.package.7764
                0x00000000200001a0        0x8 Core/Src/AP_application.o
 .bss.retries.7763
                0x00000000200001a8        0x4 Core/Src/AP_application.o
 .bss.requested_mem.7762
                0x00000000200001ac        0x4 Core/Src/AP_application.o
 .bss.memx24645_addr7
                0x00000000200001b0        0x1 Core/Src/DR_eeprom.o
 .bss.cfgidx.8058
                0x00000000200001b1        0x1 Middlewares/ST/STM32_USB_Device_Library/Core/Src/usbd_ctlreq.o
 .bss.rxBufferHeadPos
                0x00000000200001b2        0x2 USB_DEVICE/App/usbd_cdc_if.o
                0x00000000200001b2                rxBufferHeadPos
 .bss.rxBufferTailPos
                0x00000000200001b4        0x2 USB_DEVICE/App/usbd_cdc_if.o
                0x00000000200001b4                rxBufferTailPos
 *fill*         0x00000000200001b6        0x2 
 .bss.mem.8128  0x00000000200001b8      0x220 USB_DEVICE/Target/usbd_conf.o
 *(COMMON)
 COMMON         0x00000000200003d8     0x2084 Core/Src/AP_application.o
                0x00000000200003d8                recvbuffer
                0x0000000020000458                g_memsize
                0x000000002000045c                membuffer
 COMMON         0x000000002000245c       0x54 Core/Src/main.o
                0x000000002000245c                hi2c2
 COMMON         0x00000000200024b0        0x4 Drivers/STM32F1xx_HAL_Driver/Src/stm32f1xx_hal.o
                0x00000000200024b0                uwTick
 COMMON         0x00000000200024b4      0x2c4 USB_DEVICE/App/usb_device.o
                0x00000000200024b4                hUsbDeviceFS
 COMMON         0x0000000020002778      0x8d7 USB_DEVICE/App/usbd_cdc_if.o
                0x0000000020002778                UserRxBufferFS
                0x0000000020002b60                UserTxBufferFS
                0x0000000020002f48                rxBuffer
                0x0000000020003048                lcBuffer
 *fill*         0x000000002000304f        0x1 
 COMMON         0x0000000020003050      0x200 USB_DEVICE/App/usbd_desc.o
                0x0000000020003050                USBD_StrDesc
 COMMON         0x0000000020003250      0x2ec USB_DEVICE/Target/usbd_conf.o
                0x0000000020003250                hpcd_USB_FS
                0x000000002000353c                . = ALIGN (0x4)
                0x000000002000353c                _ebss = .
                0x000000002000353c                __bss_end__ = _ebss

._user_heap_stack
                0x000000002000353c      0x604 load address 0x0000000008009004
                0x0000000020003540                . = ALIGN (0x8)
 *fill*         0x000000002000353c        0x4 
                [!provide]                        PROVIDE (end = .)
                0x0000000020003540                PROVIDE (_end = .)
                0x0000000020003740                . = (. + _Min_Heap_Size)
 *fill*         0x0000000020003540      0x200 
                0x0000000020003b40                . = (. + _Min_Stack_Size)
 *fill*         0x0000000020003740      0x400 
                0x0000000020003b40                . = ALIGN (0x8)

/DISCARD/
 libc.a(*)
 libm.a(*)
 libgcc.a(*)

.ARM.attributes
                0x0000000000000000       0x29
 *(.ARM.attributes)
 .ARM.attributes
                0x0000000000000000       0x1d /opt/st/stm32cubeide_1.6.1/plugins/com.st.stm32cube.ide.mcu.externaltools.gnu-tools-for-stm32.9-2020-q2-update.linux64_1.5.0.202011040924/tools/bin/../lib/gcc/arm-none-eabi/9.3.1/thumb/v7-m/nofp/crti.o
 .ARM.attributes
                0x000000000000001d       0x2d /opt/st/stm32cubeide_1.6.1/plugins/com.st.stm32cube.ide.mcu.externaltools.gnu-tools-for-stm32.9-2020-q2-update.linux64_1.5.0.202011040924/tools/bin/../lib/gcc/arm-none-eabi/9.3.1/thumb/v7-m/nofp/crtbegin.o
 .ARM.attributes
                0x000000000000004a       0x2d Core/Src/AP_application.o
 .ARM.attributes
                0x0000000000000077       0x2d Core/Src/DR_eeprom.o
 .ARM.attributes
                0x00000000000000a4       0x2d Core/Src/PR_eeprom.o
 .ARM.attributes
                0x00000000000000d1       0x2d Core/Src/PR_serial.o
 .ARM.attributes
                0x00000000000000fe       0x2d Core/Src/main.o
 .ARM.attributes
                0x000000000000012b       0x2d Core/Src/stm32f1xx_hal_msp.o
 .ARM.attributes
                0x0000000000000158       0x2d Core/Src/stm32f1xx_it.o
 .ARM.attributes
                0x0000000000000185       0x2d Core/Src/system_stm32f1xx.o
 .ARM.attributes
                0x00000000000001b2       0x21 Core/Startup/startup_stm32f103c8tx.o
 .ARM.attributes
                0x00000000000001d3       0x2d Drivers/STM32F1xx_HAL_Driver/Src/stm32f1xx_hal.o
 .ARM.attributes
                0x0000000000000200       0x2d Drivers/STM32F1xx_HAL_Driver/Src/stm32f1xx_hal_cortex.o
 .ARM.attributes
                0x000000000000022d       0x2d Drivers/STM32F1xx_HAL_Driver/Src/stm32f1xx_hal_gpio.o
 .ARM.attributes
                0x000000000000025a       0x2d Drivers/STM32F1xx_HAL_Driver/Src/stm32f1xx_hal_i2c.o
 .ARM.attributes
                0x0000000000000287       0x2d Drivers/STM32F1xx_HAL_Driver/Src/stm32f1xx_hal_pcd.o
 .ARM.attributes
                0x00000000000002b4       0x2d Drivers/STM32F1xx_HAL_Driver/Src/stm32f1xx_hal_pcd_ex.o
 .ARM.attributes
                0x00000000000002e1       0x2d Drivers/STM32F1xx_HAL_Driver/Src/stm32f1xx_hal_rcc.o
 .ARM.attributes
                0x000000000000030e       0x2d Drivers/STM32F1xx_HAL_Driver/Src/stm32f1xx_hal_rcc_ex.o
 .ARM.attributes
                0x000000000000033b       0x2d Drivers/STM32F1xx_HAL_Driver/Src/stm32f1xx_ll_usb.o
 .ARM.attributes
                0x0000000000000368       0x2d Middlewares/ST/STM32_USB_Device_Library/Class/CDC/Src/usbd_cdc.o
 .ARM.attributes
                0x0000000000000395       0x2d Middlewares/ST/STM32_USB_Device_Library/Core/Src/usbd_core.o
 .ARM.attributes
                0x00000000000003c2       0x2d Middlewares/ST/STM32_USB_Device_Library/Core/Src/usbd_ctlreq.o
 .ARM.attributes
                0x00000000000003ef       0x2d Middlewares/ST/STM32_USB_Device_Library/Core/Src/usbd_ioreq.o
 .ARM.attributes
                0x000000000000041c       0x2d USB_DEVICE/App/usb_device.o
 .ARM.attributes
                0x0000000000000449       0x2d USB_DEVICE/App/usbd_cdc_if.o
 .ARM.attributes
                0x0000000000000476       0x2d USB_DEVICE/App/usbd_desc.o
 .ARM.attributes
                0x00000000000004a3       0x2d USB_DEVICE/Target/usbd_conf.o
 .ARM.attributes
                0x00000000000004d0       0x2d /opt/st/stm32cubeide_1.6.1/plugins/com.st.stm32cube.ide.mcu.externaltools.gnu-tools-for-stm32.9-2020-q2-update.linux64_1.5.0.202011040924/tools/bin/../lib/gcc/arm-none-eabi/9.3.1/../../../../arm-none-eabi/lib/thumb/v7-m/nofp/libc_nano.a(lib_a-init.o)
 .ARM.attributes
                0x00000000000004fd       0x2d /opt/st/stm32cubeide_1.6.1/plugins/com.st.stm32cube.ide.mcu.externaltools.gnu-tools-for-stm32.9-2020-q2-update.linux64_1.5.0.202011040924/tools/bin/../lib/gcc/arm-none-eabi/9.3.1/../../../../arm-none-eabi/lib/thumb/v7-m/nofp/libc_nano.a(lib_a-memcmp.o)
 .ARM.attributes
                0x000000000000052a       0x2d /opt/st/stm32cubeide_1.6.1/plugins/com.st.stm32cube.ide.mcu.externaltools.gnu-tools-for-stm32.9-2020-q2-update.linux64_1.5.0.202011040924/tools/bin/../lib/gcc/arm-none-eabi/9.3.1/../../../../arm-none-eabi/lib/thumb/v7-m/nofp/libc_nano.a(lib_a-memset.o)
 .ARM.attributes
                0x0000000000000557       0x1d /opt/st/stm32cubeide_1.6.1/plugins/com.st.stm32cube.ide.mcu.externaltools.gnu-tools-for-stm32.9-2020-q2-update.linux64_1.5.0.202011040924/tools/bin/../lib/gcc/arm-none-eabi/9.3.1/thumb/v7-m/nofp/crtn.o
OUTPUT(eeprom_programmer_STM32.elf elf32-littlearm)
LOAD linker stubs
LOAD /opt/st/stm32cubeide_1.6.1/plugins/com.st.stm32cube.ide.mcu.externaltools.gnu-tools-for-stm32.9-2020-q2-update.linux64_1.5.0.202011040924/tools/bin/../lib/gcc/arm-none-eabi/9.3.1/../../../../arm-none-eabi/lib/thumb/v7-m/nofp/libc.a
LOAD /opt/st/stm32cubeide_1.6.1/plugins/com.st.stm32cube.ide.mcu.externaltools.gnu-tools-for-stm32.9-2020-q2-update.linux64_1.5.0.202011040924/tools/bin/../lib/gcc/arm-none-eabi/9.3.1/../../../../arm-none-eabi/lib/thumb/v7-m/nofp/libm.a
LOAD /opt/st/stm32cubeide_1.6.1/plugins/com.st.stm32cube.ide.mcu.externaltools.gnu-tools-for-stm32.9-2020-q2-update.linux64_1.5.0.202011040924/tools/bin/../lib/gcc/arm-none-eabi/9.3.1/thumb/v7-m/nofp/libgcc.a

.debug_info     0x0000000000000000    0x1d9de
 .debug_info    0x0000000000000000     0x137b Core/Src/AP_application.o
 .debug_info    0x000000000000137b     0x1507 Core/Src/DR_eeprom.o
 .debug_info    0x0000000000002882      0xff3 Core/Src/PR_eeprom.o
 .debug_info    0x0000000000003875     0x1689 Core/Src/PR_serial.o
 .debug_info    0x0000000000004efe     0x13cf Core/Src/main.o
 .debug_info    0x00000000000062cd     0x1274 Core/Src/stm32f1xx_hal_msp.o
 .debug_info    0x0000000000007541     0x14f4 Core/Src/stm32f1xx_it.o
 .debug_info    0x0000000000008a35      0x2be Core/Src/system_stm32f1xx.o
 .debug_info    0x0000000000008cf3       0x22 Core/Startup/startup_stm32f103c8tx.o
 .debug_info    0x0000000000008d15      0x76a Drivers/STM32F1xx_HAL_Driver/Src/stm32f1xx_hal.o
 .debug_info    0x000000000000947f      0xbdc Drivers/STM32F1xx_HAL_Driver/Src/stm32f1xx_hal_cortex.o
 .debug_info    0x000000000000a05b      0x701 Drivers/STM32F1xx_HAL_Driver/Src/stm32f1xx_hal_gpio.o
 .debug_info    0x000000000000a75c     0x2774 Drivers/STM32F1xx_HAL_Driver/Src/stm32f1xx_hal_i2c.o
 .debug_info    0x000000000000ced0     0x1332 Drivers/STM32F1xx_HAL_Driver/Src/stm32f1xx_hal_pcd.o
 .debug_info    0x000000000000e202      0x7fa Drivers/STM32F1xx_HAL_Driver/Src/stm32f1xx_hal_pcd_ex.o
 .debug_info    0x000000000000e9fc      0x88e Drivers/STM32F1xx_HAL_Driver/Src/stm32f1xx_hal_rcc.o
 .debug_info    0x000000000000f28a      0x480 Drivers/STM32F1xx_HAL_Driver/Src/stm32f1xx_hal_rcc_ex.o
 .debug_info    0x000000000000f70a     0x1911 Drivers/STM32F1xx_HAL_Driver/Src/stm32f1xx_ll_usb.o
 .debug_info    0x000000000001101b     0x1e5d Middlewares/ST/STM32_USB_Device_Library/Class/CDC/Src/usbd_cdc.o
 .debug_info    0x0000000000012e78     0x1840 Middlewares/ST/STM32_USB_Device_Library/Core/Src/usbd_core.o
 .debug_info    0x00000000000146b8     0x17ad Middlewares/ST/STM32_USB_Device_Library/Core/Src/usbd_ctlreq.o
 .debug_info    0x0000000000015e65     0x157f Middlewares/ST/STM32_USB_Device_Library/Core/Src/usbd_ioreq.o
 .debug_info    0x00000000000173e4     0x15ab USB_DEVICE/App/usb_device.o
 .debug_info    0x000000000001898f     0x186b USB_DEVICE/App/usbd_cdc_if.o
 .debug_info    0x000000000001a1fa     0x1339 USB_DEVICE/App/usbd_desc.o
 .debug_info    0x000000000001b533     0x24ab USB_DEVICE/Target/usbd_conf.o

.debug_abbrev   0x0000000000000000     0x3c62
 .debug_abbrev  0x0000000000000000      0x2ae Core/Src/AP_application.o
 .debug_abbrev  0x00000000000002ae      0x294 Core/Src/DR_eeprom.o
 .debug_abbrev  0x0000000000000542      0x211 Core/Src/PR_eeprom.o
 .debug_abbrev  0x0000000000000753      0x26e Core/Src/PR_serial.o
 .debug_abbrev  0x00000000000009c1      0x2a2 Core/Src/main.o
 .debug_abbrev  0x0000000000000c63      0x232 Core/Src/stm32f1xx_hal_msp.o
 .debug_abbrev  0x0000000000000e95      0x209 Core/Src/stm32f1xx_it.o
 .debug_abbrev  0x000000000000109e      0x14e Core/Src/system_stm32f1xx.o
 .debug_abbrev  0x00000000000011ec       0x12 Core/Startup/startup_stm32f103c8tx.o
 .debug_abbrev  0x00000000000011fe      0x1ed Drivers/STM32F1xx_HAL_Driver/Src/stm32f1xx_hal.o
 .debug_abbrev  0x00000000000013eb      0x313 Drivers/STM32F1xx_HAL_Driver/Src/stm32f1xx_hal_cortex.o
 .debug_abbrev  0x00000000000016fe      0x1e8 Drivers/STM32F1xx_HAL_Driver/Src/stm32f1xx_hal_gpio.o
 .debug_abbrev  0x00000000000018e6      0x288 Drivers/STM32F1xx_HAL_Driver/Src/stm32f1xx_hal_i2c.o
 .debug_abbrev  0x0000000000001b6e      0x29e Drivers/STM32F1xx_HAL_Driver/Src/stm32f1xx_hal_pcd.o
 .debug_abbrev  0x0000000000001e0c      0x1ac Drivers/STM32F1xx_HAL_Driver/Src/stm32f1xx_hal_pcd_ex.o
 .debug_abbrev  0x0000000000001fb8      0x273 Drivers/STM32F1xx_HAL_Driver/Src/stm32f1xx_hal_rcc.o
 .debug_abbrev  0x000000000000222b      0x193 Drivers/STM32F1xx_HAL_Driver/Src/stm32f1xx_hal_rcc_ex.o
 .debug_abbrev  0x00000000000023be      0x1fa Drivers/STM32F1xx_HAL_Driver/Src/stm32f1xx_ll_usb.o
 .debug_abbrev  0x00000000000025b8      0x310 Middlewares/ST/STM32_USB_Device_Library/Class/CDC/Src/usbd_cdc.o
 .debug_abbrev  0x00000000000028c8      0x2d1 Middlewares/ST/STM32_USB_Device_Library/Core/Src/usbd_core.o
 .debug_abbrev  0x0000000000002b99      0x307 Middlewares/ST/STM32_USB_Device_Library/Core/Src/usbd_ctlreq.o
 .debug_abbrev  0x0000000000002ea0      0x233 Middlewares/ST/STM32_USB_Device_Library/Core/Src/usbd_ioreq.o
 .debug_abbrev  0x00000000000030d3      0x21e USB_DEVICE/App/usb_device.o
 .debug_abbrev  0x00000000000032f1      0x347 USB_DEVICE/App/usbd_cdc_if.o
 .debug_abbrev  0x0000000000003638      0x2f3 USB_DEVICE/App/usbd_desc.o
 .debug_abbrev  0x000000000000392b      0x337 USB_DEVICE/Target/usbd_conf.o

.debug_aranges  0x0000000000000000      0xea8
 .debug_aranges
                0x0000000000000000       0x80 Core/Src/AP_application.o
 .debug_aranges
                0x0000000000000080       0x80 Core/Src/DR_eeprom.o
 .debug_aranges
                0x0000000000000100       0x28 Core/Src/PR_eeprom.o
 .debug_aranges
                0x0000000000000128       0x40 Core/Src/PR_serial.o
 .debug_aranges
                0x0000000000000168       0x40 Core/Src/main.o
 .debug_aranges
                0x00000000000001a8       0x30 Core/Src/stm32f1xx_hal_msp.o
 .debug_aranges
                0x00000000000001d8       0x70 Core/Src/stm32f1xx_it.o
 .debug_aranges
                0x0000000000000248       0x28 Core/Src/system_stm32f1xx.o
 .debug_aranges
                0x0000000000000270       0x28 Core/Startup/startup_stm32f103c8tx.o
 .debug_aranges
                0x0000000000000298       0xe0 Drivers/STM32F1xx_HAL_Driver/Src/stm32f1xx_hal.o
 .debug_aranges
                0x0000000000000378      0x100 Drivers/STM32F1xx_HAL_Driver/Src/stm32f1xx_hal_cortex.o
 .debug_aranges
                0x0000000000000478       0x58 Drivers/STM32F1xx_HAL_Driver/Src/stm32f1xx_hal_gpio.o
 .debug_aranges
                0x00000000000004d0      0x2a0 Drivers/STM32F1xx_HAL_Driver/Src/stm32f1xx_hal_i2c.o
 .debug_aranges
                0x0000000000000770      0x138 Drivers/STM32F1xx_HAL_Driver/Src/stm32f1xx_hal_pcd.o
 .debug_aranges
                0x00000000000008a8       0x38 Drivers/STM32F1xx_HAL_Driver/Src/stm32f1xx_hal_pcd_ex.o
 .debug_aranges
                0x00000000000008e0       0x90 Drivers/STM32F1xx_HAL_Driver/Src/stm32f1xx_hal_rcc.o
 .debug_aranges
                0x0000000000000970       0x30 Drivers/STM32F1xx_HAL_Driver/Src/stm32f1xx_hal_rcc_ex.o
 .debug_aranges
                0x00000000000009a0       0xf0 Drivers/STM32F1xx_HAL_Driver/Src/stm32f1xx_ll_usb.o
 .debug_aranges
                0x0000000000000a90       0x90 Middlewares/ST/STM32_USB_Device_Library/Class/CDC/Src/usbd_cdc.o
 .debug_aranges
                0x0000000000000b20       0xb8 Middlewares/ST/STM32_USB_Device_Library/Core/Src/usbd_core.o
 .debug_aranges
                0x0000000000000bd8       0x88 Middlewares/ST/STM32_USB_Device_Library/Core/Src/usbd_ctlreq.o
 .debug_aranges
                0x0000000000000c60       0x50 Middlewares/ST/STM32_USB_Device_Library/Core/Src/usbd_ioreq.o
 .debug_aranges
                0x0000000000000cb0       0x20 USB_DEVICE/App/usb_device.o
 .debug_aranges
                0x0000000000000cd0       0x60 USB_DEVICE/App/usbd_cdc_if.o
 .debug_aranges
                0x0000000000000d30       0x60 USB_DEVICE/App/usbd_desc.o
 .debug_aranges
                0x0000000000000d90      0x118 USB_DEVICE/Target/usbd_conf.o

.debug_ranges   0x0000000000000000      0xd38
 .debug_ranges  0x0000000000000000       0x70 Core/Src/AP_application.o
 .debug_ranges  0x0000000000000070       0x70 Core/Src/DR_eeprom.o
 .debug_ranges  0x00000000000000e0       0x18 Core/Src/PR_eeprom.o
 .debug_ranges  0x00000000000000f8       0x30 Core/Src/PR_serial.o
 .debug_ranges  0x0000000000000128       0x30 Core/Src/main.o
 .debug_ranges  0x0000000000000158       0x20 Core/Src/stm32f1xx_hal_msp.o
 .debug_ranges  0x0000000000000178       0x60 Core/Src/stm32f1xx_it.o
 .debug_ranges  0x00000000000001d8       0x18 Core/Src/system_stm32f1xx.o
 .debug_ranges  0x00000000000001f0       0x20 Core/Startup/startup_stm32f103c8tx.o
 .debug_ranges  0x0000000000000210       0xd0 Drivers/STM32F1xx_HAL_Driver/Src/stm32f1xx_hal.o
 .debug_ranges  0x00000000000002e0       0xf0 Drivers/STM32F1xx_HAL_Driver/Src/stm32f1xx_hal_cortex.o
 .debug_ranges  0x00000000000003d0       0x48 Drivers/STM32F1xx_HAL_Driver/Src/stm32f1xx_hal_gpio.o
 .debug_ranges  0x0000000000000418      0x2b8 Drivers/STM32F1xx_HAL_Driver/Src/stm32f1xx_hal_i2c.o
 .debug_ranges  0x00000000000006d0      0x128 Drivers/STM32F1xx_HAL_Driver/Src/stm32f1xx_hal_pcd.o
 .debug_ranges  0x00000000000007f8       0x28 Drivers/STM32F1xx_HAL_Driver/Src/stm32f1xx_hal_pcd_ex.o
 .debug_ranges  0x0000000000000820       0x80 Drivers/STM32F1xx_HAL_Driver/Src/stm32f1xx_hal_rcc.o
 .debug_ranges  0x00000000000008a0       0x20 Drivers/STM32F1xx_HAL_Driver/Src/stm32f1xx_hal_rcc_ex.o
 .debug_ranges  0x00000000000008c0       0xe0 Drivers/STM32F1xx_HAL_Driver/Src/stm32f1xx_ll_usb.o
 .debug_ranges  0x00000000000009a0       0x80 Middlewares/ST/STM32_USB_Device_Library/Class/CDC/Src/usbd_cdc.o
 .debug_ranges  0x0000000000000a20       0xa8 Middlewares/ST/STM32_USB_Device_Library/Core/Src/usbd_core.o
 .debug_ranges  0x0000000000000ac8       0x78 Middlewares/ST/STM32_USB_Device_Library/Core/Src/usbd_ctlreq.o
 .debug_ranges  0x0000000000000b40       0x40 Middlewares/ST/STM32_USB_Device_Library/Core/Src/usbd_ioreq.o
 .debug_ranges  0x0000000000000b80       0x10 USB_DEVICE/App/usb_device.o
 .debug_ranges  0x0000000000000b90       0x50 USB_DEVICE/App/usbd_cdc_if.o
 .debug_ranges  0x0000000000000be0       0x50 USB_DEVICE/App/usbd_desc.o
 .debug_ranges  0x0000000000000c30      0x108 USB_DEVICE/Target/usbd_conf.o

.debug_macro    0x0000000000000000    0x1aedc
 .debug_macro   0x0000000000000000      0x3d2 Core/Src/AP_application.o
 .debug_macro   0x00000000000003d2      0xa9c Core/Src/AP_application.o
 .debug_macro   0x0000000000000e6e      0x21b Core/Src/AP_application.o
 .debug_macro   0x0000000000001089       0x2e Core/Src/AP_application.o
 .debug_macro   0x00000000000010b7       0x22 Core/Src/AP_application.o
 .debug_macro   0x00000000000010d9       0x22 Core/Src/AP_application.o
 .debug_macro   0x00000000000010fb       0x8e Core/Src/AP_application.o
 .debug_macro   0x0000000000001189       0x51 Core/Src/AP_application.o
 .debug_macro   0x00000000000011da      0x103 Core/Src/AP_application.o
 .debug_macro   0x00000000000012dd       0x6a Core/Src/AP_application.o
 .debug_macro   0x0000000000001347      0x1df Core/Src/AP_application.o
 .debug_macro   0x0000000000001526       0x1c Core/Src/AP_application.o
 .debug_macro   0x0000000000001542       0x22 Core/Src/AP_application.o
 .debug_macro   0x0000000000001564       0xc3 Core/Src/AP_application.o
 .debug_macro   0x0000000000001627      0xd23 Core/Src/AP_application.o
 .debug_macro   0x000000000000234a     0xe097 Core/Src/AP_application.o
 .debug_macro   0x00000000000103e1       0x43 Core/Src/AP_application.o
 .debug_macro   0x0000000000010424     0x3468 Core/Src/AP_application.o
 .debug_macro   0x000000000001388c      0x174 Core/Src/AP_application.o
 .debug_macro   0x0000000000013a00       0x5c Core/Src/AP_application.o
 .debug_macro   0x0000000000013a5c      0x5be Core/Src/AP_application.o
 .debug_macro   0x000000000001401a      0x289 Core/Src/AP_application.o
 .debug_macro   0x00000000000142a3      0x1cb Core/Src/AP_application.o
 .debug_macro   0x000000000001446e      0x114 Core/Src/AP_application.o
 .debug_macro   0x0000000000014582      0x1b2 Core/Src/AP_application.o
 .debug_macro   0x0000000000014734       0x27 Core/Src/AP_application.o
 .debug_macro   0x000000000001475b      0x136 Core/Src/AP_application.o
 .debug_macro   0x0000000000014891      0x1bc Core/Src/AP_application.o
 .debug_macro   0x0000000000014a4d       0x34 Core/Src/AP_application.o
 .debug_macro   0x0000000000014a81       0x3c Core/Src/AP_application.o
 .debug_macro   0x0000000000014abd       0x57 Core/Src/AP_application.o
 .debug_macro   0x0000000000014b14       0x88 Core/Src/AP_application.o
 .debug_macro   0x0000000000014b9c      0x241 Core/Src/AP_application.o
 .debug_macro   0x0000000000014ddd      0x287 Core/Src/AP_application.o
 .debug_macro   0x0000000000015064      0x141 Core/Src/AP_application.o
 .debug_macro   0x00000000000151a5       0x65 Core/Src/AP_application.o
 .debug_macro   0x000000000001520a      0x249 Core/Src/AP_application.o
 .debug_macro   0x0000000000015453       0x83 Core/Src/AP_application.o
 .debug_macro   0x00000000000154d6       0x52 Core/Src/AP_application.o
 .debug_macro   0x0000000000015528       0x18 Core/Src/AP_application.o
 .debug_macro   0x0000000000015540       0x3c Core/Src/AP_application.o
 .debug_macro   0x000000000001557c       0x34 Core/Src/AP_application.o
 .debug_macro   0x00000000000155b0       0x16 Core/Src/AP_application.o
 .debug_macro   0x00000000000155c6       0x43 Core/Src/AP_application.o
 .debug_macro   0x0000000000015609       0x34 Core/Src/AP_application.o
 .debug_macro   0x000000000001563d       0x10 Core/Src/AP_application.o
 .debug_macro   0x000000000001564d       0x58 Core/Src/AP_application.o
 .debug_macro   0x00000000000156a5       0x71 Core/Src/AP_application.o
 .debug_macro   0x0000000000015716       0x1c Core/Src/AP_application.o
 .debug_macro   0x0000000000015732      0x12a Core/Src/AP_application.o
 .debug_macro   0x000000000001585c      0x333 Core/Src/AP_application.o
 .debug_macro   0x0000000000015b8f       0x10 Core/Src/AP_application.o
 .debug_macro   0x0000000000015b9f       0x35 Core/Src/AP_application.o
 .debug_macro   0x0000000000015bd4       0x20 Core/Src/AP_application.o
 .debug_macro   0x0000000000015bf4       0x16 Core/Src/AP_application.o
 .debug_macro   0x0000000000015c0a       0x16 Core/Src/AP_application.o
 .debug_macro   0x0000000000015c20       0x29 Core/Src/AP_application.o
 .debug_macro   0x0000000000015c49       0x1c Core/Src/AP_application.o
 .debug_macro   0x0000000000015c65       0x10 Core/Src/AP_application.o
 .debug_macro   0x0000000000015c75       0x10 Core/Src/AP_application.o
 .debug_macro   0x0000000000015c85       0x1c Core/Src/AP_application.o
 .debug_macro   0x0000000000015ca1       0x52 Core/Src/AP_application.o
 .debug_macro   0x0000000000015cf3       0x22 Core/Src/AP_application.o
 .debug_macro   0x0000000000015d15       0x10 Core/Src/AP_application.o
 .debug_macro   0x0000000000015d25       0x40 Core/Src/AP_application.o
 .debug_macro   0x0000000000015d65       0xd5 Core/Src/AP_application.o
 .debug_macro   0x0000000000015e3a       0x1c Core/Src/AP_application.o
 .debug_macro   0x0000000000015e56       0x3d Core/Src/AP_application.o
 .debug_macro   0x0000000000015e93       0x16 Core/Src/AP_application.o
 .debug_macro   0x0000000000015ea9      0x145 Core/Src/AP_application.o
 .debug_macro   0x0000000000015fee       0x30 Core/Src/AP_application.o
 .debug_macro   0x000000000001601e      0x384 Core/Src/DR_eeprom.o
 .debug_macro   0x00000000000163a2      0x384 Core/Src/PR_eeprom.o
 .debug_macro   0x0000000000016726      0x3e2 Core/Src/PR_serial.o
 .debug_macro   0x0000000000016b08       0x66 Core/Src/PR_serial.o
 .debug_macro   0x0000000000016b6e      0x1c8 Core/Src/PR_serial.o
 .debug_macro   0x0000000000016d36       0x8f Core/Src/PR_serial.o
 .debug_macro   0x0000000000016dc5       0x16 Core/Src/PR_serial.o
 .debug_macro   0x0000000000016ddb      0x3a6 Core/Src/main.o
 .debug_macro   0x0000000000017181      0x384 Core/Src/stm32f1xx_hal_msp.o
 .debug_macro   0x0000000000017505      0x38e Core/Src/stm32f1xx_it.o
 .debug_macro   0x0000000000017893      0x1b2 Core/Src/system_stm32f1xx.o
 .debug_macro   0x0000000000017a45      0x1d6 Drivers/STM32F1xx_HAL_Driver/Src/stm32f1xx_hal.o
 .debug_macro   0x0000000000017c1b      0x1b2 Drivers/STM32F1xx_HAL_Driver/Src/stm32f1xx_hal_cortex.o
 .debug_macro   0x0000000000017dcd      0x21d Drivers/STM32F1xx_HAL_Driver/Src/stm32f1xx_hal_gpio.o
 .debug_macro   0x0000000000017fea      0x1f9 Drivers/STM32F1xx_HAL_Driver/Src/stm32f1xx_hal_i2c.o
 .debug_macro   0x00000000000181e3      0x1be Drivers/STM32F1xx_HAL_Driver/Src/stm32f1xx_hal_pcd.o
 .debug_macro   0x00000000000183a1      0x1b2 Drivers/STM32F1xx_HAL_Driver/Src/stm32f1xx_hal_pcd_ex.o
 .debug_macro   0x0000000000018553      0x1c4 Drivers/STM32F1xx_HAL_Driver/Src/stm32f1xx_hal_rcc.o
 .debug_macro   0x0000000000018717      0x1b2 Drivers/STM32F1xx_HAL_Driver/Src/stm32f1xx_hal_rcc_ex.o
 .debug_macro   0x00000000000188c9      0x1b2 Drivers/STM32F1xx_HAL_Driver/Src/stm32f1xx_ll_usb.o
 .debug_macro   0x0000000000018a7b      0x3d7 Middlewares/ST/STM32_USB_Device_Library/Class/CDC/Src/usbd_cdc.o
 .debug_macro   0x0000000000018e52       0x16 Middlewares/ST/STM32_USB_Device_Library/Class/CDC/Src/usbd_cdc.o
 .debug_macro   0x0000000000018e68       0x97 Middlewares/ST/STM32_USB_Device_Library/Class/CDC/Src/usbd_cdc.o
 .debug_macro   0x0000000000018eff       0xfd Middlewares/ST/STM32_USB_Device_Library/Class/CDC/Src/usbd_cdc.o
 .debug_macro   0x0000000000018ffc       0x16 Middlewares/ST/STM32_USB_Device_Library/Class/CDC/Src/usbd_cdc.o
 .debug_macro   0x0000000000019012       0xbd Middlewares/ST/STM32_USB_Device_Library/Class/CDC/Src/usbd_cdc.o
 .debug_macro   0x00000000000190cf       0x56 Middlewares/ST/STM32_USB_Device_Library/Class/CDC/Src/usbd_cdc.o
 .debug_macro   0x0000000000019125       0x60 Middlewares/ST/STM32_USB_Device_Library/Class/CDC/Src/usbd_cdc.o
 .debug_macro   0x0000000000019185      0x3be Middlewares/ST/STM32_USB_Device_Library/Core/Src/usbd_core.o
 .debug_macro   0x0000000000019543      0x1ce Middlewares/ST/STM32_USB_Device_Library/Core/Src/usbd_core.o
 .debug_macro   0x0000000000019711      0x3c8 Middlewares/ST/STM32_USB_Device_Library/Core/Src/usbd_ctlreq.o
 .debug_macro   0x0000000000019ad9      0x3c4 Middlewares/ST/STM32_USB_Device_Library/Core/Src/usbd_ioreq.o
 .debug_macro   0x0000000000019e9d      0x3f7 USB_DEVICE/App/usb_device.o
 .debug_macro   0x000000000001a294       0x36 USB_DEVICE/App/usb_device.o
 .debug_macro   0x000000000001a2ca       0x22 USB_DEVICE/App/usb_device.o
 .debug_macro   0x000000000001a2ec       0x1c USB_DEVICE/App/usb_device.o
 .debug_macro   0x000000000001a308      0x3e2 USB_DEVICE/App/usbd_cdc_if.o
 .debug_macro   0x000000000001a6ea      0x3fb USB_DEVICE/App/usbd_desc.o
 .debug_macro   0x000000000001aae5       0x1c USB_DEVICE/App/usbd_desc.o
 .debug_macro   0x000000000001ab01      0x3db USB_DEVICE/Target/usbd_conf.o

.debug_line     0x0000000000000000    0x1456b
 .debug_line    0x0000000000000000      0xb0d Core/Src/AP_application.o
 .debug_line    0x0000000000000b0d      0xbb7 Core/Src/DR_eeprom.o
 .debug_line    0x00000000000016c4      0x8cd Core/Src/PR_eeprom.o
 .debug_line    0x0000000000001f91      0xa80 Core/Src/PR_serial.o
 .debug_line    0x0000000000002a11      0xa12 Core/Src/main.o
 .debug_line    0x0000000000003423      0x8e7 Core/Src/stm32f1xx_hal_msp.o
 .debug_line    0x0000000000003d0a      0x98e Core/Src/stm32f1xx_it.o
 .debug_line    0x0000000000004698      0x6ec Core/Src/system_stm32f1xx.o
 .debug_line    0x0000000000004d84       0x84 Core/Startup/startup_stm32f103c8tx.o
 .debug_line    0x0000000000004e08      0x919 Drivers/STM32F1xx_HAL_Driver/Src/stm32f1xx_hal.o
 .debug_line    0x0000000000005721      0xb01 Drivers/STM32F1xx_HAL_Driver/Src/stm32f1xx_hal_cortex.o
 .debug_line    0x0000000000006222      0x9b0 Drivers/STM32F1xx_HAL_Driver/Src/stm32f1xx_hal_gpio.o
 .debug_line    0x0000000000006bd2     0x391b Drivers/STM32F1xx_HAL_Driver/Src/stm32f1xx_hal_i2c.o
 .debug_line    0x000000000000a4ed     0x1298 Drivers/STM32F1xx_HAL_Driver/Src/stm32f1xx_hal_pcd.o
 .debug_line    0x000000000000b785      0x6e7 Drivers/STM32F1xx_HAL_Driver/Src/stm32f1xx_hal_pcd_ex.o
 .debug_line    0x000000000000be6c      0xd27 Drivers/STM32F1xx_HAL_Driver/Src/stm32f1xx_hal_rcc.o
 .debug_line    0x000000000000cb93      0x865 Drivers/STM32F1xx_HAL_Driver/Src/stm32f1xx_hal_rcc_ex.o
 .debug_line    0x000000000000d3f8      0xf6e Drivers/STM32F1xx_HAL_Driver/Src/stm32f1xx_ll_usb.o
 .debug_line    0x000000000000e366      0xcf2 Middlewares/ST/STM32_USB_Device_Library/Class/CDC/Src/usbd_cdc.o
 .debug_line    0x000000000000f058      0xd72 Middlewares/ST/STM32_USB_Device_Library/Core/Src/usbd_core.o
 .debug_line    0x000000000000fdca      0xf91 Middlewares/ST/STM32_USB_Device_Library/Core/Src/usbd_ctlreq.o
 .debug_line    0x0000000000010d5b      0xa08 Middlewares/ST/STM32_USB_Device_Library/Core/Src/usbd_ioreq.o
 .debug_line    0x0000000000011763      0x9da USB_DEVICE/App/usb_device.o
 .debug_line    0x000000000001213d      0xbed USB_DEVICE/App/usbd_cdc_if.o
 .debug_line    0x0000000000012d2a      0xa91 USB_DEVICE/App/usbd_desc.o
 .debug_line    0x00000000000137bb      0xdb0 USB_DEVICE/Target/usbd_conf.o

.debug_str      0x0000000000000000    0x876e3
 .debug_str     0x0000000000000000    0x82fea Core/Src/AP_application.o
                                      0x83460 (size before relaxing)
 .debug_str     0x0000000000082fea      0x195 Core/Src/DR_eeprom.o
                                      0x83306 (size before relaxing)
 .debug_str     0x000000000008317f       0x2e Core/Src/PR_eeprom.o
                                      0x8316c (size before relaxing)
 .debug_str     0x00000000000831ad     0x10d8 Core/Src/PR_serial.o
                                      0x8431e (size before relaxing)
 .debug_str     0x0000000000084285      0x262 Core/Src/main.o
                                      0x83d83 (size before relaxing)
 .debug_str     0x00000000000844e7       0x81 Core/Src/stm32f1xx_hal_msp.o
                                      0x8323c (size before relaxing)
 .debug_str     0x0000000000084568      0x39e Core/Src/stm32f1xx_it.o
                                      0x83530 (size before relaxing)
 .debug_str     0x0000000000084906       0x52 Core/Src/system_stm32f1xx.o
                                      0x7e9d7 (size before relaxing)
 .debug_str     0x0000000000084958       0x36 Core/Startup/startup_stm32f103c8tx.o
                                         0x84 (size before relaxing)
 .debug_str     0x000000000008498e      0x54c Drivers/STM32F1xx_HAL_Driver/Src/stm32f1xx_hal.o
                                      0x7f068 (size before relaxing)
 .debug_str     0x0000000000084eda      0x2d8 Drivers/STM32F1xx_HAL_Driver/Src/stm32f1xx_hal_cortex.o
                                      0x7f070 (size before relaxing)
 .debug_str     0x00000000000851b2      0x324 Drivers/STM32F1xx_HAL_Driver/Src/stm32f1xx_hal_gpio.o
                                      0x7ed9b (size before relaxing)
 .debug_str     0x00000000000854d6      0xb2f Drivers/STM32F1xx_HAL_Driver/Src/stm32f1xx_hal_i2c.o
                                      0x7fa13 (size before relaxing)
 .debug_str     0x0000000000086005      0x3e5 Drivers/STM32F1xx_HAL_Driver/Src/stm32f1xx_hal_pcd.o
                                      0x7f12a (size before relaxing)
 .debug_str     0x00000000000863ea      0x18d Drivers/STM32F1xx_HAL_Driver/Src/stm32f1xx_hal_pcd_ex.o
                                      0x7ee77 (size before relaxing)
 .debug_str     0x0000000000086577      0x244 Drivers/STM32F1xx_HAL_Driver/Src/stm32f1xx_hal_rcc.o
                                      0x7edd4 (size before relaxing)
 .debug_str     0x00000000000867bb       0xb9 Drivers/STM32F1xx_HAL_Driver/Src/stm32f1xx_hal_rcc_ex.o
                                      0x7eb61 (size before relaxing)
 .debug_str     0x0000000000086874      0x2ad Drivers/STM32F1xx_HAL_Driver/Src/stm32f1xx_ll_usb.o
                                      0x7eeaa (size before relaxing)
 .debug_str     0x0000000000086b21      0x277 Middlewares/ST/STM32_USB_Device_Library/Class/CDC/Src/usbd_cdc.o
                                      0x84741 (size before relaxing)
 .debug_str     0x0000000000086d98      0x1b5 Middlewares/ST/STM32_USB_Device_Library/Core/Src/usbd_core.o
                                      0x84082 (size before relaxing)
 .debug_str     0x0000000000086f4d      0x134 Middlewares/ST/STM32_USB_Device_Library/Core/Src/usbd_ctlreq.o
                                      0x84008 (size before relaxing)
 .debug_str     0x0000000000087081       0xc9 Middlewares/ST/STM32_USB_Device_Library/Core/Src/usbd_ioreq.o
                                      0x83f90 (size before relaxing)
 .debug_str     0x000000000008714a       0xc2 USB_DEVICE/App/usb_device.o
                                      0x8436c (size before relaxing)
 .debug_str     0x000000000008720c      0x12b USB_DEVICE/App/usbd_cdc_if.o
                                      0x84428 (size before relaxing)
 .debug_str     0x0000000000087337      0x258 USB_DEVICE/App/usbd_desc.o
                                      0x83f00 (size before relaxing)
 .debug_str     0x000000000008758f      0x154 USB_DEVICE/Target/usbd_conf.o
                                      0x84b67 (size before relaxing)

.comment        0x0000000000000000       0x53
 .comment       0x0000000000000000       0x53 Core/Src/AP_application.o
                                         0x54 (size before relaxing)
 .comment       0x0000000000000053       0x54 Core/Src/DR_eeprom.o
 .comment       0x0000000000000053       0x54 Core/Src/PR_eeprom.o
 .comment       0x0000000000000053       0x54 Core/Src/PR_serial.o
 .comment       0x0000000000000053       0x54 Core/Src/main.o
 .comment       0x0000000000000053       0x54 Core/Src/stm32f1xx_hal_msp.o
 .comment       0x0000000000000053       0x54 Core/Src/stm32f1xx_it.o
 .comment       0x0000000000000053       0x54 Core/Src/system_stm32f1xx.o
 .comment       0x0000000000000053       0x54 Drivers/STM32F1xx_HAL_Driver/Src/stm32f1xx_hal.o
 .comment       0x0000000000000053       0x54 Drivers/STM32F1xx_HAL_Driver/Src/stm32f1xx_hal_cortex.o
 .comment       0x0000000000000053       0x54 Drivers/STM32F1xx_HAL_Driver/Src/stm32f1xx_hal_gpio.o
 .comment       0x0000000000000053       0x54 Drivers/STM32F1xx_HAL_Driver/Src/stm32f1xx_hal_i2c.o
 .comment       0x0000000000000053       0x54 Drivers/STM32F1xx_HAL_Driver/Src/stm32f1xx_hal_pcd.o
 .comment       0x0000000000000053       0x54 Drivers/STM32F1xx_HAL_Driver/Src/stm32f1xx_hal_pcd_ex.o
 .comment       0x0000000000000053       0x54 Drivers/STM32F1xx_HAL_Driver/Src/stm32f1xx_hal_rcc.o
 .comment       0x0000000000000053       0x54 Drivers/STM32F1xx_HAL_Driver/Src/stm32f1xx_hal_rcc_ex.o
 .comment       0x0000000000000053       0x54 Drivers/STM32F1xx_HAL_Driver/Src/stm32f1xx_ll_usb.o
 .comment       0x0000000000000053       0x54 Middlewares/ST/STM32_USB_Device_Library/Class/CDC/Src/usbd_cdc.o
 .comment       0x0000000000000053       0x54 Middlewares/ST/STM32_USB_Device_Library/Core/Src/usbd_core.o
 .comment       0x0000000000000053       0x54 Middlewares/ST/STM32_USB_Device_Library/Core/Src/usbd_ctlreq.o
 .comment       0x0000000000000053       0x54 Middlewares/ST/STM32_USB_Device_Library/Core/Src/usbd_ioreq.o
 .comment       0x0000000000000053       0x54 USB_DEVICE/App/usb_device.o
 .comment       0x0000000000000053       0x54 USB_DEVICE/App/usbd_cdc_if.o
 .comment       0x0000000000000053       0x54 USB_DEVICE/App/usbd_desc.o
 .comment       0x0000000000000053       0x54 USB_DEVICE/Target/usbd_conf.o

.debug_frame    0x0000000000000000     0x39f4
 .debug_frame   0x0000000000000000      0x1bc Core/Src/AP_application.o
 .debug_frame   0x00000000000001bc      0x1e0 Core/Src/DR_eeprom.o
 .debug_frame   0x000000000000039c       0x58 Core/Src/PR_eeprom.o
 .debug_frame   0x00000000000003f4       0xc4 Core/Src/PR_serial.o
 .debug_frame   0x00000000000004b8       0xa8 Core/Src/main.o
 .debug_frame   0x0000000000000560       0x80 Core/Src/stm32f1xx_hal_msp.o
 .debug_frame   0x00000000000005e0      0x13c Core/Src/stm32f1xx_it.o
 .debug_frame   0x000000000000071c       0x58 Core/Src/system_stm32f1xx.o
 .debug_frame   0x0000000000000774      0x334 Drivers/STM32F1xx_HAL_Driver/Src/stm32f1xx_hal.o
 .debug_frame   0x0000000000000aa8      0x428 Drivers/STM32F1xx_HAL_Driver/Src/stm32f1xx_hal_cortex.o
 .debug_frame   0x0000000000000ed0      0x14c Drivers/STM32F1xx_HAL_Driver/Src/stm32f1xx_hal_gpio.o
 .debug_frame   0x000000000000101c      0xc54 Drivers/STM32F1xx_HAL_Driver/Src/stm32f1xx_hal_i2c.o
 .debug_frame   0x0000000000001c70      0x578 Drivers/STM32F1xx_HAL_Driver/Src/stm32f1xx_hal_pcd.o
 .debug_frame   0x00000000000021e8       0xb0 Drivers/STM32F1xx_HAL_Driver/Src/stm32f1xx_hal_pcd_ex.o
 .debug_frame   0x0000000000002298      0x21c Drivers/STM32F1xx_HAL_Driver/Src/stm32f1xx_hal_rcc.o
 .debug_frame   0x00000000000024b4       0x84 Drivers/STM32F1xx_HAL_Driver/Src/stm32f1xx_hal_rcc_ex.o
 .debug_frame   0x0000000000002538      0x450 Drivers/STM32F1xx_HAL_Driver/Src/stm32f1xx_ll_usb.o
 .debug_frame   0x0000000000002988      0x248 Middlewares/ST/STM32_USB_Device_Library/Class/CDC/Src/usbd_cdc.o
 .debug_frame   0x0000000000002bd0      0x300 Middlewares/ST/STM32_USB_Device_Library/Core/Src/usbd_core.o
 .debug_frame   0x0000000000002ed0      0x218 Middlewares/ST/STM32_USB_Device_Library/Core/Src/usbd_ctlreq.o
 .debug_frame   0x00000000000030e8      0x10c Middlewares/ST/STM32_USB_Device_Library/Core/Src/usbd_ioreq.o
 .debug_frame   0x00000000000031f4       0x34 USB_DEVICE/App/usb_device.o
 .debug_frame   0x0000000000003228      0x150 USB_DEVICE/App/usbd_cdc_if.o
 .debug_frame   0x0000000000003378      0x160 USB_DEVICE/App/usbd_desc.o
 .debug_frame   0x00000000000034d8      0x4a4 USB_DEVICE/Target/usbd_conf.o
 .debug_frame   0x000000000000397c       0x2c /opt/st/stm32cubeide_1.6.1/plugins/com.st.stm32cube.ide.mcu.externaltools.gnu-tools-for-stm32.9-2020-q2-update.linux64_1.5.0.202011040924/tools/bin/../lib/gcc/arm-none-eabi/9.3.1/../../../../arm-none-eabi/lib/thumb/v7-m/nofp/libc_nano.a(lib_a-init.o)
 .debug_frame   0x00000000000039a8       0x2c /opt/st/stm32cubeide_1.6.1/plugins/com.st.stm32cube.ide.mcu.externaltools.gnu-tools-for-stm32.9-2020-q2-update.linux64_1.5.0.202011040924/tools/bin/../lib/gcc/arm-none-eabi/9.3.1/../../../../arm-none-eabi/lib/thumb/v7-m/nofp/libc_nano.a(lib_a-memcmp.o)