AP_application.c:66:5:sendCommandStart	8	static
AP_application.c:69:5:sendCommandEnd	8	static
AP_application.c:73:5:sendCommand	16	static
AP_application.c:77:5:sendPackage	16	static
AP_application.c:91:5:sendErr	16	static
AP_application.c:95:5:sendOK	8	static
AP_application.c:99:19:receivePackage	24	static
AP_application.c:131:5:cmdHasData	16	static
AP_application.c:151:5:check_start	16	static
AP_application.c:155:5:check_end	16	static
AP_application.c:159:5:sendMemory	8	static
AP_application.c:164:5:receiveMemory	8	static
AP_application.c:173:6:uart_fsm	16	static
