DR_eeprom.c:23:5:MEMX24645_write_page	48	static
DR_eeprom.c:35:5:MEMX24645_write	32	static
DR_eeprom.c:50:5:MEMX24645_write_reg	48	static
DR_eeprom.c:62:5:MEMX24645_read_reg	48	static
DR_eeprom.c:74:5:MEMX24645_read_page	48	static
DR_eeprom.c:86:5:MEMX24645_read	32	static
DR_eeprom.c:155:5:MEM24LC16_write_page	48	static
DR_eeprom.c:168:5:MEM24LC16_write	32	static
DR_eeprom.c:183:5:MEM24LC16_read_page	48	static
DR_eeprom.c:195:5:MEM24LC16_read	32	static
DR_eeprom.c:210:6:MEMX24645_enableWriteAccess	8	static
DR_eeprom.c:218:10:getMemSize	32	static
DR_eeprom.c:229:6:EEPROM_Init	16	static
