../Core/Src/DR_eeprom.c:30:17:getDevAddress	24	static
../Core/Src/DR_eeprom.c:51:5:EEPROM_write_reg	48	static
../Core/Src/DR_eeprom.c:68:5:EEPROM_write_page	48	static
../Core/Src/DR_eeprom.c:87:5:EEPROM_write	40	static
../Core/Src/DR_eeprom.c:107:12:read_aux	48	static
../Core/Src/DR_eeprom.c:119:5:EEPROM_read_page	48	static
../Core/Src/DR_eeprom.c:131:5:EEPROM_read	56	static
../Core/Src/DR_eeprom.c:143:5:EEPROM_read_reg	48	static
../Core/Src/DR_eeprom.c:157:6:MEMX24645_enableWriteAccess	8	static
../Core/Src/DR_eeprom.c:164:10:getMemSize	16	static
../Core/Src/DR_eeprom.c:172:12:query_devices	16	static
../Core/Src/DR_eeprom.c:190:6:EEPROM_Init	8	static
