usbd_conf.c:70:6:HAL_PCD_MspInit	16	static
usbd_conf.c:91:6:HAL_PCD_MspDeInit	8	static
usbd_conf.c:120:6:HAL_PCD_SetupStageCallback	0	static
usbd_conf.c:135:6:HAL_PCD_DataOutStageCallback	0	static
usbd_conf.c:150:6:HAL_PCD_DataInStageCallback	0	static
usbd_conf.c:164:6:HAL_PCD_SOFCallback	0	static
usbd_conf.c:178:6:HAL_PCD_ResetCallback	8	static
usbd_conf.c:203:6:HAL_PCD_SuspendCallback	8	static
usbd_conf.c:227:6:HAL_PCD_ResumeCallback	0	static
usbd_conf.c:245:6:HAL_PCD_ISOOUTIncompleteCallback	0	static
usbd_conf.c:260:6:HAL_PCD_ISOINIncompleteCallback	0	static
usbd_conf.c:274:6:HAL_PCD_ConnectCallback	0	static
usbd_conf.c:288:6:HAL_PCD_DisconnectCallback	0	static
usbd_conf.c:303:20:USBD_LL_Init	8	static
usbd_conf.c:353:20:USBD_LL_DeInit	8	static
usbd_conf.c:370:20:USBD_LL_Start	8	static
usbd_conf.c:387:20:USBD_LL_Stop	8	static
usbd_conf.c:407:20:USBD_LL_OpenEP	8	static
usbd_conf.c:425:20:USBD_LL_CloseEP	8	static
usbd_conf.c:443:20:USBD_LL_FlushEP	8	static
usbd_conf.c:461:20:USBD_LL_StallEP	8	static
usbd_conf.c:479:20:USBD_LL_ClearStallEP	8	static
usbd_conf.c:497:9:USBD_LL_IsStallEP	0	static
usbd_conf.c:517:20:USBD_LL_SetUSBAddress	8	static
usbd_conf.c:537:20:USBD_LL_Transmit	8	static
usbd_conf.c:557:20:USBD_LL_PrepareReceive	8	static
usbd_conf.c:575:10:USBD_LL_GetRxDataSize	0	static
usbd_conf.c:585:6:USBD_LL_Delay	0	static
usbd_conf.c:595:7:USBD_static_malloc	0	static
usbd_conf.c:606:6:USBD_static_free	0	static
usbd_conf.c:620:6:HAL_PCDEx_SetConnectionState	0	static
